2026-09-23 09:34:39 INFO  o.h.v.i.u.Version --- HV000001: Hibernate Validator 9.1.3.Final
2026-09-23 09:34:39 INFO  c.t.f.c.QueryTest --- Starting QueryTest using Java 21.0.12.1 with PID 16286 (started by abdul-rahman in /home/abdul-rahman/Project/finsight)
2026-09-23 09:34:39 DEBUG c.t.f.c.QueryTest --- Running with Spring Boot v4.1.1, Spring v7.0.9
2026-09-23 09:34:39 INFO  c.t.f.c.QueryTest --- No active profile set, falling back to 1 default profile: "default"
2026-09-23 09:34:40 INFO  o.s.d.r.c.RepositoryConfigurationDelegate --- Bootstrapping Spring Data JPA repositories in DEFAULT mode.
2026-09-23 09:34:40 INFO  o.s.d.r.c.RepositoryConfigurationDelegate --- Finished Spring Data repository scanning in 39 ms. Found 5 JPA repository interfaces.
2026-09-23 09:34:40 INFO  o.h.o.jpa --- HHH008540: Processing PersistenceUnitInfo [name: default]
2026-09-23 09:34:40 INFO  o.h.o.core --- HHH000001: Hibernate ORM core version 7.4.5.Final
2026-09-23 09:34:40 INFO  o.s.o.j.p.SpringPersistenceUnitInfo --- No LoadTimeWeaver setup: ignoring JPA class transformer
2026-09-23 09:34:40 INFO  c.z.h.HikariDataSource --- HikariPool-1 - Starting...
2026-09-23 09:34:41 INFO  c.z.h.p.HikariPool --- HikariPool-1 - Added connection org.postgresql.jdbc.PgConnection@66e218d8
2026-09-23 09:34:41 INFO  c.z.h.HikariDataSource --- HikariPool-1 - Start completed.
2026-09-23 09:34:41 INFO  o.h.o.c.pooling --- HHH10001005: Database info:
	Database JDBC URL [jdbc:postgresql://localhost:5432/finsight]
	Database driver: PostgreSQL JDBC Driver
	Database dialect: PostgreSQLDialect
	Database version: 18.6
	Default catalog/schema: finsight/public
	Autocommit mode: undefined/unknown
	Isolation level: READ_COMMITTED [default READ_COMMITTED]
	JDBC fetch size: none
	Pool: DataSourceConnectionProvider
	Minimum pool size: undefined/unknown
	Maximum pool size: undefined/unknown
2026-09-23 09:34:42 INFO  o.h.o.core --- HHH000489: No JTA platform available (set 'hibernate.transaction.jta.platform' to enable JTA platform integration)
2026-09-23 09:34:42 INFO  o.s.o.j.LocalContainerEntityManagerFactoryBean --- Initialized JPA EntityManagerFactory for persistence unit 'default'
2026-09-23 09:34:42 INFO  o.s.d.j.r.q.QueryEnhancerFactories --- Hibernate is in classpath; If applicable, HQL parser will be used.
2026-09-23 09:34:42 WARN  o.s.b.j.a.JpaBaseConfiguration$JpaWebConfiguration --- spring.jpa.open-in-view is enabled by default. Therefore, database queries may be performed during view rendering. Explicitly configure spring.jpa.open-in-view to disable this warning
2026-09-23 09:34:42 INFO  o.s.s.c.a.a.c.InitializeUserDetailsBeanManagerConfigurer$InitializeUserDetailsManagerConfigurer --- Global AuthenticationManager configured with UserDetailsService bean with name userService
2026-09-23 09:34:43 INFO  c.t.f.c.QueryTest --- Started QueryTest in 4.287 seconds (process running for 5.418)
2026-09-23 09:34:44 INFO  o.s.o.j.LocalContainerEntityManagerFactoryBean --- Closing JPA EntityManagerFactory for persistence unit 'default'
2026-09-23 09:34:44 INFO  c.z.h.HikariDataSource --- HikariPool-1 - Shutdown initiated...
2026-09-23 09:34:44 INFO  c.z.h.HikariDataSource --- HikariPool-1 - Shutdown completed.
