2026-09-22 17:47:51 INFO  o.h.v.i.u.Version --- HV000001: Hibernate Validator 9.1.3.Final
2026-09-22 17:47:51 INFO  c.t.f.FinsightApplication --- Starting FinsightApplication using Java 21.0.12.1 with PID 15323 (/home/abdul-rahman/Project/finsight/target/classes started by abdul-rahman in /home/abdul-rahman/Project/finsight)
2026-09-22 17:47:51 DEBUG c.t.f.FinsightApplication --- Running with Spring Boot v4.1.1, Spring v7.0.9
2026-09-22 17:47:51 INFO  c.t.f.FinsightApplication --- No active profile set, falling back to 1 default profile: "default"
2026-09-22 17:47:51 INFO  o.s.b.d.e.DevToolsPropertyDefaultsPostProcessor --- Devtools property defaults active! Set 'spring.devtools.add-properties' to 'false' to disable
2026-09-22 17:47:51 INFO  o.s.b.d.e.DevToolsPropertyDefaultsPostProcessor --- For additional web related logging consider setting the 'logging.level.web' property to 'DEBUG'
2026-09-22 17:47:52 INFO  o.s.d.r.c.RepositoryConfigurationDelegate --- Bootstrapping Spring Data JPA repositories in DEFAULT mode.
2026-09-22 17:47:52 INFO  o.s.d.r.c.RepositoryConfigurationDelegate --- Finished Spring Data repository scanning in 49 ms. Found 5 JPA repository interfaces.
2026-09-22 17:47:52 INFO  o.s.b.t.TomcatWebServer --- Tomcat initialized with port 8080 (http)
2026-09-22 17:47:52 INFO  o.a.c.h.Http11NioProtocol --- Initializing ProtocolHandler ["http-nio-8080"]
2026-09-22 17:47:52 INFO  o.a.c.c.StandardService --- Starting service [Tomcat]
2026-09-22 17:47:52 INFO  o.a.c.c.StandardEngine --- Starting Servlet engine: [Apache Tomcat/11.0.24]
2026-09-22 17:47:52 INFO  o.s.b.w.c.s.WebApplicationContextInitializer --- Root WebApplicationContext: initialization completed in 1278 ms
2026-09-22 17:47:52 INFO  o.h.o.jpa --- HHH008540: Processing PersistenceUnitInfo [name: default]
2026-09-22 17:47:52 INFO  o.h.o.core --- HHH000001: Hibernate ORM core version 7.4.5.Final
2026-09-22 17:47:53 INFO  o.s.o.j.p.SpringPersistenceUnitInfo --- No LoadTimeWeaver setup: ignoring JPA class transformer
2026-09-22 17:47:53 INFO  c.z.h.HikariDataSource --- HikariPool-1 - Starting...
2026-09-22 17:47:53 INFO  c.z.h.p.HikariPool --- HikariPool-1 - Added connection org.postgresql.jdbc.PgConnection@3dc2ce38
2026-09-22 17:47:53 INFO  c.z.h.HikariDataSource --- HikariPool-1 - Start completed.
2026-09-22 17:47:53 INFO  o.h.o.c.pooling --- HHH10001005: Database info:
	Database JDBC URL [jdbc:postgresql://localhost:5432/finsight]
	Database driver: PostgreSQL JDBC Driver
	Database dialect: PostgreSQLDialect
	Database version: 18.6
	Default catalog/schema: finsight/public
	Autocommit mode: undefined/unknown
	Isolation level: READ_COMMITTED [default READ_COMMITTED]
	JDBC fetch size: none
	Pool: DataSourceConnectionProvider
	Minimum pool size: undefined/unknown
	Maximum pool size: undefined/unknown
2026-09-22 17:47:54 INFO  o.h.o.core --- HHH000489: No JTA platform available (set 'hibernate.transaction.jta.platform' to enable JTA platform integration)
2026-09-22 17:47:54 INFO  o.s.o.j.LocalContainerEntityManagerFactoryBean --- Initialized JPA EntityManagerFactory for persistence unit 'default'
2026-09-22 17:47:54 INFO  o.s.d.j.r.q.QueryEnhancerFactories --- Hibernate is in classpath; If applicable, HQL parser will be used.
2026-09-22 17:47:54 WARN  o.s.b.j.a.JpaBaseConfiguration$JpaWebConfiguration --- spring.jpa.open-in-view is enabled by default. Therefore, database queries may be performed during view rendering. Explicitly configure spring.jpa.open-in-view to disable this warning
2026-09-22 17:47:54 DEBUG c.t.f.s.f.JwtAuthFilter --- Filter 'jwtAuthFilter' configured for use
2026-09-22 17:47:55 INFO  o.s.s.c.a.a.c.InitializeUserDetailsBeanManagerConfigurer$InitializeUserDetailsManagerConfigurer --- Global AuthenticationManager configured with UserDetailsService bean with name userService
2026-09-22 17:47:55 WARN  o.s.b.w.s.s.c.AnnotationConfigServletWebServerApplicationContext --- Exception encountered during context initialization - cancelling refresh attempt: org.springframework.beans.factory.UnsatisfiedDependencyException: Error creating bean with name 'transactionController' defined in file [/home/abdul-rahman/Project/finsight/target/classes/com/technerd/finsight/transaction/TransactionController.class]: Unsatisfied dependency expressed through constructor parameter 0: Error creating bean with name 'transactionService' defined in file [/home/abdul-rahman/Project/finsight/target/classes/com/technerd/finsight/transaction/TransactionService.class]: Unsatisfied dependency expressed through constructor parameter 0: Error creating bean with name 'transactionRepository' defined in com.technerd.finsight.transaction.TransactionRepository defined in @EnableJpaRepositories declared on DataJpaRepositoriesRegistrar.EnableJpaRepositoriesConfiguration: Method 'public abstract com.technerd.finsight.transaction.Transaction com.technerd.finsight.transaction.TransactionRepository.findAllByUserId(org.springframework.data.domain.Pageable,java.lang.Long)' has to have one of the following return types: [interface org.springframework.data.domain.Slice, interface org.springframework.data.domain.Page, interface org.springframework.data.domain.Window, interface org.springframework.data.util.Streamable, class org.springframework.data.domain.SearchResults, interface java.util.List]
2026-09-22 17:47:55 INFO  o.s.o.j.LocalContainerEntityManagerFactoryBean --- Closing JPA EntityManagerFactory for persistence unit 'default'
2026-09-22 17:47:55 INFO  c.z.h.HikariDataSource --- HikariPool-1 - Shutdown initiated...
2026-09-22 17:47:55 INFO  c.z.h.HikariDataSource --- HikariPool-1 - Shutdown completed.
2026-09-22 17:47:55 INFO  o.a.c.c.StandardService --- Stopping service [Tomcat]
2026-09-22 17:47:55 INFO  o.s.b.a.l.ConditionEvaluationReportLogger --- 

Error starting ApplicationContext. To display the condition evaluation report re-run your application with 'debug' enabled.
2026-09-22 17:47:55 ERROR o.s.b.SpringApplication --- Application run failed
org.springframework.beans.factory.UnsatisfiedDependencyException: Error creating bean with name 'transactionController' defined in file [/home/abdul-rahman/Project/finsight/target/classes/com/technerd/finsight/transaction/TransactionController.class]: Unsatisfied dependency expressed through constructor parameter 0: Error creating bean with name 'transactionService' defined in file [/home/abdul-rahman/Project/finsight/target/classes/com/technerd/finsight/transaction/TransactionService.class]: Unsatisfied dependency expressed through constructor parameter 0: Error creating bean with name 'transactionRepository' defined in com.technerd.finsight.transaction.TransactionRepository defined in @EnableJpaRepositories declared on DataJpaRepositoriesRegistrar.EnableJpaRepositoriesConfiguration: Method 'public abstract com.technerd.finsight.transaction.Transaction com.technerd.finsight.transaction.TransactionRepository.findAllByUserId(org.springframework.data.domain.Pageable,java.lang.Long)' has to have one of the following return types: [interface org.springframework.data.domain.Slice, interface org.springframework.data.domain.Page, interface org.springframework.data.domain.Window, interface org.springframework.data.util.Streamable, class org.springframework.data.domain.SearchResults, interface java.util.List]
	at org.springframework.beans.factory.support.ConstructorResolver.createArgumentArray(ConstructorResolver.java:804)
	at org.springframework.beans.factory.support.ConstructorResolver.autowireConstructor(ConstructorResolver.java:240)
	at org.springframework.beans.factory.support.AbstractAutowireCapableBeanFactory.autowireConstructor(AbstractAutowireCapableBeanFactory.java:1380)
	at org.springframework.beans.factory.support.AbstractAutowireCapableBeanFactory.createBeanInstance(AbstractAutowireCapableBeanFactory.java:1219)
	at org.springframework.beans.factory.support.AbstractAutowireCapableBeanFactory.doCreateBean(AbstractAutowireCapableBeanFactory.java:565)
	at org.springframework.beans.factory.support.AbstractAutowireCapableBeanFactory.createBean(AbstractAutowireCapableBeanFactory.java:525)
	at org.springframework.beans.factory.support.AbstractBeanFactory.lambda$doGetBean$0(AbstractBeanFactory.java:333)
	at org.springframework.beans.factory.support.DefaultSingletonBeanRegistry.getSingleton(DefaultSingletonBeanRegistry.java:371)
	at org.springframework.beans.factory.support.AbstractBeanFactory.doGetBean(AbstractBeanFactory.java:331)
	at org.springframework.beans.factory.support.AbstractBeanFactory.getBean(AbstractBeanFactory.java:196)
	at org.springframework.beans.factory.support.DefaultListableBeanFactory.instantiateSingleton(DefaultListableBeanFactory.java:1225)
	at org.springframework.beans.factory.support.DefaultListableBeanFactory.preInstantiateSingleton(DefaultListableBeanFactory.java:1191)
	at org.springframework.beans.factory.support.DefaultListableBeanFactory.preInstantiateSingletons(DefaultListableBeanFactory.java:1121)
	at org.springframework.context.support.AbstractApplicationContext.finishBeanFactoryInitialization(AbstractApplicationContext.java:994)
	at org.springframework.context.support.AbstractApplicationContext.refresh(AbstractApplicationContext.java:621)
	at org.springframework.boot.web.server.servlet.context.ServletWebServerApplicationContext.refresh(ServletWebServerApplicationContext.java:143)
	at org.springframework.boot.SpringApplication.refresh(SpringApplication.java:756)
	at org.springframework.boot.SpringApplication.refreshContext(SpringApplication.java:445)
	at org.springframework.boot.SpringApplication.run(SpringApplication.java:321)
	at org.springframework.boot.SpringApplication.run(SpringApplication.java:1365)
	at org.springframework.boot.SpringApplication.run(SpringApplication.java:1354)
	at com.technerd.finsight.FinsightApplication.main(FinsightApplication.java:10)
	at java.base/jdk.internal.reflect.DirectMethodHandleAccessor.invoke(DirectMethodHandleAccessor.java:103)
	at java.base/java.lang.reflect.Method.invoke(Method.java:580)
	at org.springframework.boot.devtools.restart.RestartLauncher.run(RestartLauncher.java:52)
Caused by: org.springframework.beans.factory.UnsatisfiedDependencyException: Error creating bean with name 'transactionService' defined in file [/home/abdul-rahman/Project/finsight/target/classes/com/technerd/finsight/transaction/TransactionService.class]: Unsatisfied dependency expressed through constructor parameter 0: Error creating bean with name 'transactionRepository' defined in com.technerd.finsight.transaction.TransactionRepository defined in @EnableJpaRepositories declared on DataJpaRepositoriesRegistrar.EnableJpaRepositoriesConfiguration: Method 'public abstract com.technerd.finsight.transaction.Transaction com.technerd.finsight.transaction.TransactionRepository.findAllByUserId(org.springframework.data.domain.Pageable,java.lang.Long)' has to have one of the following return types: [interface org.springframework.data.domain.Slice, interface org.springframework.data.domain.Page, interface org.springframework.data.domain.Window, interface org.springframework.data.util.Streamable, class org.springframework.data.domain.SearchResults, interface java.util.List]
	at org.springframework.beans.factory.support.ConstructorResolver.createArgumentArray(ConstructorResolver.java:804)
	at org.springframework.beans.factory.support.ConstructorResolver.autowireConstructor(ConstructorResolver.java:240)
	at org.springframework.beans.factory.support.AbstractAutowireCapableBeanFactory.autowireConstructor(AbstractAutowireCapableBeanFactory.java:1380)
	at org.springframework.beans.factory.support.AbstractAutowireCapableBeanFactory.createBeanInstance(AbstractAutowireCapableBeanFactory.java:1219)
	at org.springframework.beans.factory.support.AbstractAutowireCapableBeanFactory.doCreateBean(AbstractAutowireCapableBeanFactory.java:565)
	at org.springframework.beans.factory.support.AbstractAutowireCapableBeanFactory.createBean(AbstractAutowireCapableBeanFactory.java:525)
	at org.springframework.beans.factory.support.AbstractBeanFactory.lambda$doGetBean$0(AbstractBeanFactory.java:333)
	at org.springframework.beans.factory.support.DefaultSingletonBeanRegistry.getSingleton(DefaultSingletonBeanRegistry.java:371)
	at org.springframework.beans.factory.support.AbstractBeanFactory.doGetBean(AbstractBeanFactory.java:331)
	at org.springframework.beans.factory.support.AbstractBeanFactory.getBean(AbstractBeanFactory.java:201)
	at org.springframework.beans.factory.support.DefaultListableBeanFactory.resolveBean(DefaultListableBeanFactory.java:1232)
	at org.springframework.beans.factory.support.DefaultListableBeanFactory.doResolveDependency(DefaultListableBeanFactory.java:1711)
	at org.springframework.beans.factory.support.DefaultListableBeanFactory.resolveDependency(DefaultListableBeanFactory.java:1658)
	at org.springframework.beans.factory.support.ConstructorResolver.resolveAutowiredArgument(ConstructorResolver.java:912)
	at org.springframework.beans.factory.support.ConstructorResolver.createArgumentArray(ConstructorResolver.java:791)
	... 24 common frames omitted
Caused by: org.springframework.beans.factory.BeanCreationException: Error creating bean with name 'transactionRepository' defined in com.technerd.finsight.transaction.TransactionRepository defined in @EnableJpaRepositories declared on DataJpaRepositoriesRegistrar.EnableJpaRepositoriesConfiguration: Method 'public abstract com.technerd.finsight.transaction.Transaction com.technerd.finsight.transaction.TransactionRepository.findAllByUserId(org.springframework.data.domain.Pageable,java.lang.Long)' has to have one of the following return types: [interface org.springframework.data.domain.Slice, interface org.springframework.data.domain.Page, interface org.springframework.data.domain.Window, interface org.springframework.data.util.Streamable, class org.springframework.data.domain.SearchResults, interface java.util.List]
	at org.springframework.beans.factory.support.AbstractAutowireCapableBeanFactory.initializeBean(AbstractAutowireCapableBeanFactory.java:1815)
	at org.springframework.beans.factory.support.AbstractAutowireCapableBeanFactory.doCreateBean(AbstractAutowireCapableBeanFactory.java:603)
	at org.springframework.beans.factory.support.AbstractAutowireCapableBeanFactory.createBean(AbstractAutowireCapableBeanFactory.java:525)
	at org.springframework.beans.factory.support.AbstractBeanFactory.lambda$doGetBean$0(AbstractBeanFactory.java:333)
	at org.springframework.beans.factory.support.DefaultSingletonBeanRegistry.getSingleton(DefaultSingletonBeanRegistry.java:371)
	at org.springframework.beans.factory.support.AbstractBeanFactory.doGetBean(AbstractBeanFactory.java:331)
	at org.springframework.beans.factory.support.AbstractBeanFactory.getBean(AbstractBeanFactory.java:201)
	at org.springframework.beans.factory.support.DefaultListableBeanFactory.resolveBean(DefaultListableBeanFactory.java:1232)
	at org.springframework.beans.factory.support.DefaultListableBeanFactory.doResolveDependency(DefaultListableBeanFactory.java:1711)
	at org.springframework.beans.factory.support.DefaultListableBeanFactory.resolveDependency(DefaultListableBeanFactory.java:1658)
	at org.springframework.beans.factory.support.ConstructorResolver.resolveAutowiredArgument(ConstructorResolver.java:912)
	at org.springframework.beans.factory.support.ConstructorResolver.createArgumentArray(ConstructorResolver.java:791)
	... 38 common frames omitted
Caused by: org.springframework.data.repository.query.QueryCreationException: Cannot create query for method [TransactionRepository.findAllByUserId(org.springframework.data.domain.Pageable,java.lang.Long)]; Method 'public abstract com.technerd.finsight.transaction.Transaction com.technerd.finsight.transaction.TransactionRepository.findAllByUserId(org.springframework.data.domain.Pageable,java.lang.Long)' has to have one of the following return types: [interface org.springframework.data.domain.Slice, interface org.springframework.data.domain.Page, interface org.springframework.data.domain.Window, interface org.springframework.data.util.Streamable, class org.springframework.data.domain.SearchResults, interface java.util.List]
	at org.springframework.data.repository.query.QueryCreationException.create(QueryCreationException.java:139)
	at org.springframework.data.repository.core.support.QueryExecutorMethodInterceptor.lookupQuery(QueryExecutorMethodInterceptor.java:118)
	at org.springframework.data.repository.core.support.QueryExecutorMethodInterceptor.mapMethodsToQuery(QueryExecutorMethodInterceptor.java:102)
	at org.springframework.data.repository.core.support.QueryExecutorMethodInterceptor.<init>(QueryExecutorMethodInterceptor.java:90)
	at org.springframework.data.repository.core.support.RepositoryFactorySupport.getRepository(RepositoryFactorySupport.java:413)
	at org.springframework.data.repository.core.support.RepositoryFactoryBeanSupport.lambda$afterPropertiesSet$1(RepositoryFactoryBeanSupport.java:361)
	at org.springframework.data.util.Lazy.getNullable(Lazy.java:136)
	at org.springframework.data.util.Lazy.get(Lazy.java:114)
	at org.springframework.data.repository.core.support.RepositoryFactoryBeanSupport.afterPropertiesSet(RepositoryFactoryBeanSupport.java:370)
	at org.springframework.data.jpa.repository.support.JpaRepositoryFactoryBean.afterPropertiesSet(JpaRepositoryFactoryBean.java:212)
	at org.springframework.beans.factory.support.AbstractAutowireCapableBeanFactory.invokeInitMethods(AbstractAutowireCapableBeanFactory.java:1862)
	at org.springframework.beans.factory.support.AbstractAutowireCapableBeanFactory.initializeBean(AbstractAutowireCapableBeanFactory.java:1811)
	... 49 common frames omitted
Caused by: java.lang.IllegalStateException: Method 'public abstract com.technerd.finsight.transaction.Transaction com.technerd.finsight.transaction.TransactionRepository.findAllByUserId(org.springframework.data.domain.Pageable,java.lang.Long)' has to have one of the following return types: [interface org.springframework.data.domain.Slice, interface org.springframework.data.domain.Page, interface org.springframework.data.domain.Window, interface org.springframework.data.util.Streamable, class org.springframework.data.domain.SearchResults, interface java.util.List]
	at org.springframework.data.repository.query.QueryMethod.assertReturnTypeAssignable(QueryMethod.java:411)
	at org.springframework.data.repository.query.QueryMethod.validate(QueryMethod.java:139)
	at org.springframework.data.repository.query.QueryMethod.<init>(QueryMethod.java:129)
	at org.springframework.data.jpa.repository.query.JpaQueryMethod.<init>(JpaQueryMethod.java:120)
	at org.springframework.data.jpa.repository.query.JpaQueryMethod.<init>(JpaQueryMethod.java:104)
	at org.springframework.data.jpa.repository.query.DefaultJpaQueryMethodFactory.build(DefaultJpaQueryMethodFactory.java:44)
	at org.springframework.data.jpa.repository.query.JpaQueryLookupStrategy$AbstractQueryLookupStrategy.resolveQuery(JpaQueryLookupStrategy.java:92)
	at org.springframework.data.repository.core.support.QueryExecutorMethodInterceptor.lookupQuery(QueryExecutorMethodInterceptor.java:114)
	... 59 common frames omitted
2026-09-22 17:50:38 INFO  o.h.v.i.u.Version --- HV000001: Hibernate Validator 9.1.3.Final
2026-09-22 17:50:38 INFO  c.t.f.FinsightApplication --- Starting FinsightApplication using Java 21.0.12.1 with PID 15881 (/home/abdul-rahman/Project/finsight/target/classes started by abdul-rahman in /home/abdul-rahman/Project/finsight)
2026-09-22 17:50:38 DEBUG c.t.f.FinsightApplication --- Running with Spring Boot v4.1.1, Spring v7.0.9
2026-09-22 17:50:38 INFO  c.t.f.FinsightApplication --- No active profile set, falling back to 1 default profile: "default"
2026-09-22 17:50:38 INFO  o.s.b.d.e.DevToolsPropertyDefaultsPostProcessor --- Devtools property defaults active! Set 'spring.devtools.add-properties' to 'false' to disable
2026-09-22 17:50:38 INFO  o.s.b.d.e.DevToolsPropertyDefaultsPostProcessor --- For additional web related logging consider setting the 'logging.level.web' property to 'DEBUG'
2026-09-22 17:50:38 INFO  o.s.d.r.c.RepositoryConfigurationDelegate --- Bootstrapping Spring Data JPA repositories in DEFAULT mode.
2026-09-22 17:50:38 INFO  o.s.d.r.c.RepositoryConfigurationDelegate --- Finished Spring Data repository scanning in 33 ms. Found 5 JPA repository interfaces.
2026-09-22 17:50:39 INFO  o.s.b.t.TomcatWebServer --- Tomcat initialized with port 8080 (http)
2026-09-22 17:50:39 INFO  o.a.c.h.Http11NioProtocol --- Initializing ProtocolHandler ["http-nio-8080"]
2026-09-22 17:50:39 INFO  o.a.c.c.StandardService --- Starting service [Tomcat]
2026-09-22 17:50:39 INFO  o.a.c.c.StandardEngine --- Starting Servlet engine: [Apache Tomcat/11.0.24]
2026-09-22 17:50:39 INFO  o.s.b.w.c.s.WebApplicationContextInitializer --- Root WebApplicationContext: initialization completed in 909 ms
2026-09-22 17:50:39 INFO  o.h.o.jpa --- HHH008540: Processing PersistenceUnitInfo [name: default]
2026-09-22 17:50:39 INFO  o.h.o.core --- HHH000001: Hibernate ORM core version 7.4.5.Final
2026-09-22 17:50:39 INFO  o.s.o.j.p.SpringPersistenceUnitInfo --- No LoadTimeWeaver setup: ignoring JPA class transformer
2026-09-22 17:50:39 INFO  c.z.h.HikariDataSource --- HikariPool-1 - Starting...
2026-09-22 17:50:39 INFO  c.z.h.p.HikariPool --- HikariPool-1 - Added connection org.postgresql.jdbc.PgConnection@5c244223
2026-09-22 17:50:39 INFO  c.z.h.HikariDataSource --- HikariPool-1 - Start completed.
2026-09-22 17:50:39 INFO  o.h.o.c.pooling --- HHH10001005: Database info:
	Database JDBC URL [jdbc:postgresql://localhost:5432/finsight]
	Database driver: PostgreSQL JDBC Driver
	Database dialect: PostgreSQLDialect
	Database version: 18.6
	Default catalog/schema: finsight/public
	Autocommit mode: undefined/unknown
	Isolation level: READ_COMMITTED [default READ_COMMITTED]
	JDBC fetch size: none
	Pool: DataSourceConnectionProvider
	Minimum pool size: undefined/unknown
	Maximum pool size: undefined/unknown
2026-09-22 17:50:40 INFO  o.h.o.core --- HHH000489: No JTA platform available (set 'hibernate.transaction.jta.platform' to enable JTA platform integration)
2026-09-22 17:50:40 INFO  o.s.o.j.LocalContainerEntityManagerFactoryBean --- Initialized JPA EntityManagerFactory for persistence unit 'default'
2026-09-22 17:50:40 INFO  o.s.d.j.r.q.QueryEnhancerFactories --- Hibernate is in classpath; If applicable, HQL parser will be used.
2026-09-22 17:50:41 WARN  o.s.b.j.a.JpaBaseConfiguration$JpaWebConfiguration --- spring.jpa.open-in-view is enabled by default. Therefore, database queries may be performed during view rendering. Explicitly configure spring.jpa.open-in-view to disable this warning
2026-09-22 17:50:41 DEBUG c.t.f.s.f.JwtAuthFilter --- Filter 'jwtAuthFilter' configured for use
2026-09-22 17:50:41 INFO  o.s.s.c.a.a.c.InitializeUserDetailsBeanManagerConfigurer$InitializeUserDetailsManagerConfigurer --- Global AuthenticationManager configured with UserDetailsService bean with name userService
2026-09-22 17:50:41 INFO  o.a.c.h.Http11NioProtocol --- Starting ProtocolHandler ["http-nio-8080"]
2026-09-22 17:50:41 INFO  o.s.b.t.TomcatWebServer --- Tomcat started on port 8080 (http) with context path '/'
2026-09-22 17:50:41 INFO  c.t.f.FinsightApplication --- Started FinsightApplication in 4.192 seconds (process running for 4.553)
2026-09-22 17:50:58 INFO  o.a.c.c.C.[.[.[/] --- Initializing Spring DispatcherServlet 'dispatcherServlet'
2026-09-22 17:50:58 INFO  o.s.w.s.DispatcherServlet --- Initializing Servlet 'dispatcherServlet'
2026-09-22 17:50:58 INFO  o.s.w.s.DispatcherServlet --- Completed initialization in 1 ms
2026-09-22 17:50:59 INFO  c.t.f.s.s.AuthService --- Login Success
2026-09-22 17:51:44 INFO  c.t.f.t.TransactionService --- Trying to create a new transaction with categoryId 1
2026-09-22 17:51:44 INFO  c.t.f.t.TransactionService --- New transaction created. TransactionId: null
2026-09-22 17:51:54 INFO  c.t.f.t.TransactionService --- Trying to create a new transaction with categoryId 1
2026-09-22 17:51:54 INFO  c.t.f.t.TransactionService --- New transaction created. TransactionId: null
2026-09-22 17:51:56 INFO  c.t.f.t.TransactionService --- Trying to create a new transaction with categoryId 1
2026-09-22 17:51:56 INFO  c.t.f.t.TransactionService --- New transaction created. TransactionId: null
2026-09-22 17:52:02 INFO  c.t.f.t.TransactionService --- Trying to create a new transaction with categoryId 1
2026-09-22 17:52:02 INFO  c.t.f.t.TransactionService --- New transaction created. TransactionId: null
2026-09-22 17:52:05 INFO  c.t.f.t.TransactionService --- Trying to create a new transaction with categoryId 1
2026-09-22 17:52:05 INFO  c.t.f.t.TransactionService --- New transaction created. TransactionId: null
2026-09-22 17:52:06 INFO  c.t.f.t.TransactionService --- Trying to create a new transaction with categoryId 1
2026-09-22 17:52:06 INFO  c.t.f.t.TransactionService --- New transaction created. TransactionId: null
2026-09-22 17:52:08 INFO  c.t.f.t.TransactionService --- Trying to create a new transaction with categoryId 1
2026-09-22 17:52:08 INFO  c.t.f.t.TransactionService --- New transaction created. TransactionId: null
2026-09-22 17:52:10 INFO  c.t.f.t.TransactionService --- Trying to create a new transaction with categoryId 1
2026-09-22 17:52:10 INFO  c.t.f.t.TransactionService --- New transaction created. TransactionId: null
2026-09-22 17:52:12 INFO  c.t.f.t.TransactionService --- Trying to create a new transaction with categoryId 1
2026-09-22 17:52:12 INFO  c.t.f.t.TransactionService --- New transaction created. TransactionId: null
2026-09-22 17:52:14 INFO  c.t.f.t.TransactionService --- Trying to create a new transaction with categoryId 1
2026-09-22 17:52:14 INFO  c.t.f.t.TransactionService --- New transaction created. TransactionId: null
2026-09-22 17:52:33 INFO  c.t.f.c.CategoryService --- Found 2 Categories.
2026-09-22 17:53:39 WARN  o.s.w.s.m.m.a.ExceptionHandlerExceptionResolver --- Resolved [org.springframework.data.core.PropertyReferenceException: No property 'month' found for type 'Transaction']
2026-09-22 18:05:34 INFO  o.s.b.t.GracefulShutdown --- Commencing graceful shutdown. Waiting for active requests to complete
2026-09-22 18:05:34 INFO  o.s.b.t.GracefulShutdown --- Graceful shutdown complete
2026-09-22 18:05:34 INFO  o.s.o.j.LocalContainerEntityManagerFactoryBean --- Closing JPA EntityManagerFactory for persistence unit 'default'
2026-09-22 18:05:34 INFO  c.z.h.HikariDataSource --- HikariPool-1 - Shutdown initiated...
2026-09-22 18:05:34 INFO  c.z.h.HikariDataSource --- HikariPool-1 - Shutdown completed.
2026-09-22 18:05:38 INFO  o.h.v.i.u.Version --- HV000001: Hibernate Validator 9.1.3.Final
2026-09-22 18:05:38 INFO  c.t.f.FinsightApplication --- Starting FinsightApplication using Java 21.0.12.1 with PID 18758 (/home/abdul-rahman/Project/finsight/target/classes started by abdul-rahman in /home/abdul-rahman/Project/finsight)
2026-09-22 18:05:38 DEBUG c.t.f.FinsightApplication --- Running with Spring Boot v4.1.1, Spring v7.0.9
2026-09-22 18:05:38 INFO  c.t.f.FinsightApplication --- No active profile set, falling back to 1 default profile: "default"
2026-09-22 18:05:38 INFO  o.s.b.d.e.DevToolsPropertyDefaultsPostProcessor --- Devtools property defaults active! Set 'spring.devtools.add-properties' to 'false' to disable
2026-09-22 18:05:38 INFO  o.s.b.d.e.DevToolsPropertyDefaultsPostProcessor --- For additional web related logging consider setting the 'logging.level.web' property to 'DEBUG'
2026-09-22 18:05:38 INFO  o.s.d.r.c.RepositoryConfigurationDelegate --- Bootstrapping Spring Data JPA repositories in DEFAULT mode.
2026-09-22 18:05:38 INFO  o.s.d.r.c.RepositoryConfigurationDelegate --- Finished Spring Data repository scanning in 34 ms. Found 5 JPA repository interfaces.
2026-09-22 18:05:39 INFO  o.s.b.t.TomcatWebServer --- Tomcat initialized with port 8080 (http)
2026-09-22 18:05:39 INFO  o.a.c.h.Http11NioProtocol --- Initializing ProtocolHandler ["http-nio-8080"]
2026-09-22 18:05:39 INFO  o.a.c.c.StandardService --- Starting service [Tomcat]
2026-09-22 18:05:39 INFO  o.a.c.c.StandardEngine --- Starting Servlet engine: [Apache Tomcat/11.0.24]
2026-09-22 18:05:39 INFO  o.s.b.w.c.s.WebApplicationContextInitializer --- Root WebApplicationContext: initialization completed in 1025 ms
2026-09-22 18:05:39 INFO  o.h.o.jpa --- HHH008540: Processing PersistenceUnitInfo [name: default]
2026-09-22 18:05:39 INFO  o.h.o.core --- HHH000001: Hibernate ORM core version 7.4.5.Final
2026-09-22 18:05:39 INFO  o.s.o.j.p.SpringPersistenceUnitInfo --- No LoadTimeWeaver setup: ignoring JPA class transformer
2026-09-22 18:05:39 INFO  c.z.h.HikariDataSource --- HikariPool-1 - Starting...
2026-09-22 18:05:40 INFO  c.z.h.p.HikariPool --- HikariPool-1 - Added connection org.postgresql.jdbc.PgConnection@57941ab9
2026-09-22 18:05:40 INFO  c.z.h.HikariDataSource --- HikariPool-1 - Start completed.
2026-09-22 18:05:40 INFO  o.h.o.c.pooling --- HHH10001005: Database info:
	Database JDBC URL [jdbc:postgresql://localhost:5432/finsight]
	Database driver: PostgreSQL JDBC Driver
	Database dialect: PostgreSQLDialect
	Database version: 18.6
	Default catalog/schema: finsight/public
	Autocommit mode: undefined/unknown
	Isolation level: READ_COMMITTED [default READ_COMMITTED]
	JDBC fetch size: none
	Pool: DataSourceConnectionProvider
	Minimum pool size: undefined/unknown
	Maximum pool size: undefined/unknown
2026-09-22 18:05:41 INFO  o.h.o.core --- HHH000489: No JTA platform available (set 'hibernate.transaction.jta.platform' to enable JTA platform integration)
2026-09-22 18:05:41 INFO  o.s.o.j.LocalContainerEntityManagerFactoryBean --- Initialized JPA EntityManagerFactory for persistence unit 'default'
2026-09-22 18:05:41 INFO  o.s.d.j.r.q.QueryEnhancerFactories --- Hibernate is in classpath; If applicable, HQL parser will be used.
2026-09-22 18:05:41 WARN  o.s.b.j.a.JpaBaseConfiguration$JpaWebConfiguration --- spring.jpa.open-in-view is enabled by default. Therefore, database queries may be performed during view rendering. Explicitly configure spring.jpa.open-in-view to disable this warning
2026-09-22 18:05:41 DEBUG c.t.f.s.f.JwtAuthFilter --- Filter 'jwtAuthFilter' configured for use
2026-09-22 18:05:41 INFO  o.s.s.c.a.a.c.InitializeUserDetailsBeanManagerConfigurer$InitializeUserDetailsManagerConfigurer --- Global AuthenticationManager configured with UserDetailsService bean with name userService
2026-09-22 18:05:42 INFO  o.a.c.h.Http11NioProtocol --- Starting ProtocolHandler ["http-nio-8080"]
2026-09-22 18:05:42 INFO  o.s.b.t.TomcatWebServer --- Tomcat started on port 8080 (http) with context path '/'
2026-09-22 18:05:42 INFO  c.t.f.FinsightApplication --- Started FinsightApplication in 4.346 seconds (process running for 4.712)
2026-09-22 18:05:47 INFO  o.a.c.c.C.[.[.[/] --- Initializing Spring DispatcherServlet 'dispatcherServlet'
2026-09-22 18:05:47 INFO  o.s.w.s.DispatcherServlet --- Initializing Servlet 'dispatcherServlet'
2026-09-22 18:05:47 INFO  o.s.w.s.DispatcherServlet --- Completed initialization in 1 ms
2026-09-22 18:05:47 WARN  o.s.w.s.m.m.a.ExceptionHandlerExceptionResolver --- Resolved [io.jsonwebtoken.ExpiredJwtException: JWT expired 288156 milliseconds ago at 2026-09-22T12:30:59.000Z. Current time: 2026-09-22T12:35:47.156Z. Allowed clock skew: 0 milliseconds.]
2026-09-22 18:05:53 INFO  c.t.f.s.s.AuthService --- Login Success
2026-09-22 18:07:41 INFO  o.s.b.t.GracefulShutdown --- Commencing graceful shutdown. Waiting for active requests to complete
2026-09-22 18:07:41 INFO  o.s.b.t.GracefulShutdown --- Graceful shutdown complete
2026-09-22 18:07:41 INFO  o.s.o.j.LocalContainerEntityManagerFactoryBean --- Closing JPA EntityManagerFactory for persistence unit 'default'
2026-09-22 18:07:41 INFO  c.z.h.HikariDataSource --- HikariPool-1 - Shutdown initiated...
2026-09-22 18:07:41 INFO  c.z.h.HikariDataSource --- HikariPool-1 - Shutdown completed.
2026-09-22 18:07:44 INFO  o.h.v.i.u.Version --- HV000001: Hibernate Validator 9.1.3.Final
2026-09-22 18:07:44 INFO  c.t.f.FinsightApplication --- Starting FinsightApplication using Java 21.0.12.1 with PID 19208 (/home/abdul-rahman/Project/finsight/target/classes started by abdul-rahman in /home/abdul-rahman/Project/finsight)
2026-09-22 18:07:44 DEBUG c.t.f.FinsightApplication --- Running with Spring Boot v4.1.1, Spring v7.0.9
2026-09-22 18:07:44 INFO  c.t.f.FinsightApplication --- No active profile set, falling back to 1 default profile: "default"
2026-09-22 18:07:44 INFO  o.s.b.d.e.DevToolsPropertyDefaultsPostProcessor --- Devtools property defaults active! Set 'spring.devtools.add-properties' to 'false' to disable
2026-09-22 18:07:44 INFO  o.s.b.d.e.DevToolsPropertyDefaultsPostProcessor --- For additional web related logging consider setting the 'logging.level.web' property to 'DEBUG'
2026-09-22 18:07:45 INFO  o.s.d.r.c.RepositoryConfigurationDelegate --- Bootstrapping Spring Data JPA repositories in DEFAULT mode.
2026-09-22 18:07:45 INFO  o.s.d.r.c.RepositoryConfigurationDelegate --- Finished Spring Data repository scanning in 46 ms. Found 5 JPA repository interfaces.
2026-09-22 18:07:45 INFO  o.s.b.t.TomcatWebServer --- Tomcat initialized with port 8080 (http)
2026-09-22 18:07:45 INFO  o.a.c.h.Http11NioProtocol --- Initializing ProtocolHandler ["http-nio-8080"]
2026-09-22 18:07:45 INFO  o.a.c.c.StandardService --- Starting service [Tomcat]
2026-09-22 18:07:45 INFO  o.a.c.c.StandardEngine --- Starting Servlet engine: [Apache Tomcat/11.0.24]
2026-09-22 18:07:45 INFO  o.s.b.w.c.s.WebApplicationContextInitializer --- Root WebApplicationContext: initialization completed in 1212 ms
2026-09-22 18:07:46 INFO  o.h.o.jpa --- HHH008540: Processing PersistenceUnitInfo [name: default]
2026-09-22 18:07:46 INFO  o.h.o.core --- HHH000001: Hibernate ORM core version 7.4.5.Final
2026-09-22 18:07:46 INFO  o.s.o.j.p.SpringPersistenceUnitInfo --- No LoadTimeWeaver setup: ignoring JPA class transformer
2026-09-22 18:07:46 INFO  c.z.h.HikariDataSource --- HikariPool-1 - Starting...
2026-09-22 18:07:46 INFO  c.z.h.p.HikariPool --- HikariPool-1 - Added connection org.postgresql.jdbc.PgConnection@593c6485
2026-09-22 18:07:46 INFO  c.z.h.HikariDataSource --- HikariPool-1 - Start completed.
2026-09-22 18:07:46 INFO  o.h.o.c.pooling --- HHH10001005: Database info:
	Database JDBC URL [jdbc:postgresql://localhost:5432/finsight]
	Database driver: PostgreSQL JDBC Driver
	Database dialect: PostgreSQLDialect
	Database version: 18.6
	Default catalog/schema: finsight/public
	Autocommit mode: undefined/unknown
	Isolation level: READ_COMMITTED [default READ_COMMITTED]
	JDBC fetch size: none
	Pool: DataSourceConnectionProvider
	Minimum pool size: undefined/unknown
	Maximum pool size: undefined/unknown
2026-09-22 18:07:47 INFO  o.h.o.core --- HHH000489: No JTA platform available (set 'hibernate.transaction.jta.platform' to enable JTA platform integration)
2026-09-22 18:07:47 INFO  o.s.o.j.LocalContainerEntityManagerFactoryBean --- Initialized JPA EntityManagerFactory for persistence unit 'default'
2026-09-22 18:07:47 INFO  o.s.d.j.r.q.QueryEnhancerFactories --- Hibernate is in classpath; If applicable, HQL parser will be used.
2026-09-22 18:07:47 WARN  o.s.b.j.a.JpaBaseConfiguration$JpaWebConfiguration --- spring.jpa.open-in-view is enabled by default. Therefore, database queries may be performed during view rendering. Explicitly configure spring.jpa.open-in-view to disable this warning
2026-09-22 18:07:47 DEBUG c.t.f.s.f.JwtAuthFilter --- Filter 'jwtAuthFilter' configured for use
2026-09-22 18:07:48 INFO  o.s.s.c.a.a.c.InitializeUserDetailsBeanManagerConfigurer$InitializeUserDetailsManagerConfigurer --- Global AuthenticationManager configured with UserDetailsService bean with name userService
2026-09-22 18:07:48 INFO  o.a.c.h.Http11NioProtocol --- Starting ProtocolHandler ["http-nio-8080"]
2026-09-22 18:07:49 INFO  o.s.b.t.TomcatWebServer --- Tomcat started on port 8080 (http) with context path '/'
2026-09-22 18:07:49 INFO  c.t.f.FinsightApplication --- Started FinsightApplication in 4.862 seconds (process running for 5.819)
2026-09-22 18:07:53 INFO  o.a.c.c.C.[.[.[/] --- Initializing Spring DispatcherServlet 'dispatcherServlet'
2026-09-22 18:07:53 INFO  o.s.w.s.DispatcherServlet --- Initializing Servlet 'dispatcherServlet'
2026-09-22 18:07:53 INFO  o.s.w.s.DispatcherServlet --- Completed initialization in 1 ms
2026-09-22 18:09:12 INFO  o.s.b.t.GracefulShutdown --- Commencing graceful shutdown. Waiting for active requests to complete
2026-09-22 18:09:12 INFO  o.s.b.t.GracefulShutdown --- Graceful shutdown complete
2026-09-22 18:09:12 INFO  o.s.o.j.LocalContainerEntityManagerFactoryBean --- Closing JPA EntityManagerFactory for persistence unit 'default'
2026-09-22 18:09:12 INFO  c.z.h.HikariDataSource --- HikariPool-1 - Shutdown initiated...
2026-09-22 18:09:12 INFO  c.z.h.HikariDataSource --- HikariPool-1 - Shutdown completed.
2026-09-22 20:11:23 INFO  o.h.v.i.u.Version --- HV000001: Hibernate Validator 9.1.3.Final
2026-09-22 20:11:23 INFO  c.t.f.FinsightApplication --- Starting FinsightApplication using Java 21.0.12.1 with PID 10299 (/home/abdul-rahman/Project/finsight/target/classes started by abdul-rahman in /home/abdul-rahman/Project/finsight)
2026-09-22 20:11:23 DEBUG c.t.f.FinsightApplication --- Running with Spring Boot v4.1.1, Spring v7.0.9
2026-09-22 20:11:23 INFO  c.t.f.FinsightApplication --- No active profile set, falling back to 1 default profile: "default"
2026-09-22 20:11:23 INFO  o.s.b.d.e.DevToolsPropertyDefaultsPostProcessor --- Devtools property defaults active! Set 'spring.devtools.add-properties' to 'false' to disable
2026-09-22 20:11:23 INFO  o.s.b.d.e.DevToolsPropertyDefaultsPostProcessor --- For additional web related logging consider setting the 'logging.level.web' property to 'DEBUG'
2026-09-22 20:11:24 INFO  o.s.d.r.c.RepositoryConfigurationDelegate --- Bootstrapping Spring Data JPA repositories in DEFAULT mode.
2026-09-22 20:11:24 INFO  o.s.d.r.c.RepositoryConfigurationDelegate --- Finished Spring Data repository scanning in 36 ms. Found 5 JPA repository interfaces.
2026-09-22 20:11:24 INFO  o.s.b.t.TomcatWebServer --- Tomcat initialized with port 8080 (http)
2026-09-22 20:11:24 INFO  o.a.c.h.Http11NioProtocol --- Initializing ProtocolHandler ["http-nio-8080"]
2026-09-22 20:11:24 INFO  o.a.c.c.StandardService --- Starting service [Tomcat]
2026-09-22 20:11:24 INFO  o.a.c.c.StandardEngine --- Starting Servlet engine: [Apache Tomcat/11.0.24]
2026-09-22 20:11:24 INFO  o.s.b.w.c.s.WebApplicationContextInitializer --- Root WebApplicationContext: initialization completed in 1118 ms
2026-09-22 20:11:24 INFO  o.h.o.jpa --- HHH008540: Processing PersistenceUnitInfo [name: default]
2026-09-22 20:11:24 INFO  o.h.o.core --- HHH000001: Hibernate ORM core version 7.4.5.Final
2026-09-22 20:11:25 INFO  o.s.o.j.p.SpringPersistenceUnitInfo --- No LoadTimeWeaver setup: ignoring JPA class transformer
2026-09-22 20:11:25 INFO  c.z.h.HikariDataSource --- HikariPool-1 - Starting...
2026-09-22 20:11:25 INFO  c.z.h.p.HikariPool --- HikariPool-1 - Added connection org.postgresql.jdbc.PgConnection@3665cbf7
2026-09-22 20:11:25 INFO  c.z.h.HikariDataSource --- HikariPool-1 - Start completed.
2026-09-22 20:11:25 INFO  o.h.o.c.pooling --- HHH10001005: Database info:
	Database JDBC URL [jdbc:postgresql://localhost:5432/finsight]
	Database driver: PostgreSQL JDBC Driver
	Database dialect: PostgreSQLDialect
	Database version: 18.6
	Default catalog/schema: finsight/public
	Autocommit mode: undefined/unknown
	Isolation level: READ_COMMITTED [default READ_COMMITTED]
	JDBC fetch size: none
	Pool: DataSourceConnectionProvider
	Minimum pool size: undefined/unknown
	Maximum pool size: undefined/unknown
2026-09-22 20:11:27 INFO  o.h.o.core --- HHH000489: No JTA platform available (set 'hibernate.transaction.jta.platform' to enable JTA platform integration)
2026-09-22 20:11:27 INFO  o.s.o.j.LocalContainerEntityManagerFactoryBean --- Initialized JPA EntityManagerFactory for persistence unit 'default'
2026-09-22 20:11:27 INFO  o.s.d.j.r.q.QueryEnhancerFactories --- Hibernate is in classpath; If applicable, HQL parser will be used.
2026-09-22 20:11:27 WARN  o.s.b.j.a.JpaBaseConfiguration$JpaWebConfiguration --- spring.jpa.open-in-view is enabled by default. Therefore, database queries may be performed during view rendering. Explicitly configure spring.jpa.open-in-view to disable this warning
2026-09-22 20:11:27 DEBUG c.t.f.s.f.JwtAuthFilter --- Filter 'jwtAuthFilter' configured for use
2026-09-22 20:11:27 INFO  o.s.s.c.a.a.c.InitializeUserDetailsBeanManagerConfigurer$InitializeUserDetailsManagerConfigurer --- Global AuthenticationManager configured with UserDetailsService bean with name userService
2026-09-22 20:11:28 INFO  o.a.c.h.Http11NioProtocol --- Starting ProtocolHandler ["http-nio-8080"]
2026-09-22 20:11:28 INFO  o.s.b.t.TomcatWebServer --- Tomcat started on port 8080 (http) with context path '/'
2026-09-22 20:11:28 INFO  c.t.f.FinsightApplication --- Started FinsightApplication in 4.914 seconds (process running for 5.341)
2026-09-22 20:11:57 INFO  o.a.c.c.C.[.[.[/] --- Initializing Spring DispatcherServlet 'dispatcherServlet'
2026-09-22 20:11:57 INFO  o.s.w.s.DispatcherServlet --- Initializing Servlet 'dispatcherServlet'
2026-09-22 20:11:57 INFO  o.s.w.s.DispatcherServlet --- Completed initialization in 2 ms
2026-09-22 20:11:58 INFO  c.t.f.s.s.AuthService --- Login Success
2026-09-22 20:12:12 WARN  o.s.d.w.c.SpringDataJackson3Configuration$PageModule$WarningLoggingModifier --- Serializing PageImpl instances as-is is not supported, meaning that there is no guarantee about the stability of the resulting JSON structure!
	For a stable JSON structure, please use Spring Data's PagedModel (globally via @EnableSpringDataWebSupport(pageSerializationMode = VIA_DTO))
	or Spring HATEOAS and Spring Data's PagedResourcesAssembler as documented in https://docs.spring.io/spring-data/commons/reference/repositories/core-extensions.html#core.web.pageables.

2026-09-22 20:21:00 INFO  o.s.b.t.GracefulShutdown --- Commencing graceful shutdown. Waiting for active requests to complete
2026-09-22 20:21:00 INFO  o.s.b.t.GracefulShutdown --- Graceful shutdown complete
2026-09-22 20:21:00 INFO  o.s.o.j.LocalContainerEntityManagerFactoryBean --- Closing JPA EntityManagerFactory for persistence unit 'default'
2026-09-22 20:21:00 INFO  c.z.h.HikariDataSource --- HikariPool-1 - Shutdown initiated...
2026-09-22 20:21:00 INFO  c.z.h.HikariDataSource --- HikariPool-1 - Shutdown completed.
2026-09-22 20:21:03 INFO  o.h.v.i.u.Version --- HV000001: Hibernate Validator 9.1.3.Final
2026-09-22 20:21:03 INFO  c.t.f.FinsightApplication --- Starting FinsightApplication using Java 21.0.12.1 with PID 13253 (/home/abdul-rahman/Project/finsight/target/classes started by abdul-rahman in /home/abdul-rahman/Project/finsight)
2026-09-22 20:21:03 DEBUG c.t.f.FinsightApplication --- Running with Spring Boot v4.1.1, Spring v7.0.9
2026-09-22 20:21:03 INFO  c.t.f.FinsightApplication --- No active profile set, falling back to 1 default profile: "default"
2026-09-22 20:21:03 INFO  o.s.b.d.e.DevToolsPropertyDefaultsPostProcessor --- Devtools property defaults active! Set 'spring.devtools.add-properties' to 'false' to disable
2026-09-22 20:21:03 INFO  o.s.b.d.e.DevToolsPropertyDefaultsPostProcessor --- For additional web related logging consider setting the 'logging.level.web' property to 'DEBUG'
2026-09-22 20:21:04 INFO  o.s.d.r.c.RepositoryConfigurationDelegate --- Bootstrapping Spring Data JPA repositories in DEFAULT mode.
2026-09-22 20:21:04 INFO  o.s.d.r.c.RepositoryConfigurationDelegate --- Finished Spring Data repository scanning in 65 ms. Found 5 JPA repository interfaces.
2026-09-22 20:21:05 INFO  o.s.b.t.TomcatWebServer --- Tomcat initialized with port 8080 (http)
2026-09-22 20:21:05 INFO  o.a.c.h.Http11NioProtocol --- Initializing ProtocolHandler ["http-nio-8080"]
2026-09-22 20:21:05 INFO  o.a.c.c.StandardService --- Starting service [Tomcat]
2026-09-22 20:21:05 INFO  o.a.c.c.StandardEngine --- Starting Servlet engine: [Apache Tomcat/11.0.24]
2026-09-22 20:21:05 INFO  o.s.b.w.c.s.WebApplicationContextInitializer --- Root WebApplicationContext: initialization completed in 1551 ms
2026-09-22 20:21:05 INFO  o.h.o.jpa --- HHH008540: Processing PersistenceUnitInfo [name: default]
2026-09-22 20:21:05 INFO  o.h.o.core --- HHH000001: Hibernate ORM core version 7.4.5.Final
2026-09-22 20:21:05 INFO  o.s.o.j.p.SpringPersistenceUnitInfo --- No LoadTimeWeaver setup: ignoring JPA class transformer
2026-09-22 20:21:05 INFO  c.z.h.HikariDataSource --- HikariPool-1 - Starting...
2026-09-22 20:21:05 INFO  c.z.h.p.HikariPool --- HikariPool-1 - Added connection org.postgresql.jdbc.PgConnection@52e34279
2026-09-22 20:21:05 INFO  c.z.h.HikariDataSource --- HikariPool-1 - Start completed.
2026-09-22 20:21:05 INFO  o.h.o.c.pooling --- HHH10001005: Database info:
	Database JDBC URL [jdbc:postgresql://localhost:5432/finsight]
	Database driver: PostgreSQL JDBC Driver
	Database dialect: PostgreSQLDialect
	Database version: 18.6
	Default catalog/schema: finsight/public
	Autocommit mode: undefined/unknown
	Isolation level: READ_COMMITTED [default READ_COMMITTED]
	JDBC fetch size: none
	Pool: DataSourceConnectionProvider
	Minimum pool size: undefined/unknown
	Maximum pool size: undefined/unknown
2026-09-22 20:21:06 INFO  o.h.o.core --- HHH000489: No JTA platform available (set 'hibernate.transaction.jta.platform' to enable JTA platform integration)
2026-09-22 20:21:06 INFO  o.s.o.j.LocalContainerEntityManagerFactoryBean --- Initialized JPA EntityManagerFactory for persistence unit 'default'
2026-09-22 20:21:06 INFO  o.s.d.j.r.q.QueryEnhancerFactories --- Hibernate is in classpath; If applicable, HQL parser will be used.
2026-09-22 20:21:07 WARN  o.s.b.j.a.JpaBaseConfiguration$JpaWebConfiguration --- spring.jpa.open-in-view is enabled by default. Therefore, database queries may be performed during view rendering. Explicitly configure spring.jpa.open-in-view to disable this warning
2026-09-22 20:21:07 DEBUG c.t.f.s.f.JwtAuthFilter --- Filter 'jwtAuthFilter' configured for use
2026-09-22 20:21:07 INFO  o.s.s.c.a.a.c.InitializeUserDetailsBeanManagerConfigurer$InitializeUserDetailsManagerConfigurer --- Global AuthenticationManager configured with UserDetailsService bean with name userService
2026-09-22 20:21:07 INFO  o.a.c.h.Http11NioProtocol --- Starting ProtocolHandler ["http-nio-8080"]
2026-09-22 20:21:07 INFO  o.s.b.t.TomcatWebServer --- Tomcat started on port 8080 (http) with context path '/'
2026-09-22 20:21:07 INFO  c.t.f.FinsightApplication --- Started FinsightApplication in 4.627 seconds (process running for 5.068)
2026-09-22 20:21:13 INFO  o.a.c.c.C.[.[.[/] --- Initializing Spring DispatcherServlet 'dispatcherServlet'
2026-09-22 20:21:13 INFO  o.s.w.s.DispatcherServlet --- Initializing Servlet 'dispatcherServlet'
2026-09-22 20:21:13 INFO  o.s.w.s.DispatcherServlet --- Completed initialization in 1 ms
2026-09-22 20:24:28 WARN  o.s.w.s.m.m.a.ExceptionHandlerExceptionResolver --- Resolved [io.jsonwebtoken.ExpiredJwtException: JWT expired 150137 milliseconds ago at 2026-09-22T14:51:58.000Z. Current time: 2026-09-22T14:54:28.137Z. Allowed clock skew: 0 milliseconds.]
2026-09-22 20:24:31 INFO  c.t.f.s.s.AuthService --- Login Success
2026-09-22 23:15:11 WARN  c.z.h.p.PoolBase --- HikariPool-1 - Failed to validate connection org.postgresql.jdbc.PgConnection@2687ae6b (This connection has been closed.). Possibly consider using a shorter maxLifetime value.
2026-09-22 23:15:12 INFO  o.s.b.t.GracefulShutdown --- Commencing graceful shutdown. Waiting for active requests to complete
2026-09-22 23:15:12 INFO  o.s.b.t.GracefulShutdown --- Graceful shutdown complete
2026-09-22 23:15:12 INFO  o.s.o.j.LocalContainerEntityManagerFactoryBean --- Closing JPA EntityManagerFactory for persistence unit 'default'
2026-09-22 23:15:12 INFO  c.z.h.HikariDataSource --- HikariPool-1 - Shutdown initiated...
2026-09-22 23:15:13 INFO  c.z.h.HikariDataSource --- HikariPool-1 - Shutdown completed.
