2026-09-25 15:04:11 INFO  o.h.v.i.u.Version --- HV000001: Hibernate Validator 9.1.3.Final
2026-09-25 15:04:11 INFO  c.t.f.FinsightApplication --- Starting FinsightApplication using Java 21.0.12.1 with PID 12799 (/home/abdul-rahman/Project/finsight/target/classes started by abdul-rahman in /home/abdul-rahman/Project/finsight)
2026-09-25 15:04:11 DEBUG c.t.f.FinsightApplication --- Running with Spring Boot v4.1.1, Spring v7.0.9
2026-09-25 15:04:11 INFO  c.t.f.FinsightApplication --- No active profile set, falling back to 1 default profile: "default"
2026-09-25 15:04:11 INFO  o.s.b.d.e.DevToolsPropertyDefaultsPostProcessor --- Devtools property defaults active! Set 'spring.devtools.add-properties' to 'false' to disable
2026-09-25 15:04:11 INFO  o.s.b.d.e.DevToolsPropertyDefaultsPostProcessor --- For additional web related logging consider setting the 'logging.level.web' property to 'DEBUG'
2026-09-25 15:04:12 INFO  o.s.d.r.c.RepositoryConfigurationDelegate --- Bootstrapping Spring Data JPA repositories in DEFAULT mode.
2026-09-25 15:04:12 INFO  o.s.d.r.c.RepositoryConfigurationDelegate --- Finished Spring Data repository scanning in 37 ms. Found 5 JPA repository interfaces.
2026-09-25 15:04:12 INFO  o.s.b.t.TomcatWebServer --- Tomcat initialized with port 8080 (http)
2026-09-25 15:04:12 INFO  o.a.c.h.Http11NioProtocol --- Initializing ProtocolHandler ["http-nio-8080"]
2026-09-25 15:04:12 INFO  o.a.c.c.StandardService --- Starting service [Tomcat]
2026-09-25 15:04:12 INFO  o.a.c.c.StandardEngine --- Starting Servlet engine: [Apache Tomcat/11.0.24]
2026-09-25 15:04:12 INFO  o.s.b.w.c.s.WebApplicationContextInitializer --- Root WebApplicationContext: initialization completed in 939 ms
2026-09-25 15:04:12 INFO  o.h.o.jpa --- HHH008540: Processing PersistenceUnitInfo [name: default]
2026-09-25 15:04:12 INFO  o.h.o.core --- HHH000001: Hibernate ORM core version 7.4.5.Final
2026-09-25 15:04:12 INFO  o.s.o.j.p.SpringPersistenceUnitInfo --- No LoadTimeWeaver setup: ignoring JPA class transformer
2026-09-25 15:04:12 INFO  c.z.h.HikariDataSource --- HikariPool-1 - Starting...
2026-09-25 15:04:13 INFO  c.z.h.p.HikariPool --- HikariPool-1 - Added connection org.postgresql.jdbc.PgConnection@678a16c9
2026-09-25 15:04:13 INFO  c.z.h.HikariDataSource --- HikariPool-1 - Start completed.
2026-09-25 15:04:13 INFO  o.h.o.c.pooling --- HHH10001005: Database info:
	Database JDBC URL [jdbc:postgresql://localhost:5432/finsight]
	Database driver: PostgreSQL JDBC Driver
	Database dialect: PostgreSQLDialect
	Database version: 18.6
	Default catalog/schema: finsight/public
	Autocommit mode: undefined/unknown
	Isolation level: READ_COMMITTED [default READ_COMMITTED]
	JDBC fetch size: none
	Pool: DataSourceConnectionProvider
	Minimum pool size: undefined/unknown
	Maximum pool size: undefined/unknown
2026-09-25 15:04:14 INFO  o.h.o.core --- HHH000489: No JTA platform available (set 'hibernate.transaction.jta.platform' to enable JTA platform integration)
2026-09-25 15:04:14 INFO  o.s.o.j.LocalContainerEntityManagerFactoryBean --- Initialized JPA EntityManagerFactory for persistence unit 'default'
2026-09-25 15:04:14 INFO  o.s.d.j.r.q.QueryEnhancerFactories --- Hibernate is in classpath; If applicable, HQL parser will be used.
2026-09-25 15:04:14 WARN  o.s.b.j.a.JpaBaseConfiguration$JpaWebConfiguration --- spring.jpa.open-in-view is enabled by default. Therefore, database queries may be performed during view rendering. Explicitly configure spring.jpa.open-in-view to disable this warning
2026-09-25 15:04:14 DEBUG c.t.f.s.f.JwtAuthFilter --- Filter 'jwtAuthFilter' configured for use
2026-09-25 15:04:14 INFO  o.s.s.c.a.a.c.InitializeUserDetailsBeanManagerConfigurer$InitializeUserDetailsManagerConfigurer --- Global AuthenticationManager configured with UserDetailsService bean with name userService
2026-09-25 15:04:14 INFO  o.a.c.h.Http11NioProtocol --- Starting ProtocolHandler ["http-nio-8080"]
2026-09-25 15:04:14 INFO  o.s.b.t.TomcatWebServer --- Tomcat started on port 8080 (http) with context path '/'
2026-09-25 15:04:14 INFO  c.t.f.FinsightApplication --- Started FinsightApplication in 3.913 seconds (process running for 4.382)
2026-09-25 15:04:31 INFO  o.a.c.c.C.[.[.[/] --- Initializing Spring DispatcherServlet 'dispatcherServlet'
2026-09-25 15:04:31 INFO  o.s.w.s.DispatcherServlet --- Initializing Servlet 'dispatcherServlet'
2026-09-25 15:04:31 INFO  o.s.w.s.DispatcherServlet --- Completed initialization in 1 ms
2026-09-25 15:04:31 DEBUG o.h.SQL --- select u1_0.id,u1_0.base_currency,u1_0.created_at,u1_0.email,u1_0.is_active,u1_0.name,u1_0.password,u1_0.role,u1_0.total_balance,u1_0.updated_at from users u1_0 where u1_0.email=?
2026-09-25 15:04:31 TRACE o.h.o.j.bind --- binding parameter (1:VARCHAR) <- [user2@gmail.com]
2026-09-25 15:04:31 DEBUG o.h.SQL --- select s1_0.id,s1_0.created_at,s1_0.is_valid,s1_0.last_used_at,s1_0.refresh_token,s1_0.user_id from session s1_0 where s1_0.user_id=?
2026-09-25 15:04:31 TRACE o.h.o.j.bind --- binding parameter (1:BIGINT) <- [1]
2026-09-25 15:04:31 DEBUG o.h.SQL --- delete from session where id=?
2026-09-25 15:04:31 TRACE o.h.o.j.bind --- binding parameter (1:BIGINT) <- [23]
2026-09-25 15:04:31 DEBUG o.h.SQL --- insert into session (created_at,is_valid,last_used_at,refresh_token,user_id) values (?,?,?,?,?)
2026-09-25 15:04:31 TRACE o.h.o.j.bind --- binding parameter (1:TIMESTAMP) <- [2026-09-25T15:04:31.771342]
2026-09-25 15:04:31 TRACE o.h.o.j.bind --- binding parameter (2:BOOLEAN) <- [true]
2026-09-25 15:04:31 TRACE o.h.o.j.bind --- binding parameter (3:TIMESTAMP) <- [2026-09-25T15:04:31.767116825]
2026-09-25 15:04:31 TRACE o.h.o.j.bind --- binding parameter (4:VARCHAR) <- [eyJhbGciOiJIUzI1NiJ9.eyJzdWIiOiIxIiwiaWF0IjoxNzkwMzI4ODcxLCJleHAiOjE3OTA4NDcyNzF9.-bclI1syUnkujYnZsT5IUHWnRvHg5M_MSN5wuFc4gqA]
2026-09-25 15:04:31 TRACE o.h.o.j.bind --- binding parameter (5:BIGINT) <- [1]
2026-09-25 15:04:31 INFO  c.t.f.s.s.AuthService --- Login Success
2026-09-25 15:05:11 DEBUG o.h.SQL --- select u1_0.id,u1_0.base_currency,u1_0.created_at,u1_0.email,u1_0.is_active,u1_0.name,u1_0.password,u1_0.role,u1_0.total_balance,u1_0.updated_at from users u1_0 where u1_0.id=?
2026-09-25 15:05:11 TRACE o.h.o.j.bind --- binding parameter (1:BIGINT) <- [1]
2026-09-25 15:05:11 DEBUG o.h.SQL --- select t1_0.id,t1_0.amount,t1_0.category_id,t1_0.description,t1_0.transaction_date,t1_0.transaction_type,t1_0.user_id from transaction t1_0 where t1_0.user_id=? and t1_0.id=?
2026-09-25 15:05:11 TRACE o.h.o.j.bind --- binding parameter (1:BIGINT) <- [1]
2026-09-25 15:05:11 TRACE o.h.o.j.bind --- binding parameter (2:BIGINT) <- [1]
2026-09-25 15:05:12 DEBUG o.h.SQL --- select c1_0.id,c1_0.description,c1_0.icon,c1_0.is_default,c1_0.name,c1_0.transaction_type,u1_0.id,u1_0.base_currency,u1_0.created_at,u1_0.email,u1_0.is_active,u1_0.name,u1_0.password,u1_0.role,u1_0.total_balance,u1_0.updated_at from category c1_0 left join users u1_0 on u1_0.id=c1_0.user_id where c1_0.id=?
2026-09-25 15:05:12 TRACE o.h.o.j.bind --- binding parameter (1:BIGINT) <- [1]
2026-09-25 15:09:11 INFO  o.s.b.t.GracefulShutdown --- Commencing graceful shutdown. Waiting for active requests to complete
2026-09-25 15:09:11 INFO  o.s.b.t.GracefulShutdown --- Graceful shutdown complete
2026-09-25 15:09:11 INFO  o.s.o.j.LocalContainerEntityManagerFactoryBean --- Closing JPA EntityManagerFactory for persistence unit 'default'
2026-09-25 15:09:11 INFO  c.z.h.HikariDataSource --- HikariPool-1 - Shutdown initiated...
2026-09-25 15:09:11 INFO  c.z.h.HikariDataSource --- HikariPool-1 - Shutdown completed.
2026-09-25 15:09:14 INFO  o.h.v.i.u.Version --- HV000001: Hibernate Validator 9.1.3.Final
2026-09-25 15:09:14 INFO  c.t.f.FinsightApplication --- Starting FinsightApplication using Java 21.0.12.1 with PID 15573 (/home/abdul-rahman/Project/finsight/target/classes started by abdul-rahman in /home/abdul-rahman/Project/finsight)
2026-09-25 15:09:14 DEBUG c.t.f.FinsightApplication --- Running with Spring Boot v4.1.1, Spring v7.0.9
2026-09-25 15:09:14 INFO  c.t.f.FinsightApplication --- No active profile set, falling back to 1 default profile: "default"
2026-09-25 15:09:15 INFO  o.s.b.d.e.DevToolsPropertyDefaultsPostProcessor --- Devtools property defaults active! Set 'spring.devtools.add-properties' to 'false' to disable
2026-09-25 15:09:15 INFO  o.s.b.d.e.DevToolsPropertyDefaultsPostProcessor --- For additional web related logging consider setting the 'logging.level.web' property to 'DEBUG'
2026-09-25 15:09:15 INFO  o.s.d.r.c.RepositoryConfigurationDelegate --- Bootstrapping Spring Data JPA repositories in DEFAULT mode.
2026-09-25 15:09:15 INFO  o.s.d.r.c.RepositoryConfigurationDelegate --- Finished Spring Data repository scanning in 48 ms. Found 5 JPA repository interfaces.
2026-09-25 15:09:16 INFO  o.s.b.t.TomcatWebServer --- Tomcat initialized with port 8080 (http)
2026-09-25 15:09:16 INFO  o.a.c.h.Http11NioProtocol --- Initializing ProtocolHandler ["http-nio-8080"]
2026-09-25 15:09:16 INFO  o.a.c.c.StandardService --- Starting service [Tomcat]
2026-09-25 15:09:16 INFO  o.a.c.c.StandardEngine --- Starting Servlet engine: [Apache Tomcat/11.0.24]
2026-09-25 15:09:16 INFO  o.s.b.w.c.s.WebApplicationContextInitializer --- Root WebApplicationContext: initialization completed in 1052 ms
2026-09-25 15:09:16 INFO  o.h.o.jpa --- HHH008540: Processing PersistenceUnitInfo [name: default]
2026-09-25 15:09:16 INFO  o.h.o.core --- HHH000001: Hibernate ORM core version 7.4.5.Final
2026-09-25 15:09:16 INFO  o.s.o.j.p.SpringPersistenceUnitInfo --- No LoadTimeWeaver setup: ignoring JPA class transformer
2026-09-25 15:09:16 INFO  c.z.h.HikariDataSource --- HikariPool-1 - Starting...
2026-09-25 15:09:16 INFO  c.z.h.p.HikariPool --- HikariPool-1 - Added connection org.postgresql.jdbc.PgConnection@7371295b
2026-09-25 15:09:16 INFO  c.z.h.HikariDataSource --- HikariPool-1 - Start completed.
2026-09-25 15:09:16 INFO  o.h.o.c.pooling --- HHH10001005: Database info:
	Database JDBC URL [jdbc:postgresql://localhost:5432/finsight]
	Database driver: PostgreSQL JDBC Driver
	Database dialect: PostgreSQLDialect
	Database version: 18.6
	Default catalog/schema: finsight/public
	Autocommit mode: undefined/unknown
	Isolation level: READ_COMMITTED [default READ_COMMITTED]
	JDBC fetch size: none
	Pool: DataSourceConnectionProvider
	Minimum pool size: undefined/unknown
	Maximum pool size: undefined/unknown
2026-09-25 15:09:17 INFO  o.h.o.core --- HHH000489: No JTA platform available (set 'hibernate.transaction.jta.platform' to enable JTA platform integration)
2026-09-25 15:09:17 DEBUG o.h.SQL --- alter table if exists transaction add column is_deleted boolean
2026-09-25 15:09:17 INFO  o.s.o.j.LocalContainerEntityManagerFactoryBean --- Initialized JPA EntityManagerFactory for persistence unit 'default'
2026-09-25 15:09:17 INFO  o.s.d.j.r.q.QueryEnhancerFactories --- Hibernate is in classpath; If applicable, HQL parser will be used.
2026-09-25 15:09:18 WARN  o.s.b.j.a.JpaBaseConfiguration$JpaWebConfiguration --- spring.jpa.open-in-view is enabled by default. Therefore, database queries may be performed during view rendering. Explicitly configure spring.jpa.open-in-view to disable this warning
2026-09-25 15:09:18 DEBUG c.t.f.s.f.JwtAuthFilter --- Filter 'jwtAuthFilter' configured for use
2026-09-25 15:09:18 INFO  o.s.s.c.a.a.c.InitializeUserDetailsBeanManagerConfigurer$InitializeUserDetailsManagerConfigurer --- Global AuthenticationManager configured with UserDetailsService bean with name userService
2026-09-25 15:09:18 INFO  o.a.c.h.Http11NioProtocol --- Starting ProtocolHandler ["http-nio-8080"]
2026-09-25 15:09:18 INFO  o.s.b.t.TomcatWebServer --- Tomcat started on port 8080 (http) with context path '/'
2026-09-25 15:09:18 INFO  c.t.f.FinsightApplication --- Started FinsightApplication in 4.391 seconds (process running for 4.794)
2026-09-25 16:07:54 INFO  o.s.b.t.GracefulShutdown --- Commencing graceful shutdown. Waiting for active requests to complete
2026-09-25 16:07:54 INFO  o.s.b.t.GracefulShutdown --- Graceful shutdown complete
2026-09-25 16:07:54 INFO  o.s.o.j.LocalContainerEntityManagerFactoryBean --- Closing JPA EntityManagerFactory for persistence unit 'default'
2026-09-25 16:07:54 INFO  c.z.h.HikariDataSource --- HikariPool-1 - Shutdown initiated...
2026-09-25 16:07:54 INFO  c.z.h.HikariDataSource --- HikariPool-1 - Shutdown completed.
2026-09-25 16:08:11 INFO  o.h.v.i.u.Version --- HV000001: Hibernate Validator 9.1.3.Final
2026-09-25 16:08:11 INFO  c.t.f.FinsightApplication --- Starting FinsightApplication using Java 21.0.12.1 with PID 32531 (/home/abdul-rahman/Project/finsight/target/classes started by abdul-rahman in /home/abdul-rahman/Project/finsight)
2026-09-25 16:08:11 DEBUG c.t.f.FinsightApplication --- Running with Spring Boot v4.1.1, Spring v7.0.9
2026-09-25 16:08:11 INFO  c.t.f.FinsightApplication --- No active profile set, falling back to 1 default profile: "default"
2026-09-25 16:08:11 INFO  o.s.b.d.e.DevToolsPropertyDefaultsPostProcessor --- Devtools property defaults active! Set 'spring.devtools.add-properties' to 'false' to disable
2026-09-25 16:08:11 INFO  o.s.b.d.e.DevToolsPropertyDefaultsPostProcessor --- For additional web related logging consider setting the 'logging.level.web' property to 'DEBUG'
2026-09-25 16:08:11 INFO  o.s.d.r.c.RepositoryConfigurationDelegate --- Bootstrapping Spring Data JPA repositories in DEFAULT mode.
2026-09-25 16:08:11 INFO  o.s.d.r.c.RepositoryConfigurationDelegate --- Finished Spring Data repository scanning in 41 ms. Found 5 JPA repository interfaces.
2026-09-25 16:08:12 INFO  o.s.b.t.TomcatWebServer --- Tomcat initialized with port 8080 (http)
2026-09-25 16:08:12 INFO  o.a.c.h.Http11NioProtocol --- Initializing ProtocolHandler ["http-nio-8080"]
2026-09-25 16:08:12 INFO  o.a.c.c.StandardService --- Starting service [Tomcat]
2026-09-25 16:08:12 INFO  o.a.c.c.StandardEngine --- Starting Servlet engine: [Apache Tomcat/11.0.24]
2026-09-25 16:08:12 INFO  o.s.b.w.c.s.WebApplicationContextInitializer --- Root WebApplicationContext: initialization completed in 1044 ms
2026-09-25 16:08:12 INFO  o.h.o.jpa --- HHH008540: Processing PersistenceUnitInfo [name: default]
2026-09-25 16:08:12 INFO  o.h.o.core --- HHH000001: Hibernate ORM core version 7.4.5.Final
2026-09-25 16:08:12 INFO  o.s.o.j.p.SpringPersistenceUnitInfo --- No LoadTimeWeaver setup: ignoring JPA class transformer
2026-09-25 16:08:12 INFO  c.z.h.HikariDataSource --- HikariPool-1 - Starting...
2026-09-25 16:08:13 INFO  c.z.h.p.HikariPool --- HikariPool-1 - Added connection org.postgresql.jdbc.PgConnection@74aba8c
2026-09-25 16:08:13 INFO  c.z.h.HikariDataSource --- HikariPool-1 - Start completed.
2026-09-25 16:08:13 INFO  o.h.o.c.pooling --- HHH10001005: Database info:
	Database JDBC URL [jdbc:postgresql://localhost:5432/finsight]
	Database driver: PostgreSQL JDBC Driver
	Database dialect: PostgreSQLDialect
	Database version: 18.6
	Default catalog/schema: finsight/public
	Autocommit mode: undefined/unknown
	Isolation level: READ_COMMITTED [default READ_COMMITTED]
	JDBC fetch size: none
	Pool: DataSourceConnectionProvider
	Minimum pool size: undefined/unknown
	Maximum pool size: undefined/unknown
2026-09-25 16:08:13 INFO  o.h.o.core --- HHH000489: No JTA platform available (set 'hibernate.transaction.jta.platform' to enable JTA platform integration)
2026-09-25 16:08:14 INFO  o.s.o.j.LocalContainerEntityManagerFactoryBean --- Initialized JPA EntityManagerFactory for persistence unit 'default'
2026-09-25 16:08:14 INFO  o.s.d.j.r.q.QueryEnhancerFactories --- Hibernate is in classpath; If applicable, HQL parser will be used.
2026-09-25 16:08:14 WARN  o.s.b.j.a.JpaBaseConfiguration$JpaWebConfiguration --- spring.jpa.open-in-view is enabled by default. Therefore, database queries may be performed during view rendering. Explicitly configure spring.jpa.open-in-view to disable this warning
2026-09-25 16:08:14 DEBUG c.t.f.s.f.JwtAuthFilter --- Filter 'jwtAuthFilter' configured for use
2026-09-25 16:08:14 INFO  o.s.s.c.a.a.c.InitializeUserDetailsBeanManagerConfigurer$InitializeUserDetailsManagerConfigurer --- Global AuthenticationManager configured with UserDetailsService bean with name userService
2026-09-25 16:08:14 INFO  o.a.c.h.Http11NioProtocol --- Starting ProtocolHandler ["http-nio-8080"]
2026-09-25 16:08:15 INFO  o.s.b.t.TomcatWebServer --- Tomcat started on port 8080 (http) with context path '/'
2026-09-25 16:08:15 INFO  c.t.f.FinsightApplication --- Started FinsightApplication in 4.229 seconds (process running for 4.661)
2026-09-25 16:08:32 INFO  o.a.c.c.C.[.[.[/] --- Initializing Spring DispatcherServlet 'dispatcherServlet'
2026-09-25 16:08:32 INFO  o.s.w.s.DispatcherServlet --- Initializing Servlet 'dispatcherServlet'
2026-09-25 16:08:32 INFO  o.s.w.s.DispatcherServlet --- Completed initialization in 2 ms
2026-09-25 16:08:33 DEBUG o.h.SQL --- select u1_0.id,u1_0.base_currency,u1_0.created_at,u1_0.email,u1_0.is_active,u1_0.name,u1_0.password,u1_0.role,u1_0.total_balance,u1_0.updated_at from users u1_0 where u1_0.email=?
2026-09-25 16:08:33 DEBUG o.h.SQL --- select s1_0.id,s1_0.created_at,s1_0.is_valid,s1_0.last_used_at,s1_0.refresh_token,s1_0.user_id from session s1_0 where s1_0.user_id=?
2026-09-25 16:08:33 DEBUG o.h.SQL --- delete from session where id=?
2026-09-25 16:08:33 DEBUG o.h.SQL --- insert into session (created_at,is_valid,last_used_at,refresh_token,user_id) values (?,?,?,?,?)
2026-09-25 16:08:33 INFO  c.t.f.s.s.AuthService --- Login Success
2026-09-25 16:09:11 DEBUG o.h.SQL --- select u1_0.id,u1_0.base_currency,u1_0.created_at,u1_0.email,u1_0.is_active,u1_0.name,u1_0.password,u1_0.role,u1_0.total_balance,u1_0.updated_at from users u1_0 where u1_0.id=?
2026-09-25 16:09:11 DEBUG o.h.SQL --- select u1_0.id,u1_0.base_currency,u1_0.created_at,u1_0.email,u1_0.is_active,u1_0.name,u1_0.password,u1_0.role,u1_0.total_balance,u1_0.updated_at from users u1_0 where u1_0.id=?
2026-09-25 16:09:11 DEBUG o.h.SQL --- select c1_0.id,c1_0.description,c1_0.icon,c1_0.is_default,c1_0.name,c1_0.transaction_type,c1_0.user_id from category c1_0 where c1_0.id=? and c1_0.user_id=?
2026-09-25 16:09:11 INFO  c.t.f.t.TransactionService --- Trying to create a new transaction with categoryId 2
2026-09-25 16:09:11 WARN  o.s.w.s.m.m.a.ExceptionHandlerExceptionResolver --- Resolved [java.lang.NullPointerException: isDeleted is marked non-null but is null]
2026-09-25 16:09:36 DEBUG o.h.SQL --- select u1_0.id,u1_0.base_currency,u1_0.created_at,u1_0.email,u1_0.is_active,u1_0.name,u1_0.password,u1_0.role,u1_0.total_balance,u1_0.updated_at from users u1_0 where u1_0.id=?
2026-09-25 16:09:36 DEBUG o.h.SQL --- select u1_0.id,u1_0.base_currency,u1_0.created_at,u1_0.email,u1_0.is_active,u1_0.name,u1_0.password,u1_0.role,u1_0.total_balance,u1_0.updated_at from users u1_0 where u1_0.id=?
2026-09-25 16:09:36 DEBUG o.h.SQL --- select c1_0.id,c1_0.description,c1_0.icon,c1_0.is_default,c1_0.name,c1_0.transaction_type,c1_0.user_id from category c1_0 where c1_0.id=? and c1_0.user_id=?
2026-09-25 16:09:36 INFO  c.t.f.t.TransactionService --- Trying to create a new transaction with categoryId 2
2026-09-25 16:09:36 WARN  o.s.w.s.m.m.a.ExceptionHandlerExceptionResolver --- Resolved [java.lang.NullPointerException: isDeleted is marked non-null but is null]
2026-09-25 16:10:24 INFO  o.s.b.t.GracefulShutdown --- Commencing graceful shutdown. Waiting for active requests to complete
2026-09-25 16:10:24 INFO  o.s.b.t.GracefulShutdown --- Graceful shutdown complete
2026-09-25 16:10:24 INFO  o.s.o.j.LocalContainerEntityManagerFactoryBean --- Closing JPA EntityManagerFactory for persistence unit 'default'
2026-09-25 16:10:24 INFO  c.z.h.HikariDataSource --- HikariPool-1 - Shutdown initiated...
2026-09-25 16:10:24 INFO  c.z.h.HikariDataSource --- HikariPool-1 - Shutdown completed.
2026-09-25 16:10:27 INFO  o.h.v.i.u.Version --- HV000001: Hibernate Validator 9.1.3.Final
2026-09-25 16:10:27 INFO  c.t.f.FinsightApplication --- Starting FinsightApplication using Java 21.0.12.1 with PID 33050 (/home/abdul-rahman/Project/finsight/target/classes started by abdul-rahman in /home/abdul-rahman/Project/finsight)
2026-09-25 16:10:27 DEBUG c.t.f.FinsightApplication --- Running with Spring Boot v4.1.1, Spring v7.0.9
2026-09-25 16:10:27 INFO  c.t.f.FinsightApplication --- No active profile set, falling back to 1 default profile: "default"
2026-09-25 16:10:27 INFO  o.s.b.d.e.DevToolsPropertyDefaultsPostProcessor --- Devtools property defaults active! Set 'spring.devtools.add-properties' to 'false' to disable
2026-09-25 16:10:27 INFO  o.s.b.d.e.DevToolsPropertyDefaultsPostProcessor --- For additional web related logging consider setting the 'logging.level.web' property to 'DEBUG'
2026-09-25 16:10:28 INFO  o.s.d.r.c.RepositoryConfigurationDelegate --- Bootstrapping Spring Data JPA repositories in DEFAULT mode.
2026-09-25 16:10:28 INFO  o.s.d.r.c.RepositoryConfigurationDelegate --- Finished Spring Data repository scanning in 46 ms. Found 5 JPA repository interfaces.
2026-09-25 16:10:28 INFO  o.s.b.t.TomcatWebServer --- Tomcat initialized with port 8080 (http)
2026-09-25 16:10:28 INFO  o.a.c.h.Http11NioProtocol --- Initializing ProtocolHandler ["http-nio-8080"]
2026-09-25 16:10:28 INFO  o.a.c.c.StandardService --- Starting service [Tomcat]
2026-09-25 16:10:28 INFO  o.a.c.c.StandardEngine --- Starting Servlet engine: [Apache Tomcat/11.0.24]
2026-09-25 16:10:28 INFO  o.s.b.w.c.s.WebApplicationContextInitializer --- Root WebApplicationContext: initialization completed in 1236 ms
2026-09-25 16:10:28 INFO  o.h.o.jpa --- HHH008540: Processing PersistenceUnitInfo [name: default]
2026-09-25 16:10:28 INFO  o.h.o.core --- HHH000001: Hibernate ORM core version 7.4.5.Final
2026-09-25 16:10:29 INFO  o.s.o.j.p.SpringPersistenceUnitInfo --- No LoadTimeWeaver setup: ignoring JPA class transformer
2026-09-25 16:10:29 INFO  c.z.h.HikariDataSource --- HikariPool-1 - Starting...
2026-09-25 16:10:29 INFO  c.z.h.p.HikariPool --- HikariPool-1 - Added connection org.postgresql.jdbc.PgConnection@3d6b4716
2026-09-25 16:10:29 INFO  c.z.h.HikariDataSource --- HikariPool-1 - Start completed.
2026-09-25 16:10:29 INFO  o.h.o.c.pooling --- HHH10001005: Database info:
	Database JDBC URL [jdbc:postgresql://localhost:5432/finsight]
	Database driver: PostgreSQL JDBC Driver
	Database dialect: PostgreSQLDialect
	Database version: 18.6
	Default catalog/schema: finsight/public
	Autocommit mode: undefined/unknown
	Isolation level: READ_COMMITTED [default READ_COMMITTED]
	JDBC fetch size: none
	Pool: DataSourceConnectionProvider
	Minimum pool size: undefined/unknown
	Maximum pool size: undefined/unknown
2026-09-25 16:10:30 INFO  o.h.o.core --- HHH000489: No JTA platform available (set 'hibernate.transaction.jta.platform' to enable JTA platform integration)
2026-09-25 16:10:30 INFO  o.s.o.j.LocalContainerEntityManagerFactoryBean --- Initialized JPA EntityManagerFactory for persistence unit 'default'
2026-09-25 16:10:30 INFO  o.s.d.j.r.q.QueryEnhancerFactories --- Hibernate is in classpath; If applicable, HQL parser will be used.
2026-09-25 16:10:30 WARN  o.s.b.j.a.JpaBaseConfiguration$JpaWebConfiguration --- spring.jpa.open-in-view is enabled by default. Therefore, database queries may be performed during view rendering. Explicitly configure spring.jpa.open-in-view to disable this warning
2026-09-25 16:10:30 DEBUG c.t.f.s.f.JwtAuthFilter --- Filter 'jwtAuthFilter' configured for use
2026-09-25 16:10:30 INFO  o.s.s.c.a.a.c.InitializeUserDetailsBeanManagerConfigurer$InitializeUserDetailsManagerConfigurer --- Global AuthenticationManager configured with UserDetailsService bean with name userService
2026-09-25 16:10:31 INFO  o.a.c.h.Http11NioProtocol --- Starting ProtocolHandler ["http-nio-8080"]
2026-09-25 16:10:31 INFO  o.s.b.t.TomcatWebServer --- Tomcat started on port 8080 (http) with context path '/'
2026-09-25 16:10:31 INFO  c.t.f.FinsightApplication --- Started FinsightApplication in 4.361 seconds (process running for 4.763)
2026-09-25 16:10:54 INFO  o.a.c.c.C.[.[.[/] --- Initializing Spring DispatcherServlet 'dispatcherServlet'
2026-09-25 16:10:54 INFO  o.s.w.s.DispatcherServlet --- Initializing Servlet 'dispatcherServlet'
2026-09-25 16:10:54 INFO  o.s.w.s.DispatcherServlet --- Completed initialization in 1 ms
2026-09-25 16:10:54 DEBUG o.h.SQL --- select u1_0.id,u1_0.base_currency,u1_0.created_at,u1_0.email,u1_0.is_active,u1_0.name,u1_0.password,u1_0.role,u1_0.total_balance,u1_0.updated_at from users u1_0 where u1_0.id=?
2026-09-25 16:10:54 DEBUG o.h.SQL --- select u1_0.id,u1_0.base_currency,u1_0.created_at,u1_0.email,u1_0.is_active,u1_0.name,u1_0.password,u1_0.role,u1_0.total_balance,u1_0.updated_at from users u1_0 where u1_0.id=?
2026-09-25 16:10:54 DEBUG o.h.SQL --- select c1_0.id,c1_0.description,c1_0.icon,c1_0.is_default,c1_0.name,c1_0.transaction_type,c1_0.user_id from category c1_0 where c1_0.id=? and c1_0.user_id=?
2026-09-25 16:10:54 INFO  c.t.f.t.TransactionService --- Trying to create a new transaction with categoryId 2
2026-09-25 16:10:54 DEBUG o.h.SQL --- select b1_0.id,b1_0.allocated_amount,b1_0.category_id,b1_0.is_breached,b1_0.month,b1_0.spent_amount,b1_0.user_id from budget b1_0 where b1_0.user_id=? and b1_0.category_id=? and b1_0.month=?
2026-09-25 16:10:54 INFO  c.t.f.t.TransactionService --- New transaction created. TransactionId: null
2026-09-25 16:10:54 DEBUG o.h.SQL --- insert into transaction (amount,category_id,description,is_deleted,transaction_date,transaction_type,user_id) values (?,?,?,?,?,?,?)
2026-09-25 16:10:54 DEBUG o.h.SQL --- update budget set allocated_amount=?,category_id=?,is_breached=?,month=?,spent_amount=?,user_id=? where id=?
2026-09-25 16:11:17 DEBUG o.h.SQL --- select u1_0.id,u1_0.base_currency,u1_0.created_at,u1_0.email,u1_0.is_active,u1_0.name,u1_0.password,u1_0.role,u1_0.total_balance,u1_0.updated_at from users u1_0 where u1_0.id=?
2026-09-25 16:11:17 DEBUG o.h.SQL --- select u1_0.id,u1_0.base_currency,u1_0.created_at,u1_0.email,u1_0.is_active,u1_0.name,u1_0.password,u1_0.role,u1_0.total_balance,u1_0.updated_at from users u1_0 where u1_0.id=?
2026-09-25 16:11:17 DEBUG o.h.SQL --- select c1_0.id,c1_0.description,c1_0.icon,c1_0.is_default,c1_0.name,c1_0.transaction_type,c1_0.user_id from category c1_0 where c1_0.id=? and c1_0.user_id=?
2026-09-25 16:11:17 INFO  c.t.f.t.TransactionService --- Trying to create a new transaction with categoryId 2
2026-09-25 16:11:17 DEBUG o.h.SQL --- select b1_0.id,b1_0.allocated_amount,b1_0.category_id,b1_0.is_breached,b1_0.month,b1_0.spent_amount,b1_0.user_id from budget b1_0 where b1_0.user_id=? and b1_0.category_id=? and b1_0.month=?
2026-09-25 16:11:17 INFO  c.t.f.t.TransactionService --- New transaction created. TransactionId: null
2026-09-25 16:11:17 DEBUG o.h.SQL --- insert into transaction (amount,category_id,description,is_deleted,transaction_date,transaction_type,user_id) values (?,?,?,?,?,?,?)
2026-09-25 16:11:17 DEBUG o.h.SQL --- update budget set allocated_amount=?,category_id=?,is_breached=?,month=?,spent_amount=?,user_id=? where id=?
2026-09-25 16:11:41 DEBUG o.h.SQL --- select u1_0.id,u1_0.base_currency,u1_0.created_at,u1_0.email,u1_0.is_active,u1_0.name,u1_0.password,u1_0.role,u1_0.total_balance,u1_0.updated_at from users u1_0 where u1_0.id=?
2026-09-25 16:11:41 DEBUG o.h.SQL --- select u1_0.id,u1_0.base_currency,u1_0.created_at,u1_0.email,u1_0.is_active,u1_0.name,u1_0.password,u1_0.role,u1_0.total_balance,u1_0.updated_at from users u1_0 where u1_0.id=?
2026-09-25 16:11:42 DEBUG o.h.SQL --- select c1_0.id,c1_0.description,c1_0.icon,c1_0.is_default,c1_0.name,c1_0.transaction_type,c1_0.user_id from category c1_0 where c1_0.id=? and c1_0.user_id=?
2026-09-25 16:11:42 INFO  c.t.f.t.TransactionService --- Trying to create a new transaction with categoryId 1
2026-09-25 16:11:42 DEBUG o.h.SQL --- select b1_0.id,b1_0.allocated_amount,b1_0.category_id,b1_0.is_breached,b1_0.month,b1_0.spent_amount,b1_0.user_id from budget b1_0 where b1_0.user_id=? and b1_0.category_id=? and b1_0.month=?
2026-09-25 16:11:42 INFO  c.t.f.t.TransactionService --- New transaction created. TransactionId: null
2026-09-25 16:11:42 DEBUG o.h.SQL --- insert into transaction (amount,category_id,description,is_deleted,transaction_date,transaction_type,user_id) values (?,?,?,?,?,?,?)
2026-09-25 16:11:42 DEBUG o.h.SQL --- update users set base_currency=?,email=?,is_active=?,name=?,password=?,role=?,total_balance=?,updated_at=? where id=?
2026-09-25 16:11:51 DEBUG o.h.SQL --- select u1_0.id,u1_0.base_currency,u1_0.created_at,u1_0.email,u1_0.is_active,u1_0.name,u1_0.password,u1_0.role,u1_0.total_balance,u1_0.updated_at from users u1_0 where u1_0.id=?
2026-09-25 16:11:51 DEBUG o.h.SQL --- select u1_0.id,u1_0.base_currency,u1_0.created_at,u1_0.email,u1_0.is_active,u1_0.name,u1_0.password,u1_0.role,u1_0.total_balance,u1_0.updated_at from users u1_0 where u1_0.id=?
2026-09-25 16:11:51 DEBUG o.h.SQL --- select c1_0.id,c1_0.description,c1_0.icon,c1_0.is_default,c1_0.name,c1_0.transaction_type,c1_0.user_id from category c1_0 where c1_0.id=? and c1_0.user_id=?
2026-09-25 16:11:51 INFO  c.t.f.t.TransactionService --- Trying to create a new transaction with categoryId 1
2026-09-25 16:11:51 DEBUG o.h.SQL --- select b1_0.id,b1_0.allocated_amount,b1_0.category_id,b1_0.is_breached,b1_0.month,b1_0.spent_amount,b1_0.user_id from budget b1_0 where b1_0.user_id=? and b1_0.category_id=? and b1_0.month=?
2026-09-25 16:11:51 INFO  c.t.f.t.TransactionService --- New transaction created. TransactionId: null
2026-09-25 16:11:51 DEBUG o.h.SQL --- insert into transaction (amount,category_id,description,is_deleted,transaction_date,transaction_type,user_id) values (?,?,?,?,?,?,?)
2026-09-25 16:11:51 DEBUG o.h.SQL --- update users set base_currency=?,email=?,is_active=?,name=?,password=?,role=?,total_balance=?,updated_at=? where id=?
2026-09-25 16:17:12 DEBUG o.h.SQL --- select u1_0.id,u1_0.base_currency,u1_0.created_at,u1_0.email,u1_0.is_active,u1_0.name,u1_0.password,u1_0.role,u1_0.total_balance,u1_0.updated_at from users u1_0 where u1_0.email=?
2026-09-25 16:17:12 DEBUG o.h.SQL --- select s1_0.id,s1_0.created_at,s1_0.is_valid,s1_0.last_used_at,s1_0.refresh_token,s1_0.user_id from session s1_0 where s1_0.user_id=?
2026-09-25 16:17:12 DEBUG o.h.SQL --- delete from session where id=?
2026-09-25 16:17:12 DEBUG o.h.SQL --- insert into session (created_at,is_valid,last_used_at,refresh_token,user_id) values (?,?,?,?,?)
2026-09-25 16:17:12 INFO  c.t.f.s.s.AuthService --- Login Success
2026-09-25 16:17:30 DEBUG o.h.SQL --- select u1_0.id,u1_0.base_currency,u1_0.created_at,u1_0.email,u1_0.is_active,u1_0.name,u1_0.password,u1_0.role,u1_0.total_balance,u1_0.updated_at from users u1_0 where u1_0.id=?
2026-09-25 16:17:30 DEBUG o.h.SQL --- select t1_0.id,t1_0.amount,t1_0.category_id,t1_0.description,t1_0.is_deleted,t1_0.transaction_date,t1_0.transaction_type,t1_0.user_id from transaction t1_0 where t1_0.user_id=? and t1_0.id=?
2026-09-25 16:17:30 DEBUG o.h.SQL --- select c1_0.id,c1_0.description,c1_0.icon,c1_0.is_default,c1_0.name,c1_0.transaction_type,u1_0.id,u1_0.base_currency,u1_0.created_at,u1_0.email,u1_0.is_active,u1_0.name,u1_0.password,u1_0.role,u1_0.total_balance,u1_0.updated_at from category c1_0 left join users u1_0 on u1_0.id=c1_0.user_id where c1_0.id=?
2026-09-25 16:17:30 DEBUG o.h.SQL --- select b1_0.id,b1_0.allocated_amount,b1_0.category_id,b1_0.is_breached,b1_0.month,b1_0.spent_amount,b1_0.user_id from budget b1_0 where b1_0.id=?
2026-09-25 16:17:30 DEBUG o.h.SQL --- update budget set allocated_amount=?,category_id=?,is_breached=?,month=?,spent_amount=?,user_id=? where id=?
2026-09-25 16:17:30 DEBUG o.h.SQL --- update users set base_currency=?,email=?,is_active=?,name=?,password=?,role=?,total_balance=?,updated_at=? where id=?
2026-09-25 16:17:30 DEBUG o.h.SQL --- update transaction set category_id=?,description=?,is_deleted=?,transaction_date=?,transaction_type=?,user_id=? where id=?
2026-09-25 16:19:01 DEBUG o.h.SQL --- select u1_0.id,u1_0.base_currency,u1_0.created_at,u1_0.email,u1_0.is_active,u1_0.name,u1_0.password,u1_0.role,u1_0.total_balance,u1_0.updated_at from users u1_0 where u1_0.id=?
2026-09-25 16:19:01 DEBUG o.h.SQL --- select t1_0.id,t1_0.amount,t1_0.category_id,t1_0.description,t1_0.is_deleted,t1_0.transaction_date,t1_0.transaction_type,t1_0.user_id from transaction t1_0 where t1_0.user_id=? and t1_0.id=?
2026-09-25 16:19:01 DEBUG o.h.SQL --- select c1_0.id,c1_0.description,c1_0.icon,c1_0.is_default,c1_0.name,c1_0.transaction_type,u1_0.id,u1_0.base_currency,u1_0.created_at,u1_0.email,u1_0.is_active,u1_0.name,u1_0.password,u1_0.role,u1_0.total_balance,u1_0.updated_at from category c1_0 left join users u1_0 on u1_0.id=c1_0.user_id where c1_0.id=?
2026-09-25 16:19:01 DEBUG o.h.SQL --- select b1_0.id,b1_0.allocated_amount,b1_0.category_id,b1_0.is_breached,b1_0.month,b1_0.spent_amount,b1_0.user_id from budget b1_0 where b1_0.id=?
2026-09-25 16:19:01 DEBUG o.h.SQL --- update users set base_currency=?,email=?,is_active=?,name=?,password=?,role=?,total_balance=?,updated_at=? where id=?
2026-09-25 16:19:01 DEBUG o.h.SQL --- update transaction set category_id=?,description=?,is_deleted=?,transaction_date=?,transaction_type=?,user_id=? where id=?
2026-09-25 16:20:01 WARN  o.s.w.s.m.m.a.ExceptionHandlerExceptionResolver --- Resolved [io.jsonwebtoken.ExpiredJwtException: JWT expired 88302 milliseconds ago at 2026-09-25T10:48:33.000Z. Current time: 2026-09-25T10:50:01.302Z. Allowed clock skew: 0 milliseconds.]
2026-09-25 16:20:05 DEBUG o.h.SQL --- select u1_0.id,u1_0.base_currency,u1_0.created_at,u1_0.email,u1_0.is_active,u1_0.name,u1_0.password,u1_0.role,u1_0.total_balance,u1_0.updated_at from users u1_0 where u1_0.email=?
2026-09-25 16:20:05 DEBUG o.h.SQL --- select s1_0.id,s1_0.created_at,s1_0.is_valid,s1_0.last_used_at,s1_0.refresh_token,s1_0.user_id from session s1_0 where s1_0.user_id=?
2026-09-25 16:20:05 DEBUG o.h.SQL --- delete from session where id=?
2026-09-25 16:20:05 DEBUG o.h.SQL --- insert into session (created_at,is_valid,last_used_at,refresh_token,user_id) values (?,?,?,?,?)
2026-09-25 16:20:05 INFO  c.t.f.s.s.AuthService --- Login Success
2026-09-25 16:20:18 DEBUG o.h.SQL --- select u1_0.id,u1_0.base_currency,u1_0.created_at,u1_0.email,u1_0.is_active,u1_0.name,u1_0.password,u1_0.role,u1_0.total_balance,u1_0.updated_at from users u1_0 where u1_0.id=?
2026-09-25 16:20:18 DEBUG o.h.SQL --- select u1_0.id,u1_0.base_currency,u1_0.created_at,u1_0.email,u1_0.is_active,u1_0.name,u1_0.password,u1_0.role,u1_0.total_balance,u1_0.updated_at from users u1_0 where u1_0.id=?
2026-09-25 16:20:18 DEBUG o.h.SQL --- select c1_0.id,c1_0.description,c1_0.icon,c1_0.is_default,c1_0.name,c1_0.transaction_type,c1_0.user_id from category c1_0 where c1_0.id=? and c1_0.user_id=?
2026-09-25 16:20:18 INFO  c.t.f.t.TransactionService --- Trying to create a new transaction with categoryId 1
2026-09-25 16:20:18 DEBUG o.h.SQL --- select b1_0.id,b1_0.allocated_amount,b1_0.category_id,b1_0.is_breached,b1_0.month,b1_0.spent_amount,b1_0.user_id from budget b1_0 where b1_0.user_id=? and b1_0.category_id=? and b1_0.month=?
2026-09-25 16:20:18 INFO  c.t.f.t.TransactionService --- New transaction created. TransactionId: null
2026-09-25 16:20:18 DEBUG o.h.SQL --- insert into transaction (amount,category_id,description,is_deleted,transaction_date,transaction_type,user_id) values (?,?,?,?,?,?,?)
2026-09-25 16:20:18 DEBUG o.h.SQL --- update users set base_currency=?,email=?,is_active=?,name=?,password=?,role=?,total_balance=?,updated_at=? where id=?
2026-09-25 16:20:55 DEBUG o.h.SQL --- select u1_0.id,u1_0.base_currency,u1_0.created_at,u1_0.email,u1_0.is_active,u1_0.name,u1_0.password,u1_0.role,u1_0.total_balance,u1_0.updated_at from users u1_0 where u1_0.id=?
2026-09-25 16:20:55 DEBUG o.h.SQL --- select t1_0.id,t1_0.amount,t1_0.category_id,t1_0.description,t1_0.is_deleted,t1_0.transaction_date,t1_0.transaction_type,t1_0.user_id from transaction t1_0 where t1_0.user_id=? and t1_0.id=?
2026-09-25 16:20:55 DEBUG o.h.SQL --- select c1_0.id,c1_0.description,c1_0.icon,c1_0.is_default,c1_0.name,c1_0.transaction_type,u1_0.id,u1_0.base_currency,u1_0.created_at,u1_0.email,u1_0.is_active,u1_0.name,u1_0.password,u1_0.role,u1_0.total_balance,u1_0.updated_at from category c1_0 left join users u1_0 on u1_0.id=c1_0.user_id where c1_0.id=?
2026-09-25 16:20:55 DEBUG o.h.SQL --- select b1_0.id,b1_0.allocated_amount,b1_0.category_id,b1_0.is_breached,b1_0.month,b1_0.spent_amount,b1_0.user_id from budget b1_0 where b1_0.id=?
2026-09-25 16:20:55 DEBUG o.h.SQL --- update users set base_currency=?,email=?,is_active=?,name=?,password=?,role=?,total_balance=?,updated_at=? where id=?
2026-09-25 16:20:55 DEBUG o.h.SQL --- update transaction set category_id=?,description=?,is_deleted=?,transaction_date=?,transaction_type=?,user_id=? where id=?
2026-09-25 16:22:01 WARN  o.s.w.s.m.m.a.ExceptionHandlerExceptionResolver --- Resolved [io.jsonwebtoken.ExpiredJwtException: JWT expired 85096594 milliseconds ago at 2026-09-24T11:13:45.000Z. Current time: 2026-09-25T10:52:01.594Z. Allowed clock skew: 0 milliseconds.]
2026-09-25 16:22:05 DEBUG o.h.SQL --- select u1_0.id,u1_0.base_currency,u1_0.created_at,u1_0.email,u1_0.is_active,u1_0.name,u1_0.password,u1_0.role,u1_0.total_balance,u1_0.updated_at from users u1_0 where u1_0.id=?
2026-09-25 16:22:05 INFO  c.t.f.t.TransactionService --- Fetching transactions for userId: 1
2026-09-25 16:22:05 DEBUG o.h.SQL --- select t1_0.id,t1_0.amount,t1_0.category_id,t1_0.description,t1_0.is_deleted,t1_0.transaction_date,t1_0.transaction_type,t1_0.user_id from transaction t1_0 where t1_0.user_id=? and 1=1 and 1=1 and 1=1 and 1=1 and 1=1 and 1=1 and t1_0.is_deleted=? order by t1_0.transaction_date desc offset ? rows fetch first ? rows only
2026-09-25 16:22:05 DEBUG o.h.SQL --- select c1_0.id,c1_0.description,c1_0.icon,c1_0.is_default,c1_0.name,c1_0.transaction_type,u1_0.id,u1_0.base_currency,u1_0.created_at,u1_0.email,u1_0.is_active,u1_0.name,u1_0.password,u1_0.role,u1_0.total_balance,u1_0.updated_at from category c1_0 left join users u1_0 on u1_0.id=c1_0.user_id where c1_0.id=?
2026-09-25 16:22:05 DEBUG o.h.SQL --- select c1_0.id,c1_0.description,c1_0.icon,c1_0.is_default,c1_0.name,c1_0.transaction_type,u1_0.id,u1_0.base_currency,u1_0.created_at,u1_0.email,u1_0.is_active,u1_0.name,u1_0.password,u1_0.role,u1_0.total_balance,u1_0.updated_at from category c1_0 left join users u1_0 on u1_0.id=c1_0.user_id where c1_0.id=?
2026-09-25 16:22:05 INFO  c.t.f.t.TransactionService --- Fetched transactions for userId: 1
2026-09-25 16:22:05 WARN  o.s.d.w.c.SpringDataJackson3Configuration$PageModule$WarningLoggingModifier --- Serializing PageImpl instances as-is is not supported, meaning that there is no guarantee about the stability of the resulting JSON structure!
	For a stable JSON structure, please use Spring Data's PagedModel (globally via @EnableSpringDataWebSupport(pageSerializationMode = VIA_DTO))
	or Spring HATEOAS and Spring Data's PagedResourcesAssembler as documented in https://docs.spring.io/spring-data/commons/reference/repositories/core-extensions.html#core.web.pageables.

2026-09-25 16:23:09 INFO  o.s.b.t.GracefulShutdown --- Commencing graceful shutdown. Waiting for active requests to complete
2026-09-25 16:23:09 INFO  o.s.b.t.GracefulShutdown --- Graceful shutdown complete
2026-09-25 16:23:09 INFO  o.s.o.j.LocalContainerEntityManagerFactoryBean --- Closing JPA EntityManagerFactory for persistence unit 'default'
2026-09-25 16:23:09 INFO  c.z.h.HikariDataSource --- HikariPool-1 - Shutdown initiated...
2026-09-25 16:23:09 INFO  c.z.h.HikariDataSource --- HikariPool-1 - Shutdown completed.
2026-09-25 16:23:13 INFO  o.h.v.i.u.Version --- HV000001: Hibernate Validator 9.1.3.Final
2026-09-25 16:23:13 INFO  c.t.f.FinsightApplication --- Starting FinsightApplication using Java 21.0.12.1 with PID 34976 (/home/abdul-rahman/Project/finsight/target/classes started by abdul-rahman in /home/abdul-rahman/Project/finsight)
2026-09-25 16:23:13 DEBUG c.t.f.FinsightApplication --- Running with Spring Boot v4.1.1, Spring v7.0.9
2026-09-25 16:23:13 INFO  c.t.f.FinsightApplication --- No active profile set, falling back to 1 default profile: "default"
2026-09-25 16:23:13 INFO  o.s.b.d.e.DevToolsPropertyDefaultsPostProcessor --- Devtools property defaults active! Set 'spring.devtools.add-properties' to 'false' to disable
2026-09-25 16:23:13 INFO  o.s.b.d.e.DevToolsPropertyDefaultsPostProcessor --- For additional web related logging consider setting the 'logging.level.web' property to 'DEBUG'
2026-09-25 16:23:13 INFO  o.s.d.r.c.RepositoryConfigurationDelegate --- Bootstrapping Spring Data JPA repositories in DEFAULT mode.
2026-09-25 16:23:13 INFO  o.s.d.r.c.RepositoryConfigurationDelegate --- Finished Spring Data repository scanning in 50 ms. Found 5 JPA repository interfaces.
2026-09-25 16:23:14 INFO  o.s.b.t.TomcatWebServer --- Tomcat initialized with port 8080 (http)
2026-09-25 16:23:14 INFO  o.a.c.h.Http11NioProtocol --- Initializing ProtocolHandler ["http-nio-8080"]
2026-09-25 16:23:14 INFO  o.a.c.c.StandardService --- Starting service [Tomcat]
2026-09-25 16:23:14 INFO  o.a.c.c.StandardEngine --- Starting Servlet engine: [Apache Tomcat/11.0.24]
2026-09-25 16:23:14 INFO  o.s.b.w.c.s.WebApplicationContextInitializer --- Root WebApplicationContext: initialization completed in 1007 ms
2026-09-25 16:23:14 INFO  o.h.o.jpa --- HHH008540: Processing PersistenceUnitInfo [name: default]
2026-09-25 16:23:14 INFO  o.h.o.core --- HHH000001: Hibernate ORM core version 7.4.5.Final
2026-09-25 16:23:14 INFO  o.s.o.j.p.SpringPersistenceUnitInfo --- No LoadTimeWeaver setup: ignoring JPA class transformer
2026-09-25 16:23:14 INFO  c.z.h.HikariDataSource --- HikariPool-1 - Starting...
2026-09-25 16:23:14 INFO  c.z.h.p.HikariPool --- HikariPool-1 - Added connection org.postgresql.jdbc.PgConnection@5f7d4534
2026-09-25 16:23:14 INFO  c.z.h.HikariDataSource --- HikariPool-1 - Start completed.
2026-09-25 16:23:14 INFO  o.h.o.c.pooling --- HHH10001005: Database info:
	Database JDBC URL [jdbc:postgresql://localhost:5432/finsight]
	Database driver: PostgreSQL JDBC Driver
	Database dialect: PostgreSQLDialect
	Database version: 18.6
	Default catalog/schema: finsight/public
	Autocommit mode: undefined/unknown
	Isolation level: READ_COMMITTED [default READ_COMMITTED]
	JDBC fetch size: none
	Pool: DataSourceConnectionProvider
	Minimum pool size: undefined/unknown
	Maximum pool size: undefined/unknown
2026-09-25 16:23:15 INFO  o.h.o.core --- HHH000489: No JTA platform available (set 'hibernate.transaction.jta.platform' to enable JTA platform integration)
2026-09-25 16:23:15 INFO  o.s.o.j.LocalContainerEntityManagerFactoryBean --- Initialized JPA EntityManagerFactory for persistence unit 'default'
2026-09-25 16:23:15 INFO  o.s.d.j.r.q.QueryEnhancerFactories --- Hibernate is in classpath; If applicable, HQL parser will be used.
2026-09-25 16:23:15 WARN  o.s.b.j.a.JpaBaseConfiguration$JpaWebConfiguration --- spring.jpa.open-in-view is enabled by default. Therefore, database queries may be performed during view rendering. Explicitly configure spring.jpa.open-in-view to disable this warning
2026-09-25 16:23:16 DEBUG c.t.f.s.f.JwtAuthFilter --- Filter 'jwtAuthFilter' configured for use
2026-09-25 16:23:16 INFO  o.s.s.c.a.a.c.InitializeUserDetailsBeanManagerConfigurer$InitializeUserDetailsManagerConfigurer --- Global AuthenticationManager configured with UserDetailsService bean with name userService
2026-09-25 16:23:16 INFO  o.a.c.h.Http11NioProtocol --- Starting ProtocolHandler ["http-nio-8080"]
2026-09-25 16:23:16 INFO  o.s.b.t.TomcatWebServer --- Tomcat started on port 8080 (http) with context path '/'
2026-09-25 16:23:16 INFO  c.t.f.FinsightApplication --- Started FinsightApplication in 3.873 seconds (process running for 4.241)
2026-09-25 16:23:19 INFO  o.a.c.c.C.[.[.[/] --- Initializing Spring DispatcherServlet 'dispatcherServlet'
2026-09-25 16:23:19 INFO  o.s.w.s.DispatcherServlet --- Initializing Servlet 'dispatcherServlet'
2026-09-25 16:23:19 INFO  o.s.w.s.DispatcherServlet --- Completed initialization in 1 ms
2026-09-25 16:23:19 DEBUG o.h.SQL --- select u1_0.id,u1_0.base_currency,u1_0.created_at,u1_0.email,u1_0.is_active,u1_0.name,u1_0.password,u1_0.role,u1_0.total_balance,u1_0.updated_at from users u1_0 where u1_0.id=?
2026-09-25 16:23:19 INFO  c.t.f.t.TransactionService --- Fetching transactions for userId: 1
2026-09-25 16:23:19 DEBUG o.h.SQL --- select t1_0.id,t1_0.amount,t1_0.category_id,t1_0.description,t1_0.is_deleted,t1_0.transaction_date,t1_0.transaction_type,t1_0.user_id from transaction t1_0 where t1_0.user_id=? and 1=1 and 1=1 and 1=1 and 1=1 and 1=1 and 1=1 and t1_0.is_deleted=? order by t1_0.transaction_date desc offset ? rows fetch first ? rows only
2026-09-25 16:23:19 DEBUG o.h.SQL --- select c1_0.id,c1_0.description,c1_0.icon,c1_0.is_default,c1_0.name,c1_0.transaction_type,u1_0.id,u1_0.base_currency,u1_0.created_at,u1_0.email,u1_0.is_active,u1_0.name,u1_0.password,u1_0.role,u1_0.total_balance,u1_0.updated_at from category c1_0 left join users u1_0 on u1_0.id=c1_0.user_id where c1_0.id=?
2026-09-25 16:23:19 DEBUG o.h.SQL --- select c1_0.id,c1_0.description,c1_0.icon,c1_0.is_default,c1_0.name,c1_0.transaction_type,u1_0.id,u1_0.base_currency,u1_0.created_at,u1_0.email,u1_0.is_active,u1_0.name,u1_0.password,u1_0.role,u1_0.total_balance,u1_0.updated_at from category c1_0 left join users u1_0 on u1_0.id=c1_0.user_id where c1_0.id=?
2026-09-25 16:23:19 INFO  c.t.f.t.TransactionService --- Fetched transactions for userId: 1
2026-09-25 16:23:19 WARN  o.s.d.w.c.SpringDataJackson3Configuration$PageModule$WarningLoggingModifier --- Serializing PageImpl instances as-is is not supported, meaning that there is no guarantee about the stability of the resulting JSON structure!
	For a stable JSON structure, please use Spring Data's PagedModel (globally via @EnableSpringDataWebSupport(pageSerializationMode = VIA_DTO))
	or Spring HATEOAS and Spring Data's PagedResourcesAssembler as documented in https://docs.spring.io/spring-data/commons/reference/repositories/core-extensions.html#core.web.pageables.

2026-09-25 16:24:47 DEBUG o.h.SQL --- select u1_0.id,u1_0.base_currency,u1_0.created_at,u1_0.email,u1_0.is_active,u1_0.name,u1_0.password,u1_0.role,u1_0.total_balance,u1_0.updated_at from users u1_0 where u1_0.id=?
2026-09-25 16:24:47 INFO  c.t.f.t.TransactionService --- Fetching transactions for userId: 1
2026-09-25 16:24:47 DEBUG o.h.SQL --- select t1_0.id,t1_0.amount,t1_0.category_id,t1_0.description,t1_0.is_deleted,t1_0.transaction_date,t1_0.transaction_type,t1_0.user_id from transaction t1_0 where t1_0.user_id=? and 1=1 and 1=1 and 1=1 and 1=1 and 1=1 and 1=1 and t1_0.is_deleted=? order by t1_0.transaction_date desc offset ? rows fetch first ? rows only
2026-09-25 16:24:47 DEBUG o.h.SQL --- select c1_0.id,c1_0.description,c1_0.icon,c1_0.is_default,c1_0.name,c1_0.transaction_type,u1_0.id,u1_0.base_currency,u1_0.created_at,u1_0.email,u1_0.is_active,u1_0.name,u1_0.password,u1_0.role,u1_0.total_balance,u1_0.updated_at from category c1_0 left join users u1_0 on u1_0.id=c1_0.user_id where c1_0.id=?
2026-09-25 16:24:47 DEBUG o.h.SQL --- select c1_0.id,c1_0.description,c1_0.icon,c1_0.is_default,c1_0.name,c1_0.transaction_type,u1_0.id,u1_0.base_currency,u1_0.created_at,u1_0.email,u1_0.is_active,u1_0.name,u1_0.password,u1_0.role,u1_0.total_balance,u1_0.updated_at from category c1_0 left join users u1_0 on u1_0.id=c1_0.user_id where c1_0.id=?
2026-09-25 16:24:47 INFO  c.t.f.t.TransactionService --- Fetched transactions for userId: 1
2026-09-25 16:26:24 DEBUG o.h.SQL --- select u1_0.id,u1_0.base_currency,u1_0.created_at,u1_0.email,u1_0.is_active,u1_0.name,u1_0.password,u1_0.role,u1_0.total_balance,u1_0.updated_at from users u1_0 where u1_0.id=?
2026-09-25 16:26:24 INFO  c.t.f.t.TransactionService --- Fetching transactions for userId: 1
2026-09-25 16:26:24 DEBUG o.h.SQL --- select t1_0.id,t1_0.amount,t1_0.category_id,t1_0.description,t1_0.is_deleted,t1_0.transaction_date,t1_0.transaction_type,t1_0.user_id from transaction t1_0 where t1_0.user_id=? and 1=1 and 1=1 and 1=1 and 1=1 and 1=1 and 1=1 and t1_0.is_deleted=? order by t1_0.transaction_date desc offset ? rows fetch first ? rows only
2026-09-25 16:26:24 DEBUG o.h.SQL --- select c1_0.id,c1_0.description,c1_0.icon,c1_0.is_default,c1_0.name,c1_0.transaction_type,u1_0.id,u1_0.base_currency,u1_0.created_at,u1_0.email,u1_0.is_active,u1_0.name,u1_0.password,u1_0.role,u1_0.total_balance,u1_0.updated_at from category c1_0 left join users u1_0 on u1_0.id=c1_0.user_id where c1_0.id=?
2026-09-25 16:26:24 DEBUG o.h.SQL --- select c1_0.id,c1_0.description,c1_0.icon,c1_0.is_default,c1_0.name,c1_0.transaction_type,u1_0.id,u1_0.base_currency,u1_0.created_at,u1_0.email,u1_0.is_active,u1_0.name,u1_0.password,u1_0.role,u1_0.total_balance,u1_0.updated_at from category c1_0 left join users u1_0 on u1_0.id=c1_0.user_id where c1_0.id=?
2026-09-25 16:26:24 INFO  c.t.f.t.TransactionService --- Fetched transactions for userId: 1
2026-09-25 16:26:44 WARN  o.s.w.s.m.m.a.ExceptionHandlerExceptionResolver --- Resolved [io.jsonwebtoken.ExpiredJwtException: JWT expired 4333924 milliseconds ago at 2026-09-25T09:44:31.000Z. Current time: 2026-09-25T10:56:44.924Z. Allowed clock skew: 0 milliseconds.]
2026-09-25 16:26:49 DEBUG o.h.SQL --- select u1_0.id,u1_0.base_currency,u1_0.created_at,u1_0.email,u1_0.is_active,u1_0.name,u1_0.password,u1_0.role,u1_0.total_balance,u1_0.updated_at from users u1_0 where u1_0.email=?
2026-09-25 16:26:49 DEBUG o.h.SQL --- select s1_0.id,s1_0.created_at,s1_0.is_valid,s1_0.last_used_at,s1_0.refresh_token,s1_0.user_id from session s1_0 where s1_0.user_id=?
2026-09-25 16:26:49 DEBUG o.h.SQL --- delete from session where id=?
2026-09-25 16:26:49 DEBUG o.h.SQL --- insert into session (created_at,is_valid,last_used_at,refresh_token,user_id) values (?,?,?,?,?)
2026-09-25 16:26:49 INFO  c.t.f.s.s.AuthService --- Login Success
2026-09-25 16:26:58 DEBUG o.h.SQL --- select u1_0.id,u1_0.base_currency,u1_0.created_at,u1_0.email,u1_0.is_active,u1_0.name,u1_0.password,u1_0.role,u1_0.total_balance,u1_0.updated_at from users u1_0 where u1_0.id=?
2026-09-25 16:26:58 DEBUG o.h.SQL --- select t1_0.id,t1_0.amount,t1_0.category_id,t1_0.description,t1_0.is_deleted,t1_0.transaction_date,t1_0.transaction_type,t1_0.user_id from transaction t1_0 where t1_0.user_id=? and t1_0.id=?
2026-09-25 16:26:58 DEBUG o.h.SQL --- select c1_0.id,c1_0.description,c1_0.icon,c1_0.is_default,c1_0.name,c1_0.transaction_type,u1_0.id,u1_0.base_currency,u1_0.created_at,u1_0.email,u1_0.is_active,u1_0.name,u1_0.password,u1_0.role,u1_0.total_balance,u1_0.updated_at from category c1_0 left join users u1_0 on u1_0.id=c1_0.user_id where c1_0.id=?
2026-09-25 16:26:58 WARN  o.s.w.s.m.m.a.ExceptionHandlerExceptionResolver --- Resolved [java.lang.NullPointerException: Cannot invoke "java.lang.Boolean.booleanValue()" because the return value of "com.technerd.finsight.transaction.Transaction.getIsDeleted()" is null]
2026-09-25 16:28:03 DEBUG o.h.SQL --- select u1_0.id,u1_0.base_currency,u1_0.created_at,u1_0.email,u1_0.is_active,u1_0.name,u1_0.password,u1_0.role,u1_0.total_balance,u1_0.updated_at from users u1_0 where u1_0.id=?
2026-09-25 16:28:03 DEBUG o.h.SQL --- select t1_0.id,t1_0.amount,t1_0.category_id,t1_0.description,t1_0.is_deleted,t1_0.transaction_date,t1_0.transaction_type,t1_0.user_id from transaction t1_0 where t1_0.user_id=? and t1_0.id=?
2026-09-25 16:28:03 DEBUG o.h.SQL --- select c1_0.id,c1_0.description,c1_0.icon,c1_0.is_default,c1_0.name,c1_0.transaction_type,u1_0.id,u1_0.base_currency,u1_0.created_at,u1_0.email,u1_0.is_active,u1_0.name,u1_0.password,u1_0.role,u1_0.total_balance,u1_0.updated_at from category c1_0 left join users u1_0 on u1_0.id=c1_0.user_id where c1_0.id=?
2026-09-25 16:28:03 WARN  o.s.w.s.m.m.a.ExceptionHandlerExceptionResolver --- Resolved [java.util.NoSuchElementException: Transaction does not exist or has been deleted.]
2026-09-25 16:28:21 DEBUG o.h.SQL --- select u1_0.id,u1_0.base_currency,u1_0.created_at,u1_0.email,u1_0.is_active,u1_0.name,u1_0.password,u1_0.role,u1_0.total_balance,u1_0.updated_at from users u1_0 where u1_0.id=?
2026-09-25 16:28:21 DEBUG o.h.SQL --- select t1_0.id,t1_0.amount,t1_0.category_id,t1_0.description,t1_0.is_deleted,t1_0.transaction_date,t1_0.transaction_type,t1_0.user_id from transaction t1_0 where t1_0.user_id=? and t1_0.id=?
2026-09-25 16:28:21 DEBUG o.h.SQL --- select c1_0.id,c1_0.description,c1_0.icon,c1_0.is_default,c1_0.name,c1_0.transaction_type,u1_0.id,u1_0.base_currency,u1_0.created_at,u1_0.email,u1_0.is_active,u1_0.name,u1_0.password,u1_0.role,u1_0.total_balance,u1_0.updated_at from category c1_0 left join users u1_0 on u1_0.id=c1_0.user_id where c1_0.id=?
2026-09-25 17:03:07 INFO  o.s.b.t.GracefulShutdown --- Commencing graceful shutdown. Waiting for active requests to complete
2026-09-25 17:03:07 INFO  o.s.b.t.GracefulShutdown --- Graceful shutdown complete
2026-09-25 17:03:07 INFO  o.s.o.j.LocalContainerEntityManagerFactoryBean --- Closing JPA EntityManagerFactory for persistence unit 'default'
2026-09-25 17:03:07 INFO  c.z.h.HikariDataSource --- HikariPool-1 - Shutdown initiated...
2026-09-25 17:03:07 INFO  c.z.h.HikariDataSource --- HikariPool-1 - Shutdown completed.
2026-09-25 17:03:10 INFO  o.h.v.i.u.Version --- HV000001: Hibernate Validator 9.1.3.Final
2026-09-25 17:03:10 INFO  c.t.f.FinsightApplication --- Starting FinsightApplication using Java 21.0.12.1 with PID 42132 (/home/abdul-rahman/Project/finsight/target/classes started by abdul-rahman in /home/abdul-rahman/Project/finsight)
2026-09-25 17:03:10 DEBUG c.t.f.FinsightApplication --- Running with Spring Boot v4.1.1, Spring v7.0.9
2026-09-25 17:03:10 INFO  c.t.f.FinsightApplication --- No active profile set, falling back to 1 default profile: "default"
2026-09-25 17:03:10 INFO  o.s.b.d.e.DevToolsPropertyDefaultsPostProcessor --- Devtools property defaults active! Set 'spring.devtools.add-properties' to 'false' to disable
2026-09-25 17:03:10 INFO  o.s.b.d.e.DevToolsPropertyDefaultsPostProcessor --- For additional web related logging consider setting the 'logging.level.web' property to 'DEBUG'
2026-09-25 17:03:11 INFO  o.s.d.r.c.RepositoryConfigurationDelegate --- Bootstrapping Spring Data JPA repositories in DEFAULT mode.
2026-09-25 17:03:11 INFO  o.s.d.r.c.RepositoryConfigurationDelegate --- Finished Spring Data repository scanning in 37 ms. Found 5 JPA repository interfaces.
2026-09-25 17:03:11 INFO  o.s.b.t.TomcatWebServer --- Tomcat initialized with port 8080 (http)
2026-09-25 17:03:11 INFO  o.a.c.h.Http11NioProtocol --- Initializing ProtocolHandler ["http-nio-8080"]
2026-09-25 17:03:11 INFO  o.a.c.c.StandardService --- Starting service [Tomcat]
2026-09-25 17:03:11 INFO  o.a.c.c.StandardEngine --- Starting Servlet engine: [Apache Tomcat/11.0.24]
2026-09-25 17:03:11 INFO  o.s.b.w.c.s.WebApplicationContextInitializer --- Root WebApplicationContext: initialization completed in 1013 ms
2026-09-25 17:03:11 INFO  o.h.o.jpa --- HHH008540: Processing PersistenceUnitInfo [name: default]
2026-09-25 17:03:11 INFO  o.h.o.core --- HHH000001: Hibernate ORM core version 7.4.5.Final
2026-09-25 17:03:12 INFO  o.s.o.j.p.SpringPersistenceUnitInfo --- No LoadTimeWeaver setup: ignoring JPA class transformer
2026-09-25 17:03:12 INFO  c.z.h.HikariDataSource --- HikariPool-1 - Starting...
2026-09-25 17:03:12 INFO  c.z.h.p.HikariPool --- HikariPool-1 - Added connection org.postgresql.jdbc.PgConnection@540087d9
2026-09-25 17:03:12 INFO  c.z.h.HikariDataSource --- HikariPool-1 - Start completed.
2026-09-25 17:03:12 INFO  o.h.o.c.pooling --- HHH10001005: Database info:
	Database JDBC URL [jdbc:postgresql://localhost:5432/finsight]
	Database driver: PostgreSQL JDBC Driver
	Database dialect: PostgreSQLDialect
	Database version: 18.6
	Default catalog/schema: finsight/public
	Autocommit mode: undefined/unknown
	Isolation level: READ_COMMITTED [default READ_COMMITTED]
	JDBC fetch size: none
	Pool: DataSourceConnectionProvider
	Minimum pool size: undefined/unknown
	Maximum pool size: undefined/unknown
2026-09-25 17:03:13 INFO  o.h.o.core --- HHH000489: No JTA platform available (set 'hibernate.transaction.jta.platform' to enable JTA platform integration)
2026-09-25 17:03:13 INFO  o.s.o.j.LocalContainerEntityManagerFactoryBean --- Initialized JPA EntityManagerFactory for persistence unit 'default'
2026-09-25 17:03:13 INFO  o.s.d.j.r.q.QueryEnhancerFactories --- Hibernate is in classpath; If applicable, HQL parser will be used.
2026-09-25 17:03:13 WARN  o.s.b.j.a.JpaBaseConfiguration$JpaWebConfiguration --- spring.jpa.open-in-view is enabled by default. Therefore, database queries may be performed during view rendering. Explicitly configure spring.jpa.open-in-view to disable this warning
2026-09-25 17:03:13 DEBUG c.t.f.s.f.JwtAuthFilter --- Filter 'jwtAuthFilter' configured for use
2026-09-25 17:03:13 INFO  o.s.s.c.a.a.c.InitializeUserDetailsBeanManagerConfigurer$InitializeUserDetailsManagerConfigurer --- Global AuthenticationManager configured with UserDetailsService bean with name userService
2026-09-25 17:03:13 WARN  o.s.b.w.s.s.c.AnnotationConfigServletWebServerApplicationContext --- Exception encountered during context initialization - cancelling refresh attempt: org.springframework.beans.factory.UnsatisfiedDependencyException: Error creating bean with name 'authController' defined in file [/home/abdul-rahman/Project/finsight/target/classes/com/technerd/finsight/security/controller/AuthController.class]: Unsatisfied dependency expressed through constructor parameter 0: Error creating bean with name 'authService' defined in file [/home/abdul-rahman/Project/finsight/target/classes/com/technerd/finsight/security/service/AuthService.class]: Unsatisfied dependency expressed through constructor parameter 8: No qualifying bean of type 'com.technerd.finsight.category.exampleseed.ExampleCategory' available: expected at least 1 bean which qualifies as autowire candidate. Dependency annotations: {}
2026-09-25 17:03:13 INFO  o.s.o.j.LocalContainerEntityManagerFactoryBean --- Closing JPA EntityManagerFactory for persistence unit 'default'
2026-09-25 17:03:13 INFO  c.z.h.HikariDataSource --- HikariPool-1 - Shutdown initiated...
2026-09-25 17:03:13 INFO  c.z.h.HikariDataSource --- HikariPool-1 - Shutdown completed.
2026-09-25 17:03:13 INFO  o.a.c.c.StandardService --- Stopping service [Tomcat]
2026-09-25 17:03:13 INFO  o.s.b.a.l.ConditionEvaluationReportLogger --- 

Error starting ApplicationContext. To display the condition evaluation report re-run your application with 'debug' enabled.
2026-09-25 17:03:13 ERROR o.s.b.d.LoggingFailureAnalysisReporter --- 

***************************
APPLICATION FAILED TO START
***************************

Description:

Parameter 8 of constructor in com.technerd.finsight.security.service.AuthService required a bean of type 'com.technerd.finsight.category.exampleseed.ExampleCategory' that could not be found.


Action:

Consider defining a bean of type 'com.technerd.finsight.category.exampleseed.ExampleCategory' in your configuration.

2026-09-25 17:03:45 INFO  o.h.v.i.u.Version --- HV000001: Hibernate Validator 9.1.3.Final
2026-09-25 17:03:45 INFO  c.t.f.FinsightApplication --- Starting FinsightApplication using Java 21.0.12.1 with PID 42316 (/home/abdul-rahman/Project/finsight/target/classes started by abdul-rahman in /home/abdul-rahman/Project/finsight)
2026-09-25 17:03:45 DEBUG c.t.f.FinsightApplication --- Running with Spring Boot v4.1.1, Spring v7.0.9
2026-09-25 17:03:45 INFO  c.t.f.FinsightApplication --- No active profile set, falling back to 1 default profile: "default"
2026-09-25 17:03:45 INFO  o.s.b.d.e.DevToolsPropertyDefaultsPostProcessor --- Devtools property defaults active! Set 'spring.devtools.add-properties' to 'false' to disable
2026-09-25 17:03:45 INFO  o.s.b.d.e.DevToolsPropertyDefaultsPostProcessor --- For additional web related logging consider setting the 'logging.level.web' property to 'DEBUG'
2026-09-25 17:03:46 INFO  o.s.d.r.c.RepositoryConfigurationDelegate --- Bootstrapping Spring Data JPA repositories in DEFAULT mode.
2026-09-25 17:03:46 INFO  o.s.d.r.c.RepositoryConfigurationDelegate --- Finished Spring Data repository scanning in 36 ms. Found 5 JPA repository interfaces.
2026-09-25 17:03:46 INFO  o.s.b.t.TomcatWebServer --- Tomcat initialized with port 8080 (http)
2026-09-25 17:03:46 INFO  o.a.c.h.Http11NioProtocol --- Initializing ProtocolHandler ["http-nio-8080"]
2026-09-25 17:03:46 INFO  o.a.c.c.StandardService --- Starting service [Tomcat]
2026-09-25 17:03:46 INFO  o.a.c.c.StandardEngine --- Starting Servlet engine: [Apache Tomcat/11.0.24]
2026-09-25 17:03:46 INFO  o.s.b.w.c.s.WebApplicationContextInitializer --- Root WebApplicationContext: initialization completed in 986 ms
2026-09-25 17:03:46 INFO  o.h.o.jpa --- HHH008540: Processing PersistenceUnitInfo [name: default]
2026-09-25 17:03:47 INFO  o.h.o.core --- HHH000001: Hibernate ORM core version 7.4.5.Final
2026-09-25 17:03:47 INFO  o.s.o.j.p.SpringPersistenceUnitInfo --- No LoadTimeWeaver setup: ignoring JPA class transformer
2026-09-25 17:03:47 INFO  c.z.h.HikariDataSource --- HikariPool-1 - Starting...
2026-09-25 17:03:47 INFO  c.z.h.p.HikariPool --- HikariPool-1 - Added connection org.postgresql.jdbc.PgConnection@5c6734e
2026-09-25 17:03:47 INFO  c.z.h.HikariDataSource --- HikariPool-1 - Start completed.
2026-09-25 17:03:47 INFO  o.h.o.c.pooling --- HHH10001005: Database info:
	Database JDBC URL [jdbc:postgresql://localhost:5432/finsight]
	Database driver: PostgreSQL JDBC Driver
	Database dialect: PostgreSQLDialect
	Database version: 18.6
	Default catalog/schema: finsight/public
	Autocommit mode: undefined/unknown
	Isolation level: READ_COMMITTED [default READ_COMMITTED]
	JDBC fetch size: none
	Pool: DataSourceConnectionProvider
	Minimum pool size: undefined/unknown
	Maximum pool size: undefined/unknown
2026-09-25 17:03:48 INFO  o.h.o.core --- HHH000489: No JTA platform available (set 'hibernate.transaction.jta.platform' to enable JTA platform integration)
2026-09-25 17:03:48 INFO  o.s.o.j.LocalContainerEntityManagerFactoryBean --- Initialized JPA EntityManagerFactory for persistence unit 'default'
2026-09-25 17:03:48 INFO  o.s.d.j.r.q.QueryEnhancerFactories --- Hibernate is in classpath; If applicable, HQL parser will be used.
2026-09-25 17:03:48 WARN  o.s.b.j.a.JpaBaseConfiguration$JpaWebConfiguration --- spring.jpa.open-in-view is enabled by default. Therefore, database queries may be performed during view rendering. Explicitly configure spring.jpa.open-in-view to disable this warning
2026-09-25 17:03:48 DEBUG c.t.f.s.f.JwtAuthFilter --- Filter 'jwtAuthFilter' configured for use
2026-09-25 17:03:48 INFO  o.s.s.c.a.a.c.InitializeUserDetailsBeanManagerConfigurer$InitializeUserDetailsManagerConfigurer --- Global AuthenticationManager configured with UserDetailsService bean with name userService
2026-09-25 17:03:49 INFO  o.a.c.h.Http11NioProtocol --- Starting ProtocolHandler ["http-nio-8080"]
2026-09-25 17:03:49 INFO  o.s.b.t.TomcatWebServer --- Tomcat started on port 8080 (http) with context path '/'
2026-09-25 17:03:49 INFO  c.t.f.FinsightApplication --- Started FinsightApplication in 3.884 seconds (process running for 4.261)
2026-09-25 17:04:26 INFO  o.a.c.c.C.[.[.[/] --- Initializing Spring DispatcherServlet 'dispatcherServlet'
2026-09-25 17:04:26 INFO  o.s.w.s.DispatcherServlet --- Initializing Servlet 'dispatcherServlet'
2026-09-25 17:04:26 INFO  o.s.w.s.DispatcherServlet --- Completed initialization in 1 ms
2026-09-25 17:04:27 DEBUG o.h.SQL --- select u1_0.id,u1_0.base_currency,u1_0.created_at,u1_0.email,u1_0.is_active,u1_0.name,u1_0.password,u1_0.role,u1_0.total_balance,u1_0.updated_at from users u1_0 where u1_0.email=?
2026-09-25 17:04:27 INFO  c.t.f.s.s.AuthService --- Trying to sign up
2026-09-25 17:04:27 DEBUG o.h.SQL --- insert into users (base_currency,created_at,email,is_active,name,password,role,total_balance,updated_at) values (?,?,?,?,?,?,?,?,?)
2026-09-25 17:04:27 DEBUG o.h.SQL --- select s1_0.id,s1_0.created_at,s1_0.is_valid,s1_0.last_used_at,s1_0.refresh_token,s1_0.user_id from session s1_0 where s1_0.user_id=?
2026-09-25 17:04:27 DEBUG o.h.SQL --- insert into session (created_at,is_valid,last_used_at,refresh_token,user_id) values (?,?,?,?,?)
2026-09-25 17:04:27 INFO  c.t.f.c.ExampleCategoryCreator --- Creating new example category with name: Food Budget (example)
2026-09-25 17:04:27 DEBUG o.h.SQL --- insert into category (description,icon,name,transaction_type,user_id) values (?,?,?,?,?)
2026-09-25 17:04:27 DEBUG o.h.SQL --- insert into budget (allocated_amount,category_id,is_breached,month,spent_amount,user_id) values (?,?,?,?,?,?)
2026-09-25 17:04:27 INFO  c.t.f.c.ExampleCategoryCreator --- New Example Category created. CategoryId: 4
2026-09-25 17:04:27 INFO  c.t.f.s.s.AuthService --- Sign up Success
2026-09-25 17:04:51 DEBUG o.h.SQL --- select u1_0.id,u1_0.base_currency,u1_0.created_at,u1_0.email,u1_0.is_active,u1_0.name,u1_0.password,u1_0.role,u1_0.total_balance,u1_0.updated_at from users u1_0 where u1_0.id=?
2026-09-25 17:04:51 DEBUG o.h.SQL --- select c1_0.id,c1_0.description,c1_0.icon,c1_0.name,c1_0.transaction_type,c1_0.user_id from category c1_0 where c1_0.user_id=?
2026-09-25 17:04:51 DEBUG o.h.SQL --- select u1_0.id,u1_0.base_currency,u1_0.created_at,u1_0.email,u1_0.is_active,u1_0.name,u1_0.password,u1_0.role,u1_0.total_balance,u1_0.updated_at from users u1_0 where u1_0.id=?
2026-09-25 17:04:51 INFO  c.t.f.c.CategoryService --- Found 1 Categories.
2026-09-25 17:07:32 INFO  o.s.b.t.GracefulShutdown --- Commencing graceful shutdown. Waiting for active requests to complete
2026-09-25 17:07:32 INFO  o.s.b.t.GracefulShutdown --- Graceful shutdown complete
2026-09-25 17:07:32 INFO  o.s.o.j.LocalContainerEntityManagerFactoryBean --- Closing JPA EntityManagerFactory for persistence unit 'default'
2026-09-25 17:07:32 INFO  c.z.h.HikariDataSource --- HikariPool-1 - Shutdown initiated...
2026-09-25 17:07:32 INFO  c.z.h.HikariDataSource --- HikariPool-1 - Shutdown completed.
2026-09-25 17:07:35 INFO  o.h.v.i.u.Version --- HV000001: Hibernate Validator 9.1.3.Final
2026-09-25 17:07:35 INFO  c.t.f.FinsightApplication --- Starting FinsightApplication using Java 21.0.12.1 with PID 43131 (/home/abdul-rahman/Project/finsight/target/classes started by abdul-rahman in /home/abdul-rahman/Project/finsight)
2026-09-25 17:07:35 DEBUG c.t.f.FinsightApplication --- Running with Spring Boot v4.1.1, Spring v7.0.9
2026-09-25 17:07:35 INFO  c.t.f.FinsightApplication --- No active profile set, falling back to 1 default profile: "default"
2026-09-25 17:07:35 INFO  o.s.b.d.e.DevToolsPropertyDefaultsPostProcessor --- Devtools property defaults active! Set 'spring.devtools.add-properties' to 'false' to disable
2026-09-25 17:07:35 INFO  o.s.b.d.e.DevToolsPropertyDefaultsPostProcessor --- For additional web related logging consider setting the 'logging.level.web' property to 'DEBUG'
2026-09-25 17:07:35 INFO  o.s.d.r.c.RepositoryConfigurationDelegate --- Bootstrapping Spring Data JPA repositories in DEFAULT mode.
2026-09-25 17:07:35 INFO  o.s.d.r.c.RepositoryConfigurationDelegate --- Finished Spring Data repository scanning in 41 ms. Found 5 JPA repository interfaces.
2026-09-25 17:07:36 INFO  o.s.b.t.TomcatWebServer --- Tomcat initialized with port 8080 (http)
2026-09-25 17:07:36 INFO  o.a.c.h.Http11NioProtocol --- Initializing ProtocolHandler ["http-nio-8080"]
2026-09-25 17:07:36 INFO  o.a.c.c.StandardService --- Starting service [Tomcat]
2026-09-25 17:07:36 INFO  o.a.c.c.StandardEngine --- Starting Servlet engine: [Apache Tomcat/11.0.24]
2026-09-25 17:07:36 INFO  o.s.b.w.c.s.WebApplicationContextInitializer --- Root WebApplicationContext: initialization completed in 1082 ms
2026-09-25 17:07:36 INFO  o.h.o.jpa --- HHH008540: Processing PersistenceUnitInfo [name: default]
2026-09-25 17:07:36 INFO  o.h.o.core --- HHH000001: Hibernate ORM core version 7.4.5.Final
2026-09-25 17:07:36 INFO  o.s.o.j.p.SpringPersistenceUnitInfo --- No LoadTimeWeaver setup: ignoring JPA class transformer
2026-09-25 17:07:36 INFO  c.z.h.HikariDataSource --- HikariPool-1 - Starting...
2026-09-25 17:07:37 INFO  c.z.h.p.HikariPool --- HikariPool-1 - Added connection org.postgresql.jdbc.PgConnection@1a4d3105
2026-09-25 17:07:37 INFO  c.z.h.HikariDataSource --- HikariPool-1 - Start completed.
2026-09-25 17:07:37 INFO  o.h.o.c.pooling --- HHH10001005: Database info:
	Database JDBC URL [jdbc:postgresql://localhost:5432/finsight]
	Database driver: PostgreSQL JDBC Driver
	Database dialect: PostgreSQLDialect
	Database version: 18.6
	Default catalog/schema: finsight/public
	Autocommit mode: undefined/unknown
	Isolation level: READ_COMMITTED [default READ_COMMITTED]
	JDBC fetch size: none
	Pool: DataSourceConnectionProvider
	Minimum pool size: undefined/unknown
	Maximum pool size: undefined/unknown
2026-09-25 17:07:37 INFO  o.h.o.core --- HHH000489: No JTA platform available (set 'hibernate.transaction.jta.platform' to enable JTA platform integration)
2026-09-25 17:07:37 INFO  o.s.o.j.LocalContainerEntityManagerFactoryBean --- Initialized JPA EntityManagerFactory for persistence unit 'default'
2026-09-25 17:07:38 INFO  o.s.d.j.r.q.QueryEnhancerFactories --- Hibernate is in classpath; If applicable, HQL parser will be used.
2026-09-25 17:07:38 WARN  o.s.b.j.a.JpaBaseConfiguration$JpaWebConfiguration --- spring.jpa.open-in-view is enabled by default. Therefore, database queries may be performed during view rendering. Explicitly configure spring.jpa.open-in-view to disable this warning
2026-09-25 17:07:38 DEBUG c.t.f.s.f.JwtAuthFilter --- Filter 'jwtAuthFilter' configured for use
2026-09-25 17:07:38 INFO  o.s.s.c.a.a.c.InitializeUserDetailsBeanManagerConfigurer$InitializeUserDetailsManagerConfigurer --- Global AuthenticationManager configured with UserDetailsService bean with name userService
2026-09-25 17:07:38 INFO  o.a.c.h.Http11NioProtocol --- Starting ProtocolHandler ["http-nio-8080"]
2026-09-25 17:07:38 INFO  o.s.b.t.TomcatWebServer --- Tomcat started on port 8080 (http) with context path '/'
2026-09-25 17:07:38 INFO  c.t.f.FinsightApplication --- Started FinsightApplication in 4.029 seconds (process running for 4.39)
2026-09-25 17:08:13 INFO  o.a.c.c.C.[.[.[/] --- Initializing Spring DispatcherServlet 'dispatcherServlet'
2026-09-25 17:08:13 INFO  o.s.w.s.DispatcherServlet --- Initializing Servlet 'dispatcherServlet'
2026-09-25 17:08:13 INFO  o.s.w.s.DispatcherServlet --- Completed initialization in 1 ms
2026-09-25 17:10:21 INFO  o.a.c.h.Http11Processor --- Error parsing HTTP request header
 Note: further occurrences of HTTP request parsing errors will be logged at DEBUG level.
java.lang.IllegalArgumentException: Invalid character found in method name [0x160x030x010x070x980x010x000x070x940x030x030xdb0xb20xed0xf20x850xb7!0xd0]0xfa]0xd1Y0x0e0x17D0x180xe6q0xde)0xad0x15VHCi0xe70xf90xb30x020xd9 ]. HTTP method names must be tokens
	at org.apache.coyote.http11.Http11InputBuffer.parseRequestLine(Http11InputBuffer.java:398)
	at org.apache.coyote.http11.Http11Processor.service(Http11Processor.java:279)
	at org.apache.coyote.AbstractProcessorLight.process(AbstractProcessorLight.java:71)
	at org.apache.coyote.AbstractProtocol$ConnectionHandler.process(AbstractProtocol.java:1307)
	at org.apache.tomcat.util.net.NioEndpoint$SocketProcessor.doRun(NioEndpoint.java:2036)
	at org.apache.tomcat.util.net.SocketProcessorBase.run(SocketProcessorBase.java:74)
	at org.apache.tomcat.util.threads.ThreadPoolExecutor.runWorker(ThreadPoolExecutor.java:949)
	at org.apache.tomcat.util.threads.ThreadPoolExecutor$Worker.run(ThreadPoolExecutor.java:483)
	at org.apache.tomcat.util.threads.TaskThread$WrappingRunnable.run(TaskThread.java:74)
	at java.base/java.lang.Thread.run(Thread.java:1583)
2026-09-25 17:10:21 INFO  o.a.c.h.Http11Processor --- Error parsing HTTP request header
 Note: further occurrences of HTTP request parsing errors will be logged at DEBUG level.
java.lang.IllegalArgumentException: Invalid character found in method name [0x160x030x010x070xb80x010x000x070xb40x030x030xf130xb4E0xf00x0c{YP0xac<0xcb0xf40x130xe70x950xb8t0x90,N0x0a0x010x150xa70x0c80xa920x80M0xd5 ]. HTTP method names must be tokens
	at org.apache.coyote.http11.Http11InputBuffer.parseRequestLine(Http11InputBuffer.java:398)
	at org.apache.coyote.http11.Http11Processor.service(Http11Processor.java:279)
	at org.apache.coyote.AbstractProcessorLight.process(AbstractProcessorLight.java:71)
	at org.apache.coyote.AbstractProtocol$ConnectionHandler.process(AbstractProtocol.java:1307)
	at org.apache.tomcat.util.net.NioEndpoint$SocketProcessor.doRun(NioEndpoint.java:2036)
	at org.apache.tomcat.util.net.SocketProcessorBase.run(SocketProcessorBase.java:74)
	at org.apache.tomcat.util.threads.ThreadPoolExecutor.runWorker(ThreadPoolExecutor.java:949)
	at org.apache.tomcat.util.threads.ThreadPoolExecutor$Worker.run(ThreadPoolExecutor.java:483)
	at org.apache.tomcat.util.threads.TaskThread$WrappingRunnable.run(TaskThread.java:74)
	at java.base/java.lang.Thread.run(Thread.java:1583)
2026-09-25 17:14:56 INFO  o.s.b.t.GracefulShutdown --- Commencing graceful shutdown. Waiting for active requests to complete
2026-09-25 17:14:56 INFO  o.s.b.t.GracefulShutdown --- Graceful shutdown complete
2026-09-25 17:14:56 INFO  o.s.o.j.LocalContainerEntityManagerFactoryBean --- Closing JPA EntityManagerFactory for persistence unit 'default'
2026-09-25 17:14:56 INFO  c.z.h.HikariDataSource --- HikariPool-1 - Shutdown initiated...
2026-09-25 17:14:56 INFO  c.z.h.HikariDataSource --- HikariPool-1 - Shutdown completed.
2026-09-25 17:14:59 INFO  o.h.v.i.u.Version --- HV000001: Hibernate Validator 9.1.3.Final
2026-09-25 17:14:59 INFO  c.t.f.FinsightApplication --- Starting FinsightApplication using Java 21.0.12.1 with PID 44897 (/home/abdul-rahman/Project/finsight/target/classes started by abdul-rahman in /home/abdul-rahman/Project/finsight)
2026-09-25 17:14:59 DEBUG c.t.f.FinsightApplication --- Running with Spring Boot v4.1.1, Spring v7.0.9
2026-09-25 17:14:59 INFO  c.t.f.FinsightApplication --- No active profile set, falling back to 1 default profile: "default"
2026-09-25 17:14:59 INFO  o.s.b.d.e.DevToolsPropertyDefaultsPostProcessor --- Devtools property defaults active! Set 'spring.devtools.add-properties' to 'false' to disable
2026-09-25 17:14:59 INFO  o.s.b.d.e.DevToolsPropertyDefaultsPostProcessor --- For additional web related logging consider setting the 'logging.level.web' property to 'DEBUG'
2026-09-25 17:14:59 INFO  o.s.d.r.c.RepositoryConfigurationDelegate --- Bootstrapping Spring Data JPA repositories in DEFAULT mode.
2026-09-25 17:14:59 INFO  o.s.d.r.c.RepositoryConfigurationDelegate --- Finished Spring Data repository scanning in 39 ms. Found 5 JPA repository interfaces.
2026-09-25 17:15:00 INFO  o.s.b.t.TomcatWebServer --- Tomcat initialized with port 8080 (http)
2026-09-25 17:15:00 INFO  o.a.c.h.Http11NioProtocol --- Initializing ProtocolHandler ["http-nio-8080"]
2026-09-25 17:15:00 INFO  o.a.c.c.StandardService --- Starting service [Tomcat]
2026-09-25 17:15:00 INFO  o.a.c.c.StandardEngine --- Starting Servlet engine: [Apache Tomcat/11.0.24]
2026-09-25 17:15:00 INFO  o.s.b.w.c.s.WebApplicationContextInitializer --- Root WebApplicationContext: initialization completed in 1135 ms
2026-09-25 17:15:00 INFO  o.h.o.jpa --- HHH008540: Processing PersistenceUnitInfo [name: default]
2026-09-25 17:15:00 INFO  o.h.o.core --- HHH000001: Hibernate ORM core version 7.4.5.Final
2026-09-25 17:15:00 INFO  o.s.o.j.p.SpringPersistenceUnitInfo --- No LoadTimeWeaver setup: ignoring JPA class transformer
2026-09-25 17:15:00 INFO  c.z.h.HikariDataSource --- HikariPool-1 - Starting...
2026-09-25 17:15:00 INFO  c.z.h.p.HikariPool --- HikariPool-1 - Added connection org.postgresql.jdbc.PgConnection@689848e3
2026-09-25 17:15:00 INFO  c.z.h.HikariDataSource --- HikariPool-1 - Start completed.
2026-09-25 17:15:01 INFO  o.h.o.c.pooling --- HHH10001005: Database info:
	Database JDBC URL [jdbc:postgresql://localhost:5432/finsight]
	Database driver: PostgreSQL JDBC Driver
	Database dialect: PostgreSQLDialect
	Database version: 18.6
	Default catalog/schema: finsight/public
	Autocommit mode: undefined/unknown
	Isolation level: READ_COMMITTED [default READ_COMMITTED]
	JDBC fetch size: none
	Pool: DataSourceConnectionProvider
	Minimum pool size: undefined/unknown
	Maximum pool size: undefined/unknown
2026-09-25 17:15:01 INFO  o.h.o.core --- HHH000489: No JTA platform available (set 'hibernate.transaction.jta.platform' to enable JTA platform integration)
2026-09-25 17:15:01 INFO  o.s.o.j.LocalContainerEntityManagerFactoryBean --- Initialized JPA EntityManagerFactory for persistence unit 'default'
2026-09-25 17:15:01 INFO  o.s.d.j.r.q.QueryEnhancerFactories --- Hibernate is in classpath; If applicable, HQL parser will be used.
2026-09-25 17:15:02 WARN  o.s.b.j.a.JpaBaseConfiguration$JpaWebConfiguration --- spring.jpa.open-in-view is enabled by default. Therefore, database queries may be performed during view rendering. Explicitly configure spring.jpa.open-in-view to disable this warning
2026-09-25 17:15:02 DEBUG c.t.f.s.f.JwtAuthFilter --- Filter 'jwtAuthFilter' configured for use
2026-09-25 17:15:02 INFO  o.s.s.c.a.a.c.InitializeUserDetailsBeanManagerConfigurer$InitializeUserDetailsManagerConfigurer --- Global AuthenticationManager configured with UserDetailsService bean with name userService
2026-09-25 17:15:02 INFO  o.a.c.h.Http11NioProtocol --- Starting ProtocolHandler ["http-nio-8080"]
2026-09-25 17:15:02 INFO  o.s.b.t.TomcatWebServer --- Tomcat started on port 8080 (http) with context path '/'
2026-09-25 17:15:02 INFO  c.t.f.FinsightApplication --- Started FinsightApplication in 4.359 seconds (process running for 4.722)
2026-09-25 17:15:03 INFO  o.a.c.c.C.[.[.[/] --- Initializing Spring DispatcherServlet 'dispatcherServlet'
2026-09-25 17:15:03 INFO  o.s.w.s.DispatcherServlet --- Initializing Servlet 'dispatcherServlet'
2026-09-25 17:15:03 INFO  o.s.w.s.DispatcherServlet --- Completed initialization in 1 ms
2026-09-25 17:16:35 DEBUG o.h.SQL --- select u1_0.id,u1_0.base_currency,u1_0.created_at,u1_0.email,u1_0.is_active,u1_0.name,u1_0.password,u1_0.role,u1_0.total_balance,u1_0.updated_at from users u1_0 where u1_0.email=?
2026-09-25 17:16:35 DEBUG o.h.SQL --- insert into users (base_currency,created_at,email,is_active,name,password,role,total_balance,updated_at) values (?,?,?,?,?,?,?,?,?)
2026-09-25 17:16:35 INFO  c.t.f.c.ExampleCategoryCreator --- Creating new example category with name: Food Budget (example)
2026-09-25 17:16:35 DEBUG o.h.SQL --- insert into category (description,icon,name,transaction_type,user_id) values (?,?,?,?,?)
2026-09-25 17:16:35 DEBUG o.h.SQL --- insert into budget (allocated_amount,category_id,is_breached,month,spent_amount,user_id) values (?,?,?,?,?,?)
2026-09-25 17:16:35 INFO  c.t.f.c.ExampleCategoryCreator --- New Example Category created. CategoryId: 5
2026-09-25 17:16:35 DEBUG o.h.SQL --- select s1_0.id,s1_0.created_at,s1_0.is_valid,s1_0.last_used_at,s1_0.refresh_token,s1_0.user_id from session s1_0 where s1_0.user_id=?
2026-09-25 17:16:35 DEBUG o.h.SQL --- insert into session (created_at,is_valid,last_used_at,refresh_token,user_id) values (?,?,?,?,?)
2026-09-25 17:16:35 WARN  o.s.w.s.m.m.a.ExceptionHandlerExceptionResolver --- Resolved [org.springframework.web.servlet.resource.NoResourceFoundException: No static resource favicon.ico for request '/favicon.ico'.]
2026-09-25 17:18:07 INFO  o.s.b.t.GracefulShutdown --- Commencing graceful shutdown. Waiting for active requests to complete
2026-09-25 17:18:07 INFO  o.s.b.t.GracefulShutdown --- Graceful shutdown complete
2026-09-25 17:18:07 INFO  o.s.o.j.LocalContainerEntityManagerFactoryBean --- Closing JPA EntityManagerFactory for persistence unit 'default'
2026-09-25 17:18:07 INFO  c.z.h.HikariDataSource --- HikariPool-1 - Shutdown initiated...
2026-09-25 17:18:07 INFO  c.z.h.HikariDataSource --- HikariPool-1 - Shutdown completed.
