2026-09-28 01:37:15 INFO  o.h.v.i.u.Version --- HV000001: Hibernate Validator 9.1.3.Final
2026-09-28 01:37:15 INFO  c.t.f.FinsightApplication --- Starting FinsightApplication using Java 21.0.12.1 with PID 16611 (/home/abdul-rahman/Project/finsight/target/classes started by abdul-rahman in /home/abdul-rahman/Project/finsight)
2026-09-28 01:37:15 DEBUG c.t.f.FinsightApplication --- Running with Spring Boot v4.1.1, Spring v7.0.9
2026-09-28 01:37:15 INFO  c.t.f.FinsightApplication --- No active profile set, falling back to 1 default profile: "default"
2026-09-28 01:37:15 INFO  o.s.b.d.e.DevToolsPropertyDefaultsPostProcessor --- Devtools property defaults active! Set 'spring.devtools.add-properties' to 'false' to disable
2026-09-28 01:37:15 INFO  o.s.b.d.e.DevToolsPropertyDefaultsPostProcessor --- For additional web related logging consider setting the 'logging.level.web' property to 'DEBUG'
2026-09-28 01:37:16 INFO  o.s.d.r.c.RepositoryConfigurationDelegate --- Bootstrapping Spring Data JPA repositories in DEFAULT mode.
2026-09-28 01:37:16 INFO  o.s.d.r.c.RepositoryConfigurationDelegate --- Finished Spring Data repository scanning in 43 ms. Found 5 JPA repository interfaces.
2026-09-28 01:37:16 INFO  o.s.b.t.TomcatWebServer --- Tomcat initialized with port 8080 (http)
2026-09-28 01:37:16 INFO  o.a.c.h.Http11NioProtocol --- Initializing ProtocolHandler ["http-nio-8080"]
2026-09-28 01:37:16 INFO  o.a.c.c.StandardService --- Starting service [Tomcat]
2026-09-28 01:37:16 INFO  o.a.c.c.StandardEngine --- Starting Servlet engine: [Apache Tomcat/11.0.24]
2026-09-28 01:37:16 INFO  o.s.b.w.c.s.WebApplicationContextInitializer --- Root WebApplicationContext: initialization completed in 1199 ms
2026-09-28 01:37:17 INFO  o.h.o.jpa --- HHH008540: Processing PersistenceUnitInfo [name: default]
2026-09-28 01:37:17 INFO  o.h.o.core --- HHH000001: Hibernate ORM core version 7.4.5.Final
2026-09-28 01:37:17 INFO  o.s.o.j.p.SpringPersistenceUnitInfo --- No LoadTimeWeaver setup: ignoring JPA class transformer
2026-09-28 01:37:17 INFO  c.z.h.HikariDataSource --- HikariPool-1 - Starting...
2026-09-28 01:37:17 INFO  c.z.h.p.HikariPool --- HikariPool-1 - Added connection org.postgresql.jdbc.PgConnection@ae94820
2026-09-28 01:37:17 INFO  c.z.h.HikariDataSource --- HikariPool-1 - Start completed.
2026-09-28 01:37:17 INFO  o.h.o.c.pooling --- HHH10001005: Database info:
	Database JDBC URL [jdbc:postgresql://localhost:5432/finsight]
	Database driver: PostgreSQL JDBC Driver
	Database dialect: PostgreSQLDialect
	Database version: 18.6
	Default catalog/schema: finsight/public
	Autocommit mode: undefined/unknown
	Isolation level: READ_COMMITTED [default READ_COMMITTED]
	JDBC fetch size: none
	Pool: DataSourceConnectionProvider
	Minimum pool size: undefined/unknown
	Maximum pool size: undefined/unknown
2026-09-28 01:37:18 INFO  o.h.o.core --- HHH000489: No JTA platform available (set 'hibernate.transaction.jta.platform' to enable JTA platform integration)
2026-09-28 01:37:18 INFO  o.s.o.j.LocalContainerEntityManagerFactoryBean --- Initialized JPA EntityManagerFactory for persistence unit 'default'
2026-09-28 01:37:18 INFO  o.s.d.j.r.q.QueryEnhancerFactories --- Hibernate is in classpath; If applicable, HQL parser will be used.
2026-09-28 01:37:19 WARN  o.s.b.j.a.JpaBaseConfiguration$JpaWebConfiguration --- spring.jpa.open-in-view is enabled by default. Therefore, database queries may be performed during view rendering. Explicitly configure spring.jpa.open-in-view to disable this warning
2026-09-28 01:37:19 DEBUG c.t.f.s.f.JwtAuthFilter --- Filter 'jwtAuthFilter' configured for use
2026-09-28 01:37:19 INFO  o.s.s.c.a.a.c.InitializeUserDetailsBeanManagerConfigurer$InitializeUserDetailsManagerConfigurer --- Global AuthenticationManager configured with UserDetailsService bean with name userService
2026-09-28 01:37:19 INFO  o.a.c.h.Http11NioProtocol --- Starting ProtocolHandler ["http-nio-8080"]
2026-09-28 01:37:19 INFO  o.s.b.t.TomcatWebServer --- Tomcat started on port 8080 (http) with context path '/'
2026-09-28 01:37:19 INFO  c.t.f.FinsightApplication --- Started FinsightApplication in 4.582 seconds (process running for 5.072)
2026-09-28 01:37:49 INFO  o.a.c.c.C.[.[.[/] --- Initializing Spring DispatcherServlet 'dispatcherServlet'
2026-09-28 01:37:49 INFO  o.s.w.s.DispatcherServlet --- Initializing Servlet 'dispatcherServlet'
2026-09-28 01:37:49 INFO  o.s.w.s.DispatcherServlet --- Completed initialization in 1 ms
2026-09-28 01:37:50 DEBUG o.h.SQL --- select u1_0.id,u1_0.base_currency,u1_0.created_at,u1_0.email,u1_0.is_active,u1_0.name,u1_0.password,u1_0.role,u1_0.total_balance,u1_0.updated_at from users u1_0 where u1_0.email=?
2026-09-28 01:37:50 DEBUG o.h.SQL --- select s1_0.id,s1_0.created_at,s1_0.is_valid,s1_0.last_used_at,s1_0.refresh_token,s1_0.user_id from session s1_0 where s1_0.user_id=?
2026-09-28 01:37:50 DEBUG o.h.SQL --- delete from session where id=?
2026-09-28 01:37:50 DEBUG o.h.SQL --- insert into session (created_at,is_valid,last_used_at,refresh_token,user_id) values (?,?,?,?,?)
2026-09-28 01:37:50 INFO  c.t.f.s.s.AuthService --- Login Success
2026-09-28 01:38:52 DEBUG o.h.SQL --- select u1_0.id,u1_0.base_currency,u1_0.created_at,u1_0.email,u1_0.is_active,u1_0.name,u1_0.password,u1_0.role,u1_0.total_balance,u1_0.updated_at from users u1_0 where u1_0.id=?
2026-09-28 01:38:52 DEBUG o.h.SQL --- select t1_0.id,t1_0.amount,t1_0.category_id,t1_0.description,t1_0.is_deleted,t1_0.transaction_date,t1_0.transaction_type,t1_0.user_id from transaction t1_0 where t1_0.user_id=? and t1_0.id=?
2026-09-28 01:38:52 DEBUG o.h.SQL --- select c1_0.id,c1_0.description,c1_0.icon,c1_0.name,c1_0.transaction_type,u1_0.id,u1_0.base_currency,u1_0.created_at,u1_0.email,u1_0.is_active,u1_0.name,u1_0.password,u1_0.role,u1_0.total_balance,u1_0.updated_at from category c1_0 left join users u1_0 on u1_0.id=c1_0.user_id where c1_0.id=?
2026-09-28 01:41:17 DEBUG o.h.SQL --- select u1_0.id,u1_0.base_currency,u1_0.created_at,u1_0.email,u1_0.is_active,u1_0.name,u1_0.password,u1_0.role,u1_0.total_balance,u1_0.updated_at from users u1_0 where u1_0.id=?
2026-09-28 01:41:17 DEBUG o.h.SQL --- select t1_0.id,t1_0.amount,t1_0.category_id,t1_0.description,t1_0.is_deleted,t1_0.transaction_date,t1_0.transaction_type,t1_0.user_id from transaction t1_0 where t1_0.user_id=? and t1_0.id=?
2026-09-28 01:41:17 DEBUG o.h.SQL --- select c1_0.id,c1_0.description,c1_0.icon,c1_0.name,c1_0.transaction_type,u1_0.id,u1_0.base_currency,u1_0.created_at,u1_0.email,u1_0.is_active,u1_0.name,u1_0.password,u1_0.role,u1_0.total_balance,u1_0.updated_at from category c1_0 left join users u1_0 on u1_0.id=c1_0.user_id where c1_0.id=?
2026-09-28 01:41:25 INFO  o.s.b.t.GracefulShutdown --- Commencing graceful shutdown. Waiting for active requests to complete
2026-09-28 01:41:25 INFO  o.s.b.t.GracefulShutdown --- Graceful shutdown complete
2026-09-28 01:41:25 INFO  o.s.o.j.LocalContainerEntityManagerFactoryBean --- Closing JPA EntityManagerFactory for persistence unit 'default'
2026-09-28 01:41:25 INFO  c.z.h.HikariDataSource --- HikariPool-1 - Shutdown initiated...
2026-09-28 01:41:25 INFO  c.z.h.HikariDataSource --- HikariPool-1 - Shutdown completed.
2026-09-28 01:41:29 INFO  o.h.v.i.u.Version --- HV000001: Hibernate Validator 9.1.3.Final
2026-09-28 01:41:29 INFO  c.t.f.FinsightApplication --- Starting FinsightApplication using Java 21.0.12.1 with PID 19460 (/home/abdul-rahman/Project/finsight/target/classes started by abdul-rahman in /home/abdul-rahman/Project/finsight)
2026-09-28 01:41:29 DEBUG c.t.f.FinsightApplication --- Running with Spring Boot v4.1.1, Spring v7.0.9
2026-09-28 01:41:29 INFO  c.t.f.FinsightApplication --- No active profile set, falling back to 1 default profile: "default"
2026-09-28 01:41:29 INFO  o.s.b.d.e.DevToolsPropertyDefaultsPostProcessor --- Devtools property defaults active! Set 'spring.devtools.add-properties' to 'false' to disable
2026-09-28 01:41:29 INFO  o.s.b.d.e.DevToolsPropertyDefaultsPostProcessor --- For additional web related logging consider setting the 'logging.level.web' property to 'DEBUG'
2026-09-28 01:41:29 INFO  o.s.d.r.c.RepositoryConfigurationDelegate --- Bootstrapping Spring Data JPA repositories in DEFAULT mode.
2026-09-28 01:41:29 INFO  o.s.d.r.c.RepositoryConfigurationDelegate --- Finished Spring Data repository scanning in 49 ms. Found 5 JPA repository interfaces.
2026-09-28 01:41:30 INFO  o.s.b.t.TomcatWebServer --- Tomcat initialized with port 8080 (http)
2026-09-28 01:41:30 INFO  o.a.c.h.Http11NioProtocol --- Initializing ProtocolHandler ["http-nio-8080"]
2026-09-28 01:41:30 INFO  o.a.c.c.StandardService --- Starting service [Tomcat]
2026-09-28 01:41:30 INFO  o.a.c.c.StandardEngine --- Starting Servlet engine: [Apache Tomcat/11.0.24]
2026-09-28 01:41:30 INFO  o.s.b.w.c.s.WebApplicationContextInitializer --- Root WebApplicationContext: initialization completed in 1062 ms
2026-09-28 01:41:30 INFO  o.h.o.jpa --- HHH008540: Processing PersistenceUnitInfo [name: default]
2026-09-28 01:41:30 INFO  o.h.o.core --- HHH000001: Hibernate ORM core version 7.4.5.Final
2026-09-28 01:41:30 INFO  o.s.o.j.p.SpringPersistenceUnitInfo --- No LoadTimeWeaver setup: ignoring JPA class transformer
2026-09-28 01:41:30 INFO  c.z.h.HikariDataSource --- HikariPool-1 - Starting...
2026-09-28 01:41:31 INFO  c.z.h.p.HikariPool --- HikariPool-1 - Added connection org.postgresql.jdbc.PgConnection@5c8fe2a5
2026-09-28 01:41:31 INFO  c.z.h.HikariDataSource --- HikariPool-1 - Start completed.
2026-09-28 01:41:31 INFO  o.h.o.c.pooling --- HHH10001005: Database info:
	Database JDBC URL [jdbc:postgresql://localhost:5432/finsight]
	Database driver: PostgreSQL JDBC Driver
	Database dialect: PostgreSQLDialect
	Database version: 18.6
	Default catalog/schema: finsight/public
	Autocommit mode: undefined/unknown
	Isolation level: READ_COMMITTED [default READ_COMMITTED]
	JDBC fetch size: none
	Pool: DataSourceConnectionProvider
	Minimum pool size: undefined/unknown
	Maximum pool size: undefined/unknown
2026-09-28 01:41:31 INFO  o.h.o.core --- HHH000489: No JTA platform available (set 'hibernate.transaction.jta.platform' to enable JTA platform integration)
2026-09-28 01:41:31 INFO  o.s.o.j.LocalContainerEntityManagerFactoryBean --- Initialized JPA EntityManagerFactory for persistence unit 'default'
2026-09-28 01:41:32 INFO  o.s.d.j.r.q.QueryEnhancerFactories --- Hibernate is in classpath; If applicable, HQL parser will be used.
2026-09-28 01:41:32 WARN  o.s.b.j.a.JpaBaseConfiguration$JpaWebConfiguration --- spring.jpa.open-in-view is enabled by default. Therefore, database queries may be performed during view rendering. Explicitly configure spring.jpa.open-in-view to disable this warning
2026-09-28 01:41:32 DEBUG c.t.f.s.f.JwtAuthFilter --- Filter 'jwtAuthFilter' configured for use
2026-09-28 01:41:32 INFO  o.s.s.c.a.a.c.InitializeUserDetailsBeanManagerConfigurer$InitializeUserDetailsManagerConfigurer --- Global AuthenticationManager configured with UserDetailsService bean with name userService
2026-09-28 01:41:32 INFO  o.a.c.h.Http11NioProtocol --- Starting ProtocolHandler ["http-nio-8080"]
2026-09-28 01:41:32 INFO  o.s.b.t.TomcatWebServer --- Tomcat started on port 8080 (http) with context path '/'
2026-09-28 01:41:32 INFO  c.t.f.FinsightApplication --- Started FinsightApplication in 4.143 seconds (process running for 4.631)
2026-09-28 01:41:35 INFO  o.a.c.c.C.[.[.[/] --- Initializing Spring DispatcherServlet 'dispatcherServlet'
2026-09-28 01:41:35 INFO  o.s.w.s.DispatcherServlet --- Initializing Servlet 'dispatcherServlet'
2026-09-28 01:41:35 INFO  o.s.w.s.DispatcherServlet --- Completed initialization in 2 ms
2026-09-28 01:41:35 DEBUG o.h.SQL --- select u1_0.id,u1_0.base_currency,u1_0.created_at,u1_0.email,u1_0.is_active,u1_0.name,u1_0.password,u1_0.role,u1_0.total_balance,u1_0.updated_at from users u1_0 where u1_0.id=?
2026-09-28 01:41:36 DEBUG o.h.SQL --- select t1_0.id,t1_0.amount,c1_0.id,c1_0.description,c1_0.icon,c1_0.name,c1_0.transaction_type,c1_0.user_id,t1_0.description,t1_0.is_deleted,t1_0.transaction_date,t1_0.transaction_type,u2_0.id,u2_0.base_currency,u2_0.created_at,u2_0.email,u2_0.is_active,u2_0.name,u2_0.password,u2_0.role,u2_0.total_balance,u2_0.updated_at from transaction t1_0 left join category c1_0 on c1_0.id=t1_0.category_id left join users u2_0 on u2_0.id=t1_0.user_id where t1_0.user_id=? and t1_0.id=?
2026-09-28 01:46:51 INFO  o.s.b.t.GracefulShutdown --- Commencing graceful shutdown. Waiting for active requests to complete
2026-09-28 01:46:51 INFO  o.s.b.t.GracefulShutdown --- Graceful shutdown complete
2026-09-28 01:46:51 INFO  o.s.o.j.LocalContainerEntityManagerFactoryBean --- Closing JPA EntityManagerFactory for persistence unit 'default'
2026-09-28 01:46:51 INFO  c.z.h.HikariDataSource --- HikariPool-1 - Shutdown initiated...
2026-09-28 01:46:51 INFO  c.z.h.HikariDataSource --- HikariPool-1 - Shutdown completed.
2026-09-28 01:46:55 INFO  o.h.v.i.u.Version --- HV000001: Hibernate Validator 9.1.3.Final
2026-09-28 01:46:55 INFO  c.t.f.FinsightApplication --- Starting FinsightApplication using Java 21.0.12.1 with PID 20163 (/home/abdul-rahman/Project/finsight/target/classes started by abdul-rahman in /home/abdul-rahman/Project/finsight)
2026-09-28 01:46:55 DEBUG c.t.f.FinsightApplication --- Running with Spring Boot v4.1.1, Spring v7.0.9
2026-09-28 01:46:55 INFO  c.t.f.FinsightApplication --- No active profile set, falling back to 1 default profile: "default"
2026-09-28 01:46:55 INFO  o.s.b.d.e.DevToolsPropertyDefaultsPostProcessor --- Devtools property defaults active! Set 'spring.devtools.add-properties' to 'false' to disable
2026-09-28 01:46:55 INFO  o.s.b.d.e.DevToolsPropertyDefaultsPostProcessor --- For additional web related logging consider setting the 'logging.level.web' property to 'DEBUG'
2026-09-28 01:46:55 INFO  o.s.d.r.c.RepositoryConfigurationDelegate --- Bootstrapping Spring Data JPA repositories in DEFAULT mode.
2026-09-28 01:46:55 INFO  o.s.d.r.c.RepositoryConfigurationDelegate --- Finished Spring Data repository scanning in 45 ms. Found 5 JPA repository interfaces.
2026-09-28 01:46:56 INFO  o.s.b.t.TomcatWebServer --- Tomcat initialized with port 8080 (http)
2026-09-28 01:46:56 INFO  o.a.c.h.Http11NioProtocol --- Initializing ProtocolHandler ["http-nio-8080"]
2026-09-28 01:46:56 INFO  o.a.c.c.StandardService --- Starting service [Tomcat]
2026-09-28 01:46:56 INFO  o.a.c.c.StandardEngine --- Starting Servlet engine: [Apache Tomcat/11.0.24]
2026-09-28 01:46:56 INFO  o.s.b.w.c.s.WebApplicationContextInitializer --- Root WebApplicationContext: initialization completed in 1014 ms
2026-09-28 01:46:56 INFO  o.h.o.jpa --- HHH008540: Processing PersistenceUnitInfo [name: default]
2026-09-28 01:46:56 INFO  o.h.o.core --- HHH000001: Hibernate ORM core version 7.4.5.Final
2026-09-28 01:46:56 INFO  o.s.o.j.p.SpringPersistenceUnitInfo --- No LoadTimeWeaver setup: ignoring JPA class transformer
2026-09-28 01:46:56 INFO  c.z.h.HikariDataSource --- HikariPool-1 - Starting...
2026-09-28 01:46:56 INFO  c.z.h.p.HikariPool --- HikariPool-1 - Added connection org.postgresql.jdbc.PgConnection@4fc9cc1d
2026-09-28 01:46:56 INFO  c.z.h.HikariDataSource --- HikariPool-1 - Start completed.
2026-09-28 01:46:56 INFO  o.h.o.c.pooling --- HHH10001005: Database info:
	Database JDBC URL [jdbc:postgresql://localhost:5432/finsight]
	Database driver: PostgreSQL JDBC Driver
	Database dialect: PostgreSQLDialect
	Database version: 18.6
	Default catalog/schema: finsight/public
	Autocommit mode: undefined/unknown
	Isolation level: READ_COMMITTED [default READ_COMMITTED]
	JDBC fetch size: none
	Pool: DataSourceConnectionProvider
	Minimum pool size: undefined/unknown
	Maximum pool size: undefined/unknown
2026-09-28 01:46:57 INFO  o.h.o.core --- HHH000489: No JTA platform available (set 'hibernate.transaction.jta.platform' to enable JTA platform integration)
2026-09-28 01:46:57 INFO  o.s.o.j.LocalContainerEntityManagerFactoryBean --- Initialized JPA EntityManagerFactory for persistence unit 'default'
2026-09-28 01:46:57 INFO  o.s.d.j.r.q.QueryEnhancerFactories --- Hibernate is in classpath; If applicable, HQL parser will be used.
2026-09-28 01:46:58 WARN  o.s.b.j.a.JpaBaseConfiguration$JpaWebConfiguration --- spring.jpa.open-in-view is enabled by default. Therefore, database queries may be performed during view rendering. Explicitly configure spring.jpa.open-in-view to disable this warning
2026-09-28 01:46:58 DEBUG c.t.f.s.f.JwtAuthFilter --- Filter 'jwtAuthFilter' configured for use
2026-09-28 01:46:58 INFO  o.s.s.c.a.a.c.InitializeUserDetailsBeanManagerConfigurer$InitializeUserDetailsManagerConfigurer --- Global AuthenticationManager configured with UserDetailsService bean with name userService
2026-09-28 01:46:58 INFO  o.a.c.h.Http11NioProtocol --- Starting ProtocolHandler ["http-nio-8080"]
2026-09-28 01:46:58 INFO  o.s.b.t.TomcatWebServer --- Tomcat started on port 8080 (http) with context path '/'
2026-09-28 01:46:58 INFO  c.t.f.FinsightApplication --- Started FinsightApplication in 3.932 seconds (process running for 4.3)
2026-09-28 01:47:01 INFO  o.a.c.c.C.[.[.[/] --- Initializing Spring DispatcherServlet 'dispatcherServlet'
2026-09-28 01:47:01 INFO  o.s.w.s.DispatcherServlet --- Initializing Servlet 'dispatcherServlet'
2026-09-28 01:47:01 INFO  o.s.w.s.DispatcherServlet --- Completed initialization in 1 ms
2026-09-28 01:47:01 DEBUG o.h.SQL --- select u1_0.id,u1_0.base_currency,u1_0.created_at,u1_0.email,u1_0.is_active,u1_0.name,u1_0.password,u1_0.role,u1_0.total_balance,u1_0.updated_at from users u1_0 where u1_0.id=?
2026-09-28 01:47:01 DEBUG o.h.SQL --- select t1_0.id,t1_0.amount,c1_0.id,c1_0.description,c1_0.icon,c1_0.name,c1_0.transaction_type,c1_0.user_id,t1_0.description,t1_0.is_deleted,t1_0.transaction_date,t1_0.transaction_type,t1_0.user_id from transaction t1_0 left join category c1_0 on c1_0.id=t1_0.category_id where t1_0.user_id=? and t1_0.id=?
2026-09-28 01:51:27 INFO  o.s.b.t.GracefulShutdown --- Commencing graceful shutdown. Waiting for active requests to complete
2026-09-28 01:51:27 INFO  o.s.b.t.GracefulShutdown --- Graceful shutdown complete
2026-09-28 01:51:27 INFO  o.s.o.j.LocalContainerEntityManagerFactoryBean --- Closing JPA EntityManagerFactory for persistence unit 'default'
2026-09-28 01:51:27 INFO  c.z.h.HikariDataSource --- HikariPool-1 - Shutdown initiated...
2026-09-28 01:51:27 INFO  c.z.h.HikariDataSource --- HikariPool-1 - Shutdown completed.
2026-09-28 01:51:31 INFO  o.h.v.i.u.Version --- HV000001: Hibernate Validator 9.1.3.Final
2026-09-28 01:51:31 INFO  c.t.f.FinsightApplication --- Starting FinsightApplication using Java 21.0.12.1 with PID 21096 (/home/abdul-rahman/Project/finsight/target/classes started by abdul-rahman in /home/abdul-rahman/Project/finsight)
2026-09-28 01:51:31 DEBUG c.t.f.FinsightApplication --- Running with Spring Boot v4.1.1, Spring v7.0.9
2026-09-28 01:51:31 INFO  c.t.f.FinsightApplication --- No active profile set, falling back to 1 default profile: "default"
2026-09-28 01:51:31 INFO  o.s.b.d.e.DevToolsPropertyDefaultsPostProcessor --- Devtools property defaults active! Set 'spring.devtools.add-properties' to 'false' to disable
2026-09-28 01:51:31 INFO  o.s.b.d.e.DevToolsPropertyDefaultsPostProcessor --- For additional web related logging consider setting the 'logging.level.web' property to 'DEBUG'
2026-09-28 01:51:31 INFO  o.s.d.r.c.RepositoryConfigurationDelegate --- Bootstrapping Spring Data JPA repositories in DEFAULT mode.
2026-09-28 01:51:31 INFO  o.s.d.r.c.RepositoryConfigurationDelegate --- Finished Spring Data repository scanning in 42 ms. Found 5 JPA repository interfaces.
2026-09-28 01:51:32 INFO  o.s.b.t.TomcatWebServer --- Tomcat initialized with port 8080 (http)
2026-09-28 01:51:32 INFO  o.a.c.h.Http11NioProtocol --- Initializing ProtocolHandler ["http-nio-8080"]
2026-09-28 01:51:32 INFO  o.a.c.c.StandardService --- Starting service [Tomcat]
2026-09-28 01:51:32 INFO  o.a.c.c.StandardEngine --- Starting Servlet engine: [Apache Tomcat/11.0.24]
2026-09-28 01:51:32 INFO  o.s.b.w.c.s.WebApplicationContextInitializer --- Root WebApplicationContext: initialization completed in 1121 ms
2026-09-28 01:51:32 INFO  o.h.o.jpa --- HHH008540: Processing PersistenceUnitInfo [name: default]
2026-09-28 01:51:32 INFO  o.h.o.core --- HHH000001: Hibernate ORM core version 7.4.5.Final
2026-09-28 01:51:32 INFO  o.s.o.j.p.SpringPersistenceUnitInfo --- No LoadTimeWeaver setup: ignoring JPA class transformer
2026-09-28 01:51:32 INFO  c.z.h.HikariDataSource --- HikariPool-1 - Starting...
2026-09-28 01:51:33 INFO  c.z.h.p.HikariPool --- HikariPool-1 - Added connection org.postgresql.jdbc.PgConnection@77788be0
2026-09-28 01:51:33 INFO  c.z.h.HikariDataSource --- HikariPool-1 - Start completed.
2026-09-28 01:51:33 INFO  o.h.o.c.pooling --- HHH10001005: Database info:
	Database JDBC URL [jdbc:postgresql://localhost:5432/finsight]
	Database driver: PostgreSQL JDBC Driver
	Database dialect: PostgreSQLDialect
	Database version: 18.6
	Default catalog/schema: finsight/public
	Autocommit mode: undefined/unknown
	Isolation level: READ_COMMITTED [default READ_COMMITTED]
	JDBC fetch size: none
	Pool: DataSourceConnectionProvider
	Minimum pool size: undefined/unknown
	Maximum pool size: undefined/unknown
2026-09-28 01:51:33 INFO  o.h.o.core --- HHH000489: No JTA platform available (set 'hibernate.transaction.jta.platform' to enable JTA platform integration)
2026-09-28 01:51:33 INFO  o.s.o.j.LocalContainerEntityManagerFactoryBean --- Initialized JPA EntityManagerFactory for persistence unit 'default'
2026-09-28 01:51:33 INFO  o.s.d.j.r.q.QueryEnhancerFactories --- Hibernate is in classpath; If applicable, HQL parser will be used.
2026-09-28 01:51:34 WARN  o.s.b.j.a.JpaBaseConfiguration$JpaWebConfiguration --- spring.jpa.open-in-view is enabled by default. Therefore, database queries may be performed during view rendering. Explicitly configure spring.jpa.open-in-view to disable this warning
2026-09-28 01:51:34 DEBUG c.t.f.s.f.JwtAuthFilter --- Filter 'jwtAuthFilter' configured for use
2026-09-28 01:51:34 INFO  o.s.s.c.a.a.c.InitializeUserDetailsBeanManagerConfigurer$InitializeUserDetailsManagerConfigurer --- Global AuthenticationManager configured with UserDetailsService bean with name userService
2026-09-28 01:51:34 INFO  o.a.c.h.Http11NioProtocol --- Starting ProtocolHandler ["http-nio-8080"]
2026-09-28 01:51:34 INFO  o.s.b.t.TomcatWebServer --- Tomcat started on port 8080 (http) with context path '/'
2026-09-28 01:51:34 INFO  c.t.f.FinsightApplication --- Started FinsightApplication in 4.081 seconds (process running for 4.516)
2026-09-28 01:51:44 INFO  o.a.c.c.C.[.[.[/] --- Initializing Spring DispatcherServlet 'dispatcherServlet'
2026-09-28 01:51:44 INFO  o.s.w.s.DispatcherServlet --- Initializing Servlet 'dispatcherServlet'
2026-09-28 01:51:44 INFO  o.s.w.s.DispatcherServlet --- Completed initialization in 2 ms
2026-09-28 01:51:45 DEBUG o.h.SQL --- select u1_0.id,u1_0.base_currency,u1_0.created_at,u1_0.email,u1_0.is_active,u1_0.name,u1_0.password,u1_0.role,u1_0.total_balance,u1_0.updated_at from users u1_0 where u1_0.email=?
2026-09-28 01:51:45 DEBUG o.h.SQL --- select s1_0.id,s1_0.created_at,s1_0.is_valid,s1_0.last_used_at,s1_0.refresh_token,s1_0.user_id from session s1_0 where s1_0.user_id=?
2026-09-28 01:51:45 DEBUG o.h.SQL --- delete from session where id=?
2026-09-28 01:51:45 DEBUG o.h.SQL --- insert into session (created_at,is_valid,last_used_at,refresh_token,user_id) values (?,?,?,?,?)
2026-09-28 01:51:45 INFO  c.t.f.s.s.AuthService --- Login Success
2026-09-28 01:52:17 DEBUG o.h.SQL --- select u1_0.id,u1_0.base_currency,u1_0.created_at,u1_0.email,u1_0.is_active,u1_0.name,u1_0.password,u1_0.role,u1_0.total_balance,u1_0.updated_at from users u1_0 where u1_0.id=?
2026-09-28 01:52:17 INFO  c.t.f.t.TransactionService --- Fetching transactions for userId: 1
2026-09-28 01:52:17 DEBUG o.h.SQL --- select t1_0.id,t1_0.amount,t1_0.category_id,t1_0.description,t1_0.is_deleted,t1_0.transaction_date,t1_0.transaction_type,t1_0.user_id from transaction t1_0 where t1_0.user_id=? and 1=1 and 1=1 and 1=1 and 1=1 and 1=1 and 1=1 and t1_0.is_deleted=? order by t1_0.transaction_date desc offset ? rows fetch first ? rows only
2026-09-28 01:52:17 DEBUG o.h.SQL --- select c1_0.id,c1_0.description,c1_0.icon,c1_0.name,c1_0.transaction_type,u1_0.id,u1_0.base_currency,u1_0.created_at,u1_0.email,u1_0.is_active,u1_0.name,u1_0.password,u1_0.role,u1_0.total_balance,u1_0.updated_at from category c1_0 left join users u1_0 on u1_0.id=c1_0.user_id where c1_0.id=?
2026-09-28 01:52:17 DEBUG o.h.SQL --- select c1_0.id,c1_0.description,c1_0.icon,c1_0.name,c1_0.transaction_type,u1_0.id,u1_0.base_currency,u1_0.created_at,u1_0.email,u1_0.is_active,u1_0.name,u1_0.password,u1_0.role,u1_0.total_balance,u1_0.updated_at from category c1_0 left join users u1_0 on u1_0.id=c1_0.user_id where c1_0.id=?
2026-09-28 01:52:17 DEBUG o.h.SQL --- select count(t1_0.id) from transaction t1_0 where t1_0.user_id=? and 1=1 and 1=1 and 1=1 and 1=1 and 1=1 and 1=1 and t1_0.is_deleted=?
2026-09-28 01:52:17 INFO  c.t.f.t.TransactionService --- Fetched transactions for userId: 1
2026-09-28 01:52:17 WARN  o.s.d.w.c.SpringDataJackson3Configuration$PageModule$WarningLoggingModifier --- Serializing PageImpl instances as-is is not supported, meaning that there is no guarantee about the stability of the resulting JSON structure!
	For a stable JSON structure, please use Spring Data's PagedModel (globally via @EnableSpringDataWebSupport(pageSerializationMode = VIA_DTO))
	or Spring HATEOAS and Spring Data's PagedResourcesAssembler as documented in https://docs.spring.io/spring-data/commons/reference/repositories/core-extensions.html#core.web.pageables.

2026-09-28 01:53:03 INFO  o.s.b.t.GracefulShutdown --- Commencing graceful shutdown. Waiting for active requests to complete
2026-09-28 01:53:03 INFO  o.s.b.t.GracefulShutdown --- Graceful shutdown complete
2026-09-28 01:53:03 INFO  o.s.o.j.LocalContainerEntityManagerFactoryBean --- Closing JPA EntityManagerFactory for persistence unit 'default'
2026-09-28 01:53:03 INFO  c.z.h.HikariDataSource --- HikariPool-1 - Shutdown initiated...
2026-09-28 01:53:03 INFO  c.z.h.HikariDataSource --- HikariPool-1 - Shutdown completed.
2026-09-28 01:53:07 INFO  o.h.v.i.u.Version --- HV000001: Hibernate Validator 9.1.3.Final
2026-09-28 01:53:07 INFO  c.t.f.FinsightApplication --- Starting FinsightApplication using Java 21.0.12.1 with PID 21423 (/home/abdul-rahman/Project/finsight/target/classes started by abdul-rahman in /home/abdul-rahman/Project/finsight)
2026-09-28 01:53:07 DEBUG c.t.f.FinsightApplication --- Running with Spring Boot v4.1.1, Spring v7.0.9
2026-09-28 01:53:07 INFO  c.t.f.FinsightApplication --- No active profile set, falling back to 1 default profile: "default"
2026-09-28 01:53:07 INFO  o.s.b.d.e.DevToolsPropertyDefaultsPostProcessor --- Devtools property defaults active! Set 'spring.devtools.add-properties' to 'false' to disable
2026-09-28 01:53:07 INFO  o.s.b.d.e.DevToolsPropertyDefaultsPostProcessor --- For additional web related logging consider setting the 'logging.level.web' property to 'DEBUG'
2026-09-28 01:53:08 INFO  o.s.d.r.c.RepositoryConfigurationDelegate --- Bootstrapping Spring Data JPA repositories in DEFAULT mode.
2026-09-28 01:53:08 INFO  o.s.d.r.c.RepositoryConfigurationDelegate --- Finished Spring Data repository scanning in 39 ms. Found 5 JPA repository interfaces.
2026-09-28 01:53:08 INFO  o.s.b.t.TomcatWebServer --- Tomcat initialized with port 8080 (http)
2026-09-28 01:53:08 INFO  o.a.c.h.Http11NioProtocol --- Initializing ProtocolHandler ["http-nio-8080"]
2026-09-28 01:53:08 INFO  o.a.c.c.StandardService --- Starting service [Tomcat]
2026-09-28 01:53:08 INFO  o.a.c.c.StandardEngine --- Starting Servlet engine: [Apache Tomcat/11.0.24]
2026-09-28 01:53:08 INFO  o.s.b.w.c.s.WebApplicationContextInitializer --- Root WebApplicationContext: initialization completed in 1004 ms
2026-09-28 01:53:08 INFO  o.h.o.jpa --- HHH008540: Processing PersistenceUnitInfo [name: default]
2026-09-28 01:53:08 INFO  o.h.o.core --- HHH000001: Hibernate ORM core version 7.4.5.Final
2026-09-28 01:53:08 INFO  o.s.o.j.p.SpringPersistenceUnitInfo --- No LoadTimeWeaver setup: ignoring JPA class transformer
2026-09-28 01:53:09 INFO  c.z.h.HikariDataSource --- HikariPool-1 - Starting...
2026-09-28 01:53:09 INFO  c.z.h.p.HikariPool --- HikariPool-1 - Added connection org.postgresql.jdbc.PgConnection@4e582ae4
2026-09-28 01:53:09 INFO  c.z.h.HikariDataSource --- HikariPool-1 - Start completed.
2026-09-28 01:53:09 INFO  o.h.o.c.pooling --- HHH10001005: Database info:
	Database JDBC URL [jdbc:postgresql://localhost:5432/finsight]
	Database driver: PostgreSQL JDBC Driver
	Database dialect: PostgreSQLDialect
	Database version: 18.6
	Default catalog/schema: finsight/public
	Autocommit mode: undefined/unknown
	Isolation level: READ_COMMITTED [default READ_COMMITTED]
	JDBC fetch size: none
	Pool: DataSourceConnectionProvider
	Minimum pool size: undefined/unknown
	Maximum pool size: undefined/unknown
2026-09-28 01:53:10 INFO  o.h.o.core --- HHH000489: No JTA platform available (set 'hibernate.transaction.jta.platform' to enable JTA platform integration)
2026-09-28 01:53:10 INFO  o.s.o.j.LocalContainerEntityManagerFactoryBean --- Initialized JPA EntityManagerFactory for persistence unit 'default'
2026-09-28 01:53:10 INFO  o.s.d.j.r.q.QueryEnhancerFactories --- Hibernate is in classpath; If applicable, HQL parser will be used.
2026-09-28 01:53:10 WARN  o.s.b.j.a.JpaBaseConfiguration$JpaWebConfiguration --- spring.jpa.open-in-view is enabled by default. Therefore, database queries may be performed during view rendering. Explicitly configure spring.jpa.open-in-view to disable this warning
2026-09-28 01:53:10 DEBUG c.t.f.s.f.JwtAuthFilter --- Filter 'jwtAuthFilter' configured for use
2026-09-28 01:53:10 INFO  o.s.s.c.a.a.c.InitializeUserDetailsBeanManagerConfigurer$InitializeUserDetailsManagerConfigurer --- Global AuthenticationManager configured with UserDetailsService bean with name userService
2026-09-28 01:53:10 INFO  o.a.c.h.Http11NioProtocol --- Starting ProtocolHandler ["http-nio-8080"]
2026-09-28 01:53:10 INFO  o.s.b.t.TomcatWebServer --- Tomcat started on port 8080 (http) with context path '/'
2026-09-28 01:53:10 INFO  c.t.f.FinsightApplication --- Started FinsightApplication in 3.765 seconds (process running for 4.141)
2026-09-28 01:53:25 INFO  o.a.c.c.C.[.[.[/] --- Initializing Spring DispatcherServlet 'dispatcherServlet'
2026-09-28 01:53:25 INFO  o.s.w.s.DispatcherServlet --- Initializing Servlet 'dispatcherServlet'
2026-09-28 01:53:25 INFO  o.s.w.s.DispatcherServlet --- Completed initialization in 1 ms
2026-09-28 01:53:25 DEBUG o.h.SQL --- select u1_0.id,u1_0.base_currency,u1_0.created_at,u1_0.email,u1_0.is_active,u1_0.name,u1_0.password,u1_0.role,u1_0.total_balance,u1_0.updated_at from users u1_0 where u1_0.id=?
2026-09-28 01:53:25 INFO  c.t.f.t.TransactionService --- Fetching transactions for userId: 1
2026-09-28 01:53:25 DEBUG o.h.SQL --- select t1_0.id,t1_0.amount,t1_0.category_id,t1_0.description,t1_0.is_deleted,t1_0.transaction_date,t1_0.transaction_type,t1_0.user_id from transaction t1_0 where t1_0.user_id=? and 1=1 and 1=1 and 1=1 and 1=1 and 1=1 and 1=1 and t1_0.is_deleted=? order by t1_0.transaction_date desc offset ? rows fetch first ? rows only
2026-09-28 01:53:25 DEBUG o.h.SQL --- select c1_0.id,c1_0.description,c1_0.icon,c1_0.name,c1_0.transaction_type,u1_0.id,u1_0.base_currency,u1_0.created_at,u1_0.email,u1_0.is_active,u1_0.name,u1_0.password,u1_0.role,u1_0.total_balance,u1_0.updated_at from category c1_0 left join users u1_0 on u1_0.id=c1_0.user_id where c1_0.id=?
2026-09-28 01:53:25 DEBUG o.h.SQL --- select c1_0.id,c1_0.description,c1_0.icon,c1_0.name,c1_0.transaction_type,u1_0.id,u1_0.base_currency,u1_0.created_at,u1_0.email,u1_0.is_active,u1_0.name,u1_0.password,u1_0.role,u1_0.total_balance,u1_0.updated_at from category c1_0 left join users u1_0 on u1_0.id=c1_0.user_id where c1_0.id=?
2026-09-28 01:53:25 DEBUG o.h.SQL --- select count(t1_0.id) from transaction t1_0 where t1_0.user_id=? and 1=1 and 1=1 and 1=1 and 1=1 and 1=1 and 1=1 and t1_0.is_deleted=?
2026-09-28 01:53:25 INFO  c.t.f.t.TransactionService --- Fetched transactions for userId: 1
2026-09-28 01:53:25 WARN  o.s.d.w.c.SpringDataJackson3Configuration$PageModule$WarningLoggingModifier --- Serializing PageImpl instances as-is is not supported, meaning that there is no guarantee about the stability of the resulting JSON structure!
	For a stable JSON structure, please use Spring Data's PagedModel (globally via @EnableSpringDataWebSupport(pageSerializationMode = VIA_DTO))
	or Spring HATEOAS and Spring Data's PagedResourcesAssembler as documented in https://docs.spring.io/spring-data/commons/reference/repositories/core-extensions.html#core.web.pageables.

2026-09-28 02:01:20 INFO  o.s.b.t.GracefulShutdown --- Commencing graceful shutdown. Waiting for active requests to complete
2026-09-28 02:01:20 INFO  o.s.b.t.GracefulShutdown --- Graceful shutdown complete
2026-09-28 02:01:20 INFO  o.s.o.j.LocalContainerEntityManagerFactoryBean --- Closing JPA EntityManagerFactory for persistence unit 'default'
2026-09-28 02:01:20 INFO  c.z.h.HikariDataSource --- HikariPool-1 - Shutdown initiated...
2026-09-28 02:01:20 INFO  c.z.h.HikariDataSource --- HikariPool-1 - Shutdown completed.
2026-09-28 02:01:23 INFO  o.h.v.i.u.Version --- HV000001: Hibernate Validator 9.1.3.Final
2026-09-28 02:01:23 INFO  c.t.f.FinsightApplication --- Starting FinsightApplication using Java 21.0.12.1 with PID 22755 (/home/abdul-rahman/Project/finsight/target/classes started by abdul-rahman in /home/abdul-rahman/Project/finsight)
2026-09-28 02:01:23 DEBUG c.t.f.FinsightApplication --- Running with Spring Boot v4.1.1, Spring v7.0.9
2026-09-28 02:01:23 INFO  c.t.f.FinsightApplication --- No active profile set, falling back to 1 default profile: "default"
2026-09-28 02:01:23 INFO  o.s.b.d.e.DevToolsPropertyDefaultsPostProcessor --- Devtools property defaults active! Set 'spring.devtools.add-properties' to 'false' to disable
2026-09-28 02:01:23 INFO  o.s.b.d.e.DevToolsPropertyDefaultsPostProcessor --- For additional web related logging consider setting the 'logging.level.web' property to 'DEBUG'
2026-09-28 02:01:23 INFO  o.s.d.r.c.RepositoryConfigurationDelegate --- Bootstrapping Spring Data JPA repositories in DEFAULT mode.
2026-09-28 02:01:23 INFO  o.s.d.r.c.RepositoryConfigurationDelegate --- Finished Spring Data repository scanning in 45 ms. Found 5 JPA repository interfaces.
2026-09-28 02:01:24 INFO  o.s.b.t.TomcatWebServer --- Tomcat initialized with port 8080 (http)
2026-09-28 02:01:24 INFO  o.a.c.h.Http11NioProtocol --- Initializing ProtocolHandler ["http-nio-8080"]
2026-09-28 02:01:24 INFO  o.a.c.c.StandardService --- Starting service [Tomcat]
2026-09-28 02:01:24 INFO  o.a.c.c.StandardEngine --- Starting Servlet engine: [Apache Tomcat/11.0.24]
2026-09-28 02:01:24 INFO  o.s.b.w.c.s.WebApplicationContextInitializer --- Root WebApplicationContext: initialization completed in 989 ms
2026-09-28 02:01:24 INFO  o.h.o.jpa --- HHH008540: Processing PersistenceUnitInfo [name: default]
2026-09-28 02:01:24 INFO  o.h.o.core --- HHH000001: Hibernate ORM core version 7.4.5.Final
2026-09-28 02:01:24 INFO  o.s.o.j.p.SpringPersistenceUnitInfo --- No LoadTimeWeaver setup: ignoring JPA class transformer
2026-09-28 02:01:24 INFO  c.z.h.HikariDataSource --- HikariPool-1 - Starting...
2026-09-28 02:01:24 INFO  c.z.h.p.HikariPool --- HikariPool-1 - Added connection org.postgresql.jdbc.PgConnection@14ffc735
2026-09-28 02:01:24 INFO  c.z.h.HikariDataSource --- HikariPool-1 - Start completed.
2026-09-28 02:01:24 INFO  o.h.o.c.pooling --- HHH10001005: Database info:
	Database JDBC URL [jdbc:postgresql://localhost:5432/finsight]
	Database driver: PostgreSQL JDBC Driver
	Database dialect: PostgreSQLDialect
	Database version: 18.6
	Default catalog/schema: finsight/public
	Autocommit mode: undefined/unknown
	Isolation level: READ_COMMITTED [default READ_COMMITTED]
	JDBC fetch size: none
	Pool: DataSourceConnectionProvider
	Minimum pool size: undefined/unknown
	Maximum pool size: undefined/unknown
2026-09-28 02:01:25 INFO  o.h.o.core --- HHH000489: No JTA platform available (set 'hibernate.transaction.jta.platform' to enable JTA platform integration)
2026-09-28 02:01:25 INFO  o.s.o.j.LocalContainerEntityManagerFactoryBean --- Initialized JPA EntityManagerFactory for persistence unit 'default'
2026-09-28 02:01:25 INFO  o.s.d.j.r.q.QueryEnhancerFactories --- Hibernate is in classpath; If applicable, HQL parser will be used.
2026-09-28 02:01:26 WARN  o.s.b.j.a.JpaBaseConfiguration$JpaWebConfiguration --- spring.jpa.open-in-view is enabled by default. Therefore, database queries may be performed during view rendering. Explicitly configure spring.jpa.open-in-view to disable this warning
2026-09-28 02:01:26 DEBUG c.t.f.s.f.JwtAuthFilter --- Filter 'jwtAuthFilter' configured for use
2026-09-28 02:01:26 INFO  o.s.s.c.a.a.c.InitializeUserDetailsBeanManagerConfigurer$InitializeUserDetailsManagerConfigurer --- Global AuthenticationManager configured with UserDetailsService bean with name userService
2026-09-28 02:01:26 INFO  o.a.c.h.Http11NioProtocol --- Starting ProtocolHandler ["http-nio-8080"]
2026-09-28 02:01:26 INFO  o.s.b.t.TomcatWebServer --- Tomcat started on port 8080 (http) with context path '/'
2026-09-28 02:01:26 INFO  c.t.f.FinsightApplication --- Started FinsightApplication in 3.898 seconds (process running for 4.252)
2026-09-28 02:01:32 INFO  o.a.c.c.C.[.[.[/] --- Initializing Spring DispatcherServlet 'dispatcherServlet'
2026-09-28 02:01:32 INFO  o.s.w.s.DispatcherServlet --- Initializing Servlet 'dispatcherServlet'
2026-09-28 02:01:32 INFO  o.s.w.s.DispatcherServlet --- Completed initialization in 1 ms
2026-09-28 02:01:32 DEBUG o.h.SQL --- select u1_0.id,u1_0.base_currency,u1_0.created_at,u1_0.email,u1_0.is_active,u1_0.name,u1_0.password,u1_0.role,u1_0.total_balance,u1_0.updated_at from users u1_0 where u1_0.id=?
2026-09-28 02:01:32 INFO  c.t.f.t.TransactionService --- Fetching transactions for userId: 1
2026-09-28 02:01:32 DEBUG o.h.SQL --- select t1_0.id,t1_0.amount,c1_0.id,c1_0.description,c1_0.icon,c1_0.name,c1_0.transaction_type,c1_0.user_id,t1_0.description,t1_0.is_deleted,t1_0.transaction_date,t1_0.transaction_type,t1_0.user_id from transaction t1_0 left join category c1_0 on c1_0.id=t1_0.category_id where t1_0.user_id=? and 1=1 and 1=1 and 1=1 and 1=1 and 1=1 and 1=1 and t1_0.is_deleted=? order by t1_0.transaction_date desc offset ? rows fetch first ? rows only
2026-09-28 02:01:32 DEBUG o.h.SQL --- select count(t1_0.id) from transaction t1_0 where t1_0.user_id=? and 1=1 and 1=1 and 1=1 and 1=1 and 1=1 and 1=1 and t1_0.is_deleted=?
2026-09-28 02:01:32 INFO  c.t.f.t.TransactionService --- Fetched transactions for userId: 1
2026-09-28 02:01:32 WARN  o.s.d.w.c.SpringDataJackson3Configuration$PageModule$WarningLoggingModifier --- Serializing PageImpl instances as-is is not supported, meaning that there is no guarantee about the stability of the resulting JSON structure!
	For a stable JSON structure, please use Spring Data's PagedModel (globally via @EnableSpringDataWebSupport(pageSerializationMode = VIA_DTO))
	or Spring HATEOAS and Spring Data's PagedResourcesAssembler as documented in https://docs.spring.io/spring-data/commons/reference/repositories/core-extensions.html#core.web.pageables.

2026-09-28 02:04:55 INFO  o.s.b.t.GracefulShutdown --- Commencing graceful shutdown. Waiting for active requests to complete
2026-09-28 02:04:55 INFO  o.s.b.t.GracefulShutdown --- Graceful shutdown complete
2026-09-28 02:04:55 INFO  o.s.o.j.LocalContainerEntityManagerFactoryBean --- Closing JPA EntityManagerFactory for persistence unit 'default'
2026-09-28 02:04:55 INFO  c.z.h.HikariDataSource --- HikariPool-1 - Shutdown initiated...
2026-09-28 02:04:55 INFO  c.z.h.HikariDataSource --- HikariPool-1 - Shutdown completed.
