2026-09-19 20:30:25 INFO  o.h.v.i.u.Version --- HV000001: Hibernate Validator 9.1.3.Final
2026-09-19 20:30:25 INFO  c.t.f.FinsightApplication --- Starting FinsightApplication using Java 21.0.12.1 with PID 31652 (/home/abdul-rahman/Project/finsight/target/classes started by abdul-rahman in /home/abdul-rahman/Project/finsight)
2026-09-19 20:30:25 DEBUG c.t.f.FinsightApplication --- Running with Spring Boot v4.1.1, Spring v7.0.9
2026-09-19 20:30:25 INFO  c.t.f.FinsightApplication --- No active profile set, falling back to 1 default profile: "default"
2026-09-19 20:30:25 INFO  o.s.b.d.e.DevToolsPropertyDefaultsPostProcessor --- Devtools property defaults active! Set 'spring.devtools.add-properties' to 'false' to disable
2026-09-19 20:30:25 INFO  o.s.b.d.e.DevToolsPropertyDefaultsPostProcessor --- For additional web related logging consider setting the 'logging.level.web' property to 'DEBUG'
2026-09-19 20:30:26 INFO  o.s.d.r.c.RepositoryConfigurationDelegate --- Bootstrapping Spring Data JPA repositories in DEFAULT mode.
2026-09-19 20:30:26 INFO  o.s.d.r.c.RepositoryConfigurationDelegate --- Finished Spring Data repository scanning in 40 ms. Found 5 JPA repository interfaces.
2026-09-19 20:30:26 INFO  o.s.b.t.TomcatWebServer --- Tomcat initialized with port 8080 (http)
2026-09-19 20:30:26 INFO  o.a.c.h.Http11NioProtocol --- Initializing ProtocolHandler ["http-nio-8080"]
2026-09-19 20:30:26 INFO  o.a.c.c.StandardService --- Starting service [Tomcat]
2026-09-19 20:30:26 INFO  o.a.c.c.StandardEngine --- Starting Servlet engine: [Apache Tomcat/11.0.24]
2026-09-19 20:30:26 INFO  o.s.b.w.c.s.WebApplicationContextInitializer --- Root WebApplicationContext: initialization completed in 1117 ms
2026-09-19 20:30:27 INFO  o.h.o.jpa --- HHH008540: Processing PersistenceUnitInfo [name: default]
2026-09-19 20:30:27 INFO  o.h.o.core --- HHH000001: Hibernate ORM core version 7.4.5.Final
2026-09-19 20:30:27 INFO  o.s.o.j.p.SpringPersistenceUnitInfo --- No LoadTimeWeaver setup: ignoring JPA class transformer
2026-09-19 20:30:27 INFO  c.z.h.HikariDataSource --- HikariPool-1 - Starting...
2026-09-19 20:30:27 INFO  c.z.h.p.HikariPool --- HikariPool-1 - Added connection org.postgresql.jdbc.PgConnection@120a463
2026-09-19 20:30:27 INFO  c.z.h.HikariDataSource --- HikariPool-1 - Start completed.
2026-09-19 20:30:27 INFO  o.h.o.c.pooling --- HHH10001005: Database info:
	Database JDBC URL [jdbc:postgresql://localhost:5432/finsight]
	Database driver: PostgreSQL JDBC Driver
	Database dialect: PostgreSQLDialect
	Database version: 18.6
	Default catalog/schema: finsight/public
	Autocommit mode: undefined/unknown
	Isolation level: READ_COMMITTED [default READ_COMMITTED]
	JDBC fetch size: none
	Pool: DataSourceConnectionProvider
	Minimum pool size: undefined/unknown
	Maximum pool size: undefined/unknown
2026-09-19 20:30:29 INFO  o.h.o.core --- HHH000489: No JTA platform available (set 'hibernate.transaction.jta.platform' to enable JTA platform integration)
2026-09-19 20:30:29 INFO  o.s.o.j.LocalContainerEntityManagerFactoryBean --- Initialized JPA EntityManagerFactory for persistence unit 'default'
2026-09-19 20:30:29 INFO  o.s.d.j.r.q.QueryEnhancerFactories --- Hibernate is in classpath; If applicable, HQL parser will be used.
2026-09-19 20:30:29 WARN  o.s.b.j.a.JpaBaseConfiguration$JpaWebConfiguration --- spring.jpa.open-in-view is enabled by default. Therefore, database queries may be performed during view rendering. Explicitly configure spring.jpa.open-in-view to disable this warning
2026-09-19 20:30:29 DEBUG c.t.f.s.f.JwtAuthFilter --- Filter 'jwtAuthFilter' configured for use
2026-09-19 20:30:29 INFO  o.s.s.c.a.a.c.InitializeUserDetailsBeanManagerConfigurer$InitializeUserDetailsManagerConfigurer --- Global AuthenticationManager configured with UserDetailsService bean with name userService
2026-09-19 20:30:30 INFO  o.a.c.h.Http11NioProtocol --- Starting ProtocolHandler ["http-nio-8080"]
2026-09-19 20:30:30 INFO  o.s.b.t.TomcatWebServer --- Tomcat started on port 8080 (http) with context path '/'
2026-09-19 20:30:30 INFO  c.t.f.FinsightApplication --- Started FinsightApplication in 5.233 seconds (process running for 5.82)
2026-09-19 20:31:24 INFO  o.a.c.c.C.[.[.[/] --- Initializing Spring DispatcherServlet 'dispatcherServlet'
2026-09-19 20:31:24 INFO  o.s.w.s.DispatcherServlet --- Initializing Servlet 'dispatcherServlet'
2026-09-19 20:31:24 INFO  o.s.w.s.DispatcherServlet --- Completed initialization in 1 ms
2026-09-19 20:32:19 INFO  c.t.f.c.CategoryService --- Creating new category with name: Salary
2026-09-19 20:32:19 INFO  c.t.f.c.CategoryService --- New Category created. CategoryId: 3
2026-09-19 20:33:46 INFO  c.t.f.t.TransactionService --- Trying to create a new transaction with categoryId 3
2026-09-19 20:33:46 WARN  o.s.w.s.m.m.a.ExceptionHandlerExceptionResolver --- Resolved [java.lang.NullPointerException: Cannot invoke "java.math.BigDecimal.add(java.math.BigDecimal)" because the return value of "com.technerd.finsight.security.entity.User.getTotalBalance()" is null]
2026-09-19 20:36:59 INFO  o.s.b.t.GracefulShutdown --- Commencing graceful shutdown. Waiting for active requests to complete
2026-09-19 20:36:59 INFO  o.s.b.t.GracefulShutdown --- Graceful shutdown complete
2026-09-19 20:36:59 INFO  o.s.o.j.LocalContainerEntityManagerFactoryBean --- Closing JPA EntityManagerFactory for persistence unit 'default'
2026-09-19 20:36:59 INFO  c.z.h.HikariDataSource --- HikariPool-1 - Shutdown initiated...
2026-09-19 20:36:59 INFO  c.z.h.HikariDataSource --- HikariPool-1 - Shutdown completed.
2026-09-19 20:37:02 INFO  o.h.v.i.u.Version --- HV000001: Hibernate Validator 9.1.3.Final
2026-09-19 20:37:02 INFO  c.t.f.FinsightApplication --- Starting FinsightApplication using Java 21.0.12.1 with PID 32623 (/home/abdul-rahman/Project/finsight/target/classes started by abdul-rahman in /home/abdul-rahman/Project/finsight)
2026-09-19 20:37:02 DEBUG c.t.f.FinsightApplication --- Running with Spring Boot v4.1.1, Spring v7.0.9
2026-09-19 20:37:02 INFO  c.t.f.FinsightApplication --- No active profile set, falling back to 1 default profile: "default"
2026-09-19 20:37:02 INFO  o.s.b.d.e.DevToolsPropertyDefaultsPostProcessor --- Devtools property defaults active! Set 'spring.devtools.add-properties' to 'false' to disable
2026-09-19 20:37:02 INFO  o.s.b.d.e.DevToolsPropertyDefaultsPostProcessor --- For additional web related logging consider setting the 'logging.level.web' property to 'DEBUG'
2026-09-19 20:37:03 INFO  o.s.d.r.c.RepositoryConfigurationDelegate --- Bootstrapping Spring Data JPA repositories in DEFAULT mode.
2026-09-19 20:37:03 INFO  o.s.d.r.c.RepositoryConfigurationDelegate --- Finished Spring Data repository scanning in 36 ms. Found 5 JPA repository interfaces.
2026-09-19 20:37:03 INFO  o.s.b.t.TomcatWebServer --- Tomcat initialized with port 8080 (http)
2026-09-19 20:37:03 INFO  o.a.c.h.Http11NioProtocol --- Initializing ProtocolHandler ["http-nio-8080"]
2026-09-19 20:37:03 INFO  o.a.c.c.StandardService --- Starting service [Tomcat]
2026-09-19 20:37:03 INFO  o.a.c.c.StandardEngine --- Starting Servlet engine: [Apache Tomcat/11.0.24]
2026-09-19 20:37:03 INFO  o.s.b.w.c.s.WebApplicationContextInitializer --- Root WebApplicationContext: initialization completed in 984 ms
2026-09-19 20:37:03 INFO  o.h.o.jpa --- HHH008540: Processing PersistenceUnitInfo [name: default]
2026-09-19 20:37:03 INFO  o.h.o.core --- HHH000001: Hibernate ORM core version 7.4.5.Final
2026-09-19 20:37:04 INFO  o.s.o.j.p.SpringPersistenceUnitInfo --- No LoadTimeWeaver setup: ignoring JPA class transformer
2026-09-19 20:37:04 INFO  c.z.h.HikariDataSource --- HikariPool-1 - Starting...
2026-09-19 20:37:04 INFO  c.z.h.p.HikariPool --- HikariPool-1 - Added connection org.postgresql.jdbc.PgConnection@7d3690
2026-09-19 20:37:04 INFO  c.z.h.HikariDataSource --- HikariPool-1 - Start completed.
2026-09-19 20:37:04 INFO  o.h.o.c.pooling --- HHH10001005: Database info:
	Database JDBC URL [jdbc:postgresql://localhost:5432/finsight]
	Database driver: PostgreSQL JDBC Driver
	Database dialect: PostgreSQLDialect
	Database version: 18.6
	Default catalog/schema: finsight/public
	Autocommit mode: undefined/unknown
	Isolation level: READ_COMMITTED [default READ_COMMITTED]
	JDBC fetch size: none
	Pool: DataSourceConnectionProvider
	Minimum pool size: undefined/unknown
	Maximum pool size: undefined/unknown
2026-09-19 20:37:05 INFO  o.h.o.core --- HHH000489: No JTA platform available (set 'hibernate.transaction.jta.platform' to enable JTA platform integration)
2026-09-19 20:37:05 INFO  o.s.o.j.LocalContainerEntityManagerFactoryBean --- Initialized JPA EntityManagerFactory for persistence unit 'default'
2026-09-19 20:37:05 INFO  o.s.d.j.r.q.QueryEnhancerFactories --- Hibernate is in classpath; If applicable, HQL parser will be used.
2026-09-19 20:37:05 WARN  o.s.b.j.a.JpaBaseConfiguration$JpaWebConfiguration --- spring.jpa.open-in-view is enabled by default. Therefore, database queries may be performed during view rendering. Explicitly configure spring.jpa.open-in-view to disable this warning
2026-09-19 20:37:05 DEBUG c.t.f.s.f.JwtAuthFilter --- Filter 'jwtAuthFilter' configured for use
2026-09-19 20:37:05 INFO  o.s.s.c.a.a.c.InitializeUserDetailsBeanManagerConfigurer$InitializeUserDetailsManagerConfigurer --- Global AuthenticationManager configured with UserDetailsService bean with name userService
2026-09-19 20:37:06 INFO  o.a.c.h.Http11NioProtocol --- Starting ProtocolHandler ["http-nio-8080"]
2026-09-19 20:37:06 INFO  o.s.b.t.TomcatWebServer --- Tomcat started on port 8080 (http) with context path '/'
2026-09-19 20:37:06 INFO  c.t.f.FinsightApplication --- Started FinsightApplication in 3.956 seconds (process running for 4.362)
2026-09-19 20:37:48 INFO  o.a.c.c.C.[.[.[/] --- Initializing Spring DispatcherServlet 'dispatcherServlet'
2026-09-19 20:37:48 INFO  o.s.w.s.DispatcherServlet --- Initializing Servlet 'dispatcherServlet'
2026-09-19 20:37:48 INFO  o.s.w.s.DispatcherServlet --- Completed initialization in 8 ms
2026-09-19 20:38:56 INFO  c.t.f.c.CategoryService --- Creating new category with name: Salary
2026-09-19 20:38:56 WARN  o.h.o.j.error --- HHH000247: ErrorCode: 0, SQLState: 23502
2026-09-19 20:38:56 WARN  o.h.o.j.error --- ERROR: null value in column "money_type" of relation "category" violates not-null constraint
  Detail: Failing row contains (null, null, 1, 1, Monthly Salary., null, Salary).
2026-09-19 20:38:56 WARN  o.s.w.s.m.m.a.ExceptionHandlerExceptionResolver --- Resolved [org.springframework.dao.DataIntegrityViolationException: could not execute statement [ERROR: null value in column "money_type" of relation "category" violates not-null constraint<EOL>  Detail: Failing row contains (null, null, 1, 1, Monthly Salary., null, Salary).] [insert into category (description,icon,is_default,money_type,name,user_id) values (?,?,?,?,?,?)]; SQL [insert into category (description,icon,is_default,money_type,name,user_id) values (?,?,?,?,?,?)]; constraint [money_type]]
2026-09-19 20:39:26 INFO  c.t.f.c.CategoryService --- Creating new category with name: Salary
2026-09-19 20:39:26 WARN  o.h.o.j.error --- HHH000247: ErrorCode: 0, SQLState: 23502
2026-09-19 20:39:26 WARN  o.h.o.j.error --- ERROR: null value in column "money_type" of relation "category" violates not-null constraint
  Detail: Failing row contains (null, null, 2, 1, Monthly Salary., null, Salary).
2026-09-19 20:39:26 WARN  o.s.w.s.m.m.a.ExceptionHandlerExceptionResolver --- Resolved [org.springframework.dao.DataIntegrityViolationException: could not execute statement [ERROR: null value in column "money_type" of relation "category" violates not-null constraint<EOL>  Detail: Failing row contains (null, null, 2, 1, Monthly Salary., null, Salary).] [insert into category (description,icon,is_default,money_type,name,user_id) values (?,?,?,?,?,?)]; SQL [insert into category (description,icon,is_default,money_type,name,user_id) values (?,?,?,?,?,?)]; constraint [money_type]]
2026-09-19 20:41:14 INFO  o.s.b.t.GracefulShutdown --- Commencing graceful shutdown. Waiting for active requests to complete
2026-09-19 20:41:14 INFO  o.s.b.t.GracefulShutdown --- Graceful shutdown complete
2026-09-19 20:41:14 INFO  o.s.o.j.LocalContainerEntityManagerFactoryBean --- Closing JPA EntityManagerFactory for persistence unit 'default'
2026-09-19 20:41:14 INFO  c.z.h.HikariDataSource --- HikariPool-1 - Shutdown initiated...
2026-09-19 20:41:14 INFO  c.z.h.HikariDataSource --- HikariPool-1 - Shutdown completed.
2026-09-19 20:41:56 INFO  o.h.v.i.u.Version --- HV000001: Hibernate Validator 9.1.3.Final
2026-09-19 20:41:56 INFO  c.t.f.FinsightApplication --- Starting FinsightApplication using Java 21.0.12.1 with PID 33564 (/home/abdul-rahman/Project/finsight/target/classes started by abdul-rahman in /home/abdul-rahman/Project/finsight)
2026-09-19 20:41:56 DEBUG c.t.f.FinsightApplication --- Running with Spring Boot v4.1.1, Spring v7.0.9
2026-09-19 20:41:56 INFO  c.t.f.FinsightApplication --- No active profile set, falling back to 1 default profile: "default"
2026-09-19 20:41:56 INFO  o.s.b.d.e.DevToolsPropertyDefaultsPostProcessor --- Devtools property defaults active! Set 'spring.devtools.add-properties' to 'false' to disable
2026-09-19 20:41:56 INFO  o.s.b.d.e.DevToolsPropertyDefaultsPostProcessor --- For additional web related logging consider setting the 'logging.level.web' property to 'DEBUG'
2026-09-19 20:41:57 INFO  o.s.d.r.c.RepositoryConfigurationDelegate --- Bootstrapping Spring Data JPA repositories in DEFAULT mode.
2026-09-19 20:41:57 INFO  o.s.d.r.c.RepositoryConfigurationDelegate --- Finished Spring Data repository scanning in 46 ms. Found 5 JPA repository interfaces.
2026-09-19 20:41:58 INFO  o.s.b.t.TomcatWebServer --- Tomcat initialized with port 8080 (http)
2026-09-19 20:41:58 INFO  o.a.c.h.Http11NioProtocol --- Initializing ProtocolHandler ["http-nio-8080"]
2026-09-19 20:41:58 INFO  o.a.c.c.StandardService --- Starting service [Tomcat]
2026-09-19 20:41:58 INFO  o.a.c.c.StandardEngine --- Starting Servlet engine: [Apache Tomcat/11.0.24]
2026-09-19 20:41:58 INFO  o.s.b.w.c.s.WebApplicationContextInitializer --- Root WebApplicationContext: initialization completed in 1350 ms
2026-09-19 20:41:58 INFO  o.h.o.jpa --- HHH008540: Processing PersistenceUnitInfo [name: default]
2026-09-19 20:41:58 INFO  o.h.o.core --- HHH000001: Hibernate ORM core version 7.4.5.Final
2026-09-19 20:41:58 INFO  o.s.o.j.p.SpringPersistenceUnitInfo --- No LoadTimeWeaver setup: ignoring JPA class transformer
2026-09-19 20:41:58 INFO  c.z.h.HikariDataSource --- HikariPool-1 - Starting...
2026-09-19 20:41:58 INFO  c.z.h.p.HikariPool --- HikariPool-1 - Added connection org.postgresql.jdbc.PgConnection@72433b18
2026-09-19 20:41:58 INFO  c.z.h.HikariDataSource --- HikariPool-1 - Start completed.
2026-09-19 20:41:59 INFO  o.h.o.c.pooling --- HHH10001005: Database info:
	Database JDBC URL [jdbc:postgresql://localhost:5432/finsight]
	Database driver: PostgreSQL JDBC Driver
	Database dialect: PostgreSQLDialect
	Database version: 18.6
	Default catalog/schema: finsight/public
	Autocommit mode: undefined/unknown
	Isolation level: READ_COMMITTED [default READ_COMMITTED]
	JDBC fetch size: none
	Pool: DataSourceConnectionProvider
	Minimum pool size: undefined/unknown
	Maximum pool size: undefined/unknown
2026-09-19 20:41:59 INFO  o.h.o.core --- HHH000489: No JTA platform available (set 'hibernate.transaction.jta.platform' to enable JTA platform integration)
2026-09-19 20:41:59 WARN  o.h.o.j.warn --- HHH000247: ErrorCode: 0, SQLState: 00000
2026-09-19 20:41:59 WARN  o.h.o.j.warn --- constraint "ukld1x5igidl5mh713mj8bdwce1" of relation "budget" does not exist, skipping
2026-09-19 20:41:59 WARN  o.h.o.j.warn --- HHH000247: ErrorCode: 0, SQLState: 00000
2026-09-19 20:41:59 WARN  o.h.o.j.warn --- constraint "uk6dotkott2kjsp8vw4d0m25fb7" of relation "users" does not exist, skipping
2026-09-19 20:41:59 INFO  o.s.o.j.LocalContainerEntityManagerFactoryBean --- Initialized JPA EntityManagerFactory for persistence unit 'default'
2026-09-19 20:41:59 INFO  o.s.d.j.r.q.QueryEnhancerFactories --- Hibernate is in classpath; If applicable, HQL parser will be used.
2026-09-19 20:42:00 WARN  o.s.b.j.a.JpaBaseConfiguration$JpaWebConfiguration --- spring.jpa.open-in-view is enabled by default. Therefore, database queries may be performed during view rendering. Explicitly configure spring.jpa.open-in-view to disable this warning
2026-09-19 20:42:00 DEBUG c.t.f.s.f.JwtAuthFilter --- Filter 'jwtAuthFilter' configured for use
2026-09-19 20:42:00 INFO  o.s.s.c.a.a.c.InitializeUserDetailsBeanManagerConfigurer$InitializeUserDetailsManagerConfigurer --- Global AuthenticationManager configured with UserDetailsService bean with name userService
2026-09-19 20:42:00 INFO  o.a.c.h.Http11NioProtocol --- Starting ProtocolHandler ["http-nio-8080"]
2026-09-19 20:42:00 INFO  o.s.b.t.TomcatWebServer --- Tomcat started on port 8080 (http) with context path '/'
2026-09-19 20:42:00 INFO  c.t.f.FinsightApplication --- Started FinsightApplication in 4.767 seconds (process running for 5.211)
2026-09-19 20:42:12 INFO  o.a.c.c.C.[.[.[/] --- Initializing Spring DispatcherServlet 'dispatcherServlet'
2026-09-19 20:42:12 INFO  o.s.w.s.DispatcherServlet --- Initializing Servlet 'dispatcherServlet'
2026-09-19 20:42:12 INFO  o.s.w.s.DispatcherServlet --- Completed initialization in 1 ms
2026-09-19 20:42:12 WARN  o.s.w.s.m.m.a.ExceptionHandlerExceptionResolver --- Resolved [org.springframework.security.authentication.BadCredentialsException: Bad credentials]
2026-09-19 20:42:46 INFO  c.t.f.c.CategoryService --- Creating new category with name: Salary
2026-09-19 20:42:46 INFO  c.t.f.c.CategoryService --- New Category created. CategoryId: 1
2026-09-19 20:43:03 WARN  o.s.w.s.m.m.a.ExceptionHandlerExceptionResolver --- Resolved [io.jsonwebtoken.ExpiredJwtException: JWT expired 98256 milliseconds ago at 2026-09-19T15:11:25.000Z. Current time: 2026-09-19T15:13:03.256Z. Allowed clock skew: 0 milliseconds.]
2026-09-19 20:43:12 INFO  c.t.f.t.TransactionService --- Trying to create a new transaction with categoryId 1
2026-09-19 20:43:12 INFO  c.t.f.t.TransactionService --- New transaction created. TransactionId: null
2026-09-19 21:00:31 INFO  o.s.b.t.GracefulShutdown --- Commencing graceful shutdown. Waiting for active requests to complete
2026-09-19 21:00:31 INFO  o.s.b.t.GracefulShutdown --- Graceful shutdown complete
2026-09-19 21:00:31 INFO  o.s.o.j.LocalContainerEntityManagerFactoryBean --- Closing JPA EntityManagerFactory for persistence unit 'default'
2026-09-19 21:00:31 INFO  c.z.h.HikariDataSource --- HikariPool-1 - Shutdown initiated...
2026-09-19 21:00:31 INFO  c.z.h.HikariDataSource --- HikariPool-1 - Shutdown completed.
2026-09-19 21:00:35 INFO  o.h.v.i.u.Version --- HV000001: Hibernate Validator 9.1.3.Final
2026-09-19 21:00:35 INFO  c.t.f.FinsightApplication --- Starting FinsightApplication using Java 21.0.12.1 with PID 37041 (/home/abdul-rahman/Project/finsight/target/classes started by abdul-rahman in /home/abdul-rahman/Project/finsight)
2026-09-19 21:00:35 DEBUG c.t.f.FinsightApplication --- Running with Spring Boot v4.1.1, Spring v7.0.9
2026-09-19 21:00:35 INFO  c.t.f.FinsightApplication --- No active profile set, falling back to 1 default profile: "default"
2026-09-19 21:00:35 INFO  o.s.b.d.e.DevToolsPropertyDefaultsPostProcessor --- Devtools property defaults active! Set 'spring.devtools.add-properties' to 'false' to disable
2026-09-19 21:00:35 INFO  o.s.b.d.e.DevToolsPropertyDefaultsPostProcessor --- For additional web related logging consider setting the 'logging.level.web' property to 'DEBUG'
2026-09-19 21:00:36 INFO  o.s.d.r.c.RepositoryConfigurationDelegate --- Bootstrapping Spring Data JPA repositories in DEFAULT mode.
2026-09-19 21:00:36 INFO  o.s.d.r.c.RepositoryConfigurationDelegate --- Finished Spring Data repository scanning in 41 ms. Found 5 JPA repository interfaces.
2026-09-19 21:00:36 INFO  o.s.b.t.TomcatWebServer --- Tomcat initialized with port 8080 (http)
2026-09-19 21:00:36 INFO  o.a.c.h.Http11NioProtocol --- Initializing ProtocolHandler ["http-nio-8080"]
2026-09-19 21:00:36 INFO  o.a.c.c.StandardService --- Starting service [Tomcat]
2026-09-19 21:00:36 INFO  o.a.c.c.StandardEngine --- Starting Servlet engine: [Apache Tomcat/11.0.24]
2026-09-19 21:00:36 INFO  o.s.b.w.c.s.WebApplicationContextInitializer --- Root WebApplicationContext: initialization completed in 1069 ms
2026-09-19 21:00:36 INFO  o.h.o.jpa --- HHH008540: Processing PersistenceUnitInfo [name: default]
2026-09-19 21:00:36 INFO  o.h.o.core --- HHH000001: Hibernate ORM core version 7.4.5.Final
2026-09-19 21:00:37 INFO  o.s.o.j.p.SpringPersistenceUnitInfo --- No LoadTimeWeaver setup: ignoring JPA class transformer
2026-09-19 21:00:37 INFO  c.z.h.HikariDataSource --- HikariPool-1 - Starting...
2026-09-19 21:00:37 INFO  c.z.h.p.HikariPool --- HikariPool-1 - Added connection org.postgresql.jdbc.PgConnection@77bcb9fc
2026-09-19 21:00:37 INFO  c.z.h.HikariDataSource --- HikariPool-1 - Start completed.
2026-09-19 21:00:37 INFO  o.h.o.c.pooling --- HHH10001005: Database info:
	Database JDBC URL [jdbc:postgresql://localhost:5432/finsight]
	Database driver: PostgreSQL JDBC Driver
	Database dialect: PostgreSQLDialect
	Database version: 18.6
	Default catalog/schema: finsight/public
	Autocommit mode: undefined/unknown
	Isolation level: READ_COMMITTED [default READ_COMMITTED]
	JDBC fetch size: none
	Pool: DataSourceConnectionProvider
	Minimum pool size: undefined/unknown
	Maximum pool size: undefined/unknown
2026-09-19 21:00:38 INFO  o.h.o.core --- HHH000489: No JTA platform available (set 'hibernate.transaction.jta.platform' to enable JTA platform integration)
2026-09-19 21:00:38 INFO  o.s.o.j.LocalContainerEntityManagerFactoryBean --- Initialized JPA EntityManagerFactory for persistence unit 'default'
2026-09-19 21:00:38 INFO  o.s.d.j.r.q.QueryEnhancerFactories --- Hibernate is in classpath; If applicable, HQL parser will be used.
2026-09-19 21:00:38 WARN  o.s.b.j.a.JpaBaseConfiguration$JpaWebConfiguration --- spring.jpa.open-in-view is enabled by default. Therefore, database queries may be performed during view rendering. Explicitly configure spring.jpa.open-in-view to disable this warning
2026-09-19 21:00:38 DEBUG c.t.f.s.f.JwtAuthFilter --- Filter 'jwtAuthFilter' configured for use
2026-09-19 21:00:38 INFO  o.s.s.c.a.a.c.InitializeUserDetailsBeanManagerConfigurer$InitializeUserDetailsManagerConfigurer --- Global AuthenticationManager configured with UserDetailsService bean with name userService
2026-09-19 21:00:39 INFO  o.a.c.h.Http11NioProtocol --- Starting ProtocolHandler ["http-nio-8080"]
2026-09-19 21:00:39 INFO  o.s.b.t.TomcatWebServer --- Tomcat started on port 8080 (http) with context path '/'
2026-09-19 21:00:39 INFO  c.t.f.FinsightApplication --- Started FinsightApplication in 4.205 seconds (process running for 4.615)
2026-09-19 21:28:00 INFO  o.s.b.t.GracefulShutdown --- Commencing graceful shutdown. Waiting for active requests to complete
2026-09-19 21:28:00 INFO  o.s.b.t.GracefulShutdown --- Graceful shutdown complete
2026-09-19 21:28:00 INFO  o.s.o.j.LocalContainerEntityManagerFactoryBean --- Closing JPA EntityManagerFactory for persistence unit 'default'
2026-09-19 21:28:00 INFO  c.z.h.HikariDataSource --- HikariPool-1 - Shutdown initiated...
2026-09-19 21:28:00 INFO  c.z.h.HikariDataSource --- HikariPool-1 - Shutdown completed.
2026-09-19 21:28:03 INFO  o.h.v.i.u.Version --- HV000001: Hibernate Validator 9.1.3.Final
2026-09-19 21:28:03 INFO  c.t.f.FinsightApplication --- Starting FinsightApplication using Java 21.0.12.1 with PID 40849 (/home/abdul-rahman/Project/finsight/target/classes started by abdul-rahman in /home/abdul-rahman/Project/finsight)
2026-09-19 21:28:03 DEBUG c.t.f.FinsightApplication --- Running with Spring Boot v4.1.1, Spring v7.0.9
2026-09-19 21:28:03 INFO  c.t.f.FinsightApplication --- No active profile set, falling back to 1 default profile: "default"
2026-09-19 21:28:03 INFO  o.s.b.d.e.DevToolsPropertyDefaultsPostProcessor --- Devtools property defaults active! Set 'spring.devtools.add-properties' to 'false' to disable
2026-09-19 21:28:03 INFO  o.s.b.d.e.DevToolsPropertyDefaultsPostProcessor --- For additional web related logging consider setting the 'logging.level.web' property to 'DEBUG'
2026-09-19 21:28:04 INFO  o.s.d.r.c.RepositoryConfigurationDelegate --- Bootstrapping Spring Data JPA repositories in DEFAULT mode.
2026-09-19 21:28:04 INFO  o.s.d.r.c.RepositoryConfigurationDelegate --- Finished Spring Data repository scanning in 34 ms. Found 5 JPA repository interfaces.
2026-09-19 21:28:04 INFO  o.s.b.t.TomcatWebServer --- Tomcat initialized with port 8080 (http)
2026-09-19 21:28:04 INFO  o.a.c.h.Http11NioProtocol --- Initializing ProtocolHandler ["http-nio-8080"]
2026-09-19 21:28:04 INFO  o.a.c.c.StandardService --- Starting service [Tomcat]
2026-09-19 21:28:04 INFO  o.a.c.c.StandardEngine --- Starting Servlet engine: [Apache Tomcat/11.0.24]
2026-09-19 21:28:04 INFO  o.s.b.w.c.s.WebApplicationContextInitializer --- Root WebApplicationContext: initialization completed in 1020 ms
2026-09-19 21:28:05 INFO  o.h.o.jpa --- HHH008540: Processing PersistenceUnitInfo [name: default]
2026-09-19 21:28:05 INFO  o.h.o.core --- HHH000001: Hibernate ORM core version 7.4.5.Final
2026-09-19 21:28:05 INFO  o.s.o.j.p.SpringPersistenceUnitInfo --- No LoadTimeWeaver setup: ignoring JPA class transformer
2026-09-19 21:28:05 INFO  c.z.h.HikariDataSource --- HikariPool-1 - Starting...
2026-09-19 21:28:05 INFO  c.z.h.p.HikariPool --- HikariPool-1 - Added connection org.postgresql.jdbc.PgConnection@27545972
2026-09-19 21:28:05 INFO  c.z.h.HikariDataSource --- HikariPool-1 - Start completed.
2026-09-19 21:28:05 INFO  o.h.o.c.pooling --- HHH10001005: Database info:
	Database JDBC URL [jdbc:postgresql://localhost:5432/finsight]
	Database driver: PostgreSQL JDBC Driver
	Database dialect: PostgreSQLDialect
	Database version: 18.6
	Default catalog/schema: finsight/public
	Autocommit mode: undefined/unknown
	Isolation level: READ_COMMITTED [default READ_COMMITTED]
	JDBC fetch size: none
	Pool: DataSourceConnectionProvider
	Minimum pool size: undefined/unknown
	Maximum pool size: undefined/unknown
2026-09-19 21:28:06 INFO  o.h.o.core --- HHH000489: No JTA platform available (set 'hibernate.transaction.jta.platform' to enable JTA platform integration)
2026-09-19 21:28:06 INFO  o.s.o.j.LocalContainerEntityManagerFactoryBean --- Initialized JPA EntityManagerFactory for persistence unit 'default'
2026-09-19 21:28:06 INFO  o.s.d.j.r.q.QueryEnhancerFactories --- Hibernate is in classpath; If applicable, HQL parser will be used.
2026-09-19 21:28:06 WARN  o.s.b.j.a.JpaBaseConfiguration$JpaWebConfiguration --- spring.jpa.open-in-view is enabled by default. Therefore, database queries may be performed during view rendering. Explicitly configure spring.jpa.open-in-view to disable this warning
2026-09-19 21:28:07 DEBUG c.t.f.s.f.JwtAuthFilter --- Filter 'jwtAuthFilter' configured for use
2026-09-19 21:28:07 INFO  o.s.s.c.a.a.c.InitializeUserDetailsBeanManagerConfigurer$InitializeUserDetailsManagerConfigurer --- Global AuthenticationManager configured with UserDetailsService bean with name userService
2026-09-19 21:28:07 INFO  o.a.c.h.Http11NioProtocol --- Starting ProtocolHandler ["http-nio-8080"]
2026-09-19 21:28:07 INFO  o.s.b.t.TomcatWebServer --- Tomcat started on port 8080 (http) with context path '/'
2026-09-19 21:28:07 INFO  c.t.f.FinsightApplication --- Started FinsightApplication in 4.574 seconds (process running for 4.967)
2026-09-19 21:29:11 INFO  o.a.c.c.C.[.[.[/] --- Initializing Spring DispatcherServlet 'dispatcherServlet'
2026-09-19 21:29:11 INFO  o.s.w.s.DispatcherServlet --- Initializing Servlet 'dispatcherServlet'
2026-09-19 21:29:11 INFO  o.s.w.s.DispatcherServlet --- Completed initialization in 1 ms
2026-09-19 21:29:12 WARN  o.s.w.s.m.m.a.ExceptionHandlerExceptionResolver --- Resolved [org.springframework.security.authentication.BadCredentialsException: Bad credentials]
2026-09-19 21:29:18 WARN  o.s.w.s.m.m.a.ExceptionHandlerExceptionResolver --- Resolved [org.springframework.security.core.userdetails.UsernameNotFoundException: Username with this email already exist.]
2026-09-19 21:29:50 INFO  c.t.f.c.CategoryService --- Creating new category with name: Food Expense
2026-09-19 21:29:50 INFO  c.t.f.c.CategoryService --- New Category created. CategoryId: 2
2026-09-19 21:44:50 WARN  c.z.h.p.PoolBase --- HikariPool-1 - Failed to validate connection org.postgresql.jdbc.PgConnection@40d0d6b1 (This connection has been closed.). Possibly consider using a shorter maxLifetime value.
2026-09-19 21:44:51 INFO  o.s.b.t.GracefulShutdown --- Commencing graceful shutdown. Waiting for active requests to complete
2026-09-19 21:44:51 INFO  o.s.b.t.GracefulShutdown --- Graceful shutdown complete
2026-09-19 21:44:51 INFO  o.s.o.j.LocalContainerEntityManagerFactoryBean --- Closing JPA EntityManagerFactory for persistence unit 'default'
2026-09-19 21:44:51 INFO  c.z.h.HikariDataSource --- HikariPool-1 - Shutdown initiated...
2026-09-19 21:44:52 INFO  c.z.h.HikariDataSource --- HikariPool-1 - Shutdown completed.
2026-09-19 22:42:39 INFO  o.h.v.i.u.Version --- HV000001: Hibernate Validator 9.1.3.Final
2026-09-19 22:42:40 INFO  c.t.f.FinsightApplication --- Starting FinsightApplication using Java 21.0.12.1 with PID 19608 (/home/abdul-rahman/Project/finsight/target/classes started by abdul-rahman in /home/abdul-rahman/Project/finsight)
2026-09-19 22:42:40 DEBUG c.t.f.FinsightApplication --- Running with Spring Boot v4.1.1, Spring v7.0.9
2026-09-19 22:42:40 INFO  c.t.f.FinsightApplication --- No active profile set, falling back to 1 default profile: "default"
2026-09-19 22:42:40 INFO  o.s.b.d.e.DevToolsPropertyDefaultsPostProcessor --- Devtools property defaults active! Set 'spring.devtools.add-properties' to 'false' to disable
2026-09-19 22:42:40 INFO  o.s.b.d.e.DevToolsPropertyDefaultsPostProcessor --- For additional web related logging consider setting the 'logging.level.web' property to 'DEBUG'
2026-09-19 22:42:40 INFO  o.s.d.r.c.RepositoryConfigurationDelegate --- Bootstrapping Spring Data JPA repositories in DEFAULT mode.
2026-09-19 22:42:40 INFO  o.s.d.r.c.RepositoryConfigurationDelegate --- Finished Spring Data repository scanning in 52 ms. Found 5 JPA repository interfaces.
2026-09-19 22:42:41 INFO  o.s.b.t.TomcatWebServer --- Tomcat initialized with port 8080 (http)
2026-09-19 22:42:41 INFO  o.a.c.h.Http11NioProtocol --- Initializing ProtocolHandler ["http-nio-8080"]
2026-09-19 22:42:41 INFO  o.a.c.c.StandardService --- Starting service [Tomcat]
2026-09-19 22:42:41 INFO  o.a.c.c.StandardEngine --- Starting Servlet engine: [Apache Tomcat/11.0.24]
2026-09-19 22:42:41 INFO  o.s.b.w.c.s.WebApplicationContextInitializer --- Root WebApplicationContext: initialization completed in 1719 ms
2026-09-19 22:42:41 INFO  o.h.o.jpa --- HHH008540: Processing PersistenceUnitInfo [name: default]
2026-09-19 22:42:42 INFO  o.h.o.core --- HHH000001: Hibernate ORM core version 7.4.5.Final
2026-09-19 22:42:42 INFO  o.s.o.j.p.SpringPersistenceUnitInfo --- No LoadTimeWeaver setup: ignoring JPA class transformer
2026-09-19 22:42:42 INFO  c.z.h.HikariDataSource --- HikariPool-1 - Starting...
2026-09-19 22:42:43 INFO  c.z.h.p.HikariPool --- HikariPool-1 - Added connection org.postgresql.jdbc.PgConnection@563ac695
2026-09-19 22:42:43 INFO  c.z.h.HikariDataSource --- HikariPool-1 - Start completed.
2026-09-19 22:42:43 INFO  o.h.o.c.pooling --- HHH10001005: Database info:
	Database JDBC URL [jdbc:postgresql://localhost:5432/finsight]
	Database driver: PostgreSQL JDBC Driver
	Database dialect: PostgreSQLDialect
	Database version: 18.6
	Default catalog/schema: finsight/public
	Autocommit mode: undefined/unknown
	Isolation level: READ_COMMITTED [default READ_COMMITTED]
	JDBC fetch size: none
	Pool: DataSourceConnectionProvider
	Minimum pool size: undefined/unknown
	Maximum pool size: undefined/unknown
2026-09-19 22:42:44 INFO  o.h.o.core --- HHH000489: No JTA platform available (set 'hibernate.transaction.jta.platform' to enable JTA platform integration)
2026-09-19 22:42:44 INFO  o.s.o.j.LocalContainerEntityManagerFactoryBean --- Initialized JPA EntityManagerFactory for persistence unit 'default'
2026-09-19 22:42:44 INFO  o.s.d.j.r.q.QueryEnhancerFactories --- Hibernate is in classpath; If applicable, HQL parser will be used.
2026-09-19 22:42:45 WARN  o.s.b.j.a.JpaBaseConfiguration$JpaWebConfiguration --- spring.jpa.open-in-view is enabled by default. Therefore, database queries may be performed during view rendering. Explicitly configure spring.jpa.open-in-view to disable this warning
2026-09-19 22:42:45 DEBUG c.t.f.s.f.JwtAuthFilter --- Filter 'jwtAuthFilter' configured for use
2026-09-19 22:42:45 INFO  o.s.s.c.a.a.c.InitializeUserDetailsBeanManagerConfigurer$InitializeUserDetailsManagerConfigurer --- Global AuthenticationManager configured with UserDetailsService bean with name userService
2026-09-19 22:42:45 INFO  o.a.c.h.Http11NioProtocol --- Starting ProtocolHandler ["http-nio-8080"]
2026-09-19 22:42:45 INFO  o.s.b.t.TomcatWebServer --- Tomcat started on port 8080 (http) with context path '/'
2026-09-19 22:42:45 INFO  c.t.f.FinsightApplication --- Started FinsightApplication in 6.442 seconds (process running for 7.11)
2026-09-19 22:43:10 INFO  o.a.c.c.C.[.[.[/] --- Initializing Spring DispatcherServlet 'dispatcherServlet'
2026-09-19 22:43:10 INFO  o.s.w.s.DispatcherServlet --- Initializing Servlet 'dispatcherServlet'
2026-09-19 22:43:10 INFO  o.s.w.s.DispatcherServlet --- Completed initialization in 1 ms
2026-09-19 22:43:11 INFO  c.t.f.s.s.AuthService --- Login Success
2026-09-19 22:46:09 INFO  c.t.f.s.s.AuthService --- Login Success
2026-09-19 22:48:12 INFO  o.s.b.t.GracefulShutdown --- Commencing graceful shutdown. Waiting for active requests to complete
2026-09-19 22:48:12 INFO  o.s.b.t.GracefulShutdown --- Graceful shutdown complete
2026-09-19 22:48:12 INFO  o.s.o.j.LocalContainerEntityManagerFactoryBean --- Closing JPA EntityManagerFactory for persistence unit 'default'
2026-09-19 22:48:12 INFO  c.z.h.HikariDataSource --- HikariPool-1 - Shutdown initiated...
2026-09-19 22:48:12 INFO  c.z.h.HikariDataSource --- HikariPool-1 - Shutdown completed.
2026-09-19 22:48:15 INFO  o.h.v.i.u.Version --- HV000001: Hibernate Validator 9.1.3.Final
2026-09-19 22:48:15 INFO  c.t.f.FinsightApplication --- Starting FinsightApplication using Java 21.0.12.1 with PID 20546 (/home/abdul-rahman/Project/finsight/target/classes started by abdul-rahman in /home/abdul-rahman/Project/finsight)
2026-09-19 22:48:15 DEBUG c.t.f.FinsightApplication --- Running with Spring Boot v4.1.1, Spring v7.0.9
2026-09-19 22:48:15 INFO  c.t.f.FinsightApplication --- No active profile set, falling back to 1 default profile: "default"
2026-09-19 22:48:15 INFO  o.s.b.d.e.DevToolsPropertyDefaultsPostProcessor --- Devtools property defaults active! Set 'spring.devtools.add-properties' to 'false' to disable
2026-09-19 22:48:15 INFO  o.s.b.d.e.DevToolsPropertyDefaultsPostProcessor --- For additional web related logging consider setting the 'logging.level.web' property to 'DEBUG'
2026-09-19 22:48:15 INFO  o.s.d.r.c.RepositoryConfigurationDelegate --- Bootstrapping Spring Data JPA repositories in DEFAULT mode.
2026-09-19 22:48:15 INFO  o.s.d.r.c.RepositoryConfigurationDelegate --- Finished Spring Data repository scanning in 40 ms. Found 5 JPA repository interfaces.
2026-09-19 22:48:16 INFO  o.s.b.t.TomcatWebServer --- Tomcat initialized with port 8080 (http)
2026-09-19 22:48:16 INFO  o.a.c.h.Http11NioProtocol --- Initializing ProtocolHandler ["http-nio-8080"]
2026-09-19 22:48:16 INFO  o.a.c.c.StandardService --- Starting service [Tomcat]
2026-09-19 22:48:16 INFO  o.a.c.c.StandardEngine --- Starting Servlet engine: [Apache Tomcat/11.0.24]
2026-09-19 22:48:16 INFO  o.s.b.w.c.s.WebApplicationContextInitializer --- Root WebApplicationContext: initialization completed in 993 ms
2026-09-19 22:48:16 INFO  o.h.o.jpa --- HHH008540: Processing PersistenceUnitInfo [name: default]
2026-09-19 22:48:16 INFO  o.h.o.core --- HHH000001: Hibernate ORM core version 7.4.5.Final
2026-09-19 22:48:16 INFO  o.s.o.j.p.SpringPersistenceUnitInfo --- No LoadTimeWeaver setup: ignoring JPA class transformer
2026-09-19 22:48:16 INFO  c.z.h.HikariDataSource --- HikariPool-1 - Starting...
2026-09-19 22:48:16 INFO  c.z.h.p.HikariPool --- HikariPool-1 - Added connection org.postgresql.jdbc.PgConnection@7bb8a52a
2026-09-19 22:48:16 INFO  c.z.h.HikariDataSource --- HikariPool-1 - Start completed.
2026-09-19 22:48:17 INFO  o.h.o.c.pooling --- HHH10001005: Database info:
	Database JDBC URL [jdbc:postgresql://localhost:5432/finsight]
	Database driver: PostgreSQL JDBC Driver
	Database dialect: PostgreSQLDialect
	Database version: 18.6
	Default catalog/schema: finsight/public
	Autocommit mode: undefined/unknown
	Isolation level: READ_COMMITTED [default READ_COMMITTED]
	JDBC fetch size: none
	Pool: DataSourceConnectionProvider
	Minimum pool size: undefined/unknown
	Maximum pool size: undefined/unknown
2026-09-19 22:48:17 INFO  o.h.o.core --- HHH000489: No JTA platform available (set 'hibernate.transaction.jta.platform' to enable JTA platform integration)
2026-09-19 22:48:17 INFO  o.s.o.j.LocalContainerEntityManagerFactoryBean --- Initialized JPA EntityManagerFactory for persistence unit 'default'
2026-09-19 22:48:17 INFO  o.s.d.j.r.q.QueryEnhancerFactories --- Hibernate is in classpath; If applicable, HQL parser will be used.
2026-09-19 22:48:18 WARN  o.s.b.j.a.JpaBaseConfiguration$JpaWebConfiguration --- spring.jpa.open-in-view is enabled by default. Therefore, database queries may be performed during view rendering. Explicitly configure spring.jpa.open-in-view to disable this warning
2026-09-19 22:48:18 DEBUG c.t.f.s.f.JwtAuthFilter --- Filter 'jwtAuthFilter' configured for use
2026-09-19 22:48:18 INFO  o.s.s.c.a.a.c.InitializeUserDetailsBeanManagerConfigurer$InitializeUserDetailsManagerConfigurer --- Global AuthenticationManager configured with UserDetailsService bean with name userService
2026-09-19 22:48:18 INFO  o.a.c.h.Http11NioProtocol --- Starting ProtocolHandler ["http-nio-8080"]
2026-09-19 22:48:18 INFO  o.s.b.t.TomcatWebServer --- Tomcat started on port 8080 (http) with context path '/'
2026-09-19 22:48:18 INFO  c.t.f.FinsightApplication --- Started FinsightApplication in 3.803 seconds (process running for 4.181)
2026-09-19 22:48:31 INFO  o.a.c.c.C.[.[.[/] --- Initializing Spring DispatcherServlet 'dispatcherServlet'
2026-09-19 22:48:31 INFO  o.s.w.s.DispatcherServlet --- Initializing Servlet 'dispatcherServlet'
2026-09-19 22:48:31 INFO  o.s.w.s.DispatcherServlet --- Completed initialization in 1 ms
2026-09-19 22:53:56 INFO  o.s.b.t.GracefulShutdown --- Commencing graceful shutdown. Waiting for active requests to complete
2026-09-19 22:53:56 INFO  o.s.b.t.GracefulShutdown --- Graceful shutdown complete
2026-09-19 22:53:56 INFO  o.s.o.j.LocalContainerEntityManagerFactoryBean --- Closing JPA EntityManagerFactory for persistence unit 'default'
2026-09-19 22:53:56 INFO  c.z.h.HikariDataSource --- HikariPool-1 - Shutdown initiated...
2026-09-19 22:53:56 INFO  c.z.h.HikariDataSource --- HikariPool-1 - Shutdown completed.
2026-09-19 22:53:59 INFO  o.h.v.i.u.Version --- HV000001: Hibernate Validator 9.1.3.Final
2026-09-19 22:53:59 INFO  c.t.f.FinsightApplication --- Starting FinsightApplication using Java 21.0.12.1 with PID 21965 (/home/abdul-rahman/Project/finsight/target/classes started by abdul-rahman in /home/abdul-rahman/Project/finsight)
2026-09-19 22:53:59 DEBUG c.t.f.FinsightApplication --- Running with Spring Boot v4.1.1, Spring v7.0.9
2026-09-19 22:53:59 INFO  c.t.f.FinsightApplication --- No active profile set, falling back to 1 default profile: "default"
2026-09-19 22:54:00 INFO  o.s.b.d.e.DevToolsPropertyDefaultsPostProcessor --- Devtools property defaults active! Set 'spring.devtools.add-properties' to 'false' to disable
2026-09-19 22:54:00 INFO  o.s.b.d.e.DevToolsPropertyDefaultsPostProcessor --- For additional web related logging consider setting the 'logging.level.web' property to 'DEBUG'
2026-09-19 22:54:00 INFO  o.s.d.r.c.RepositoryConfigurationDelegate --- Bootstrapping Spring Data JPA repositories in DEFAULT mode.
2026-09-19 22:54:00 INFO  o.s.d.r.c.RepositoryConfigurationDelegate --- Finished Spring Data repository scanning in 50 ms. Found 5 JPA repository interfaces.
2026-09-19 22:54:01 INFO  o.s.b.t.TomcatWebServer --- Tomcat initialized with port 8080 (http)
2026-09-19 22:54:01 INFO  o.a.c.h.Http11NioProtocol --- Initializing ProtocolHandler ["http-nio-8080"]
2026-09-19 22:54:01 INFO  o.a.c.c.StandardService --- Starting service [Tomcat]
2026-09-19 22:54:01 INFO  o.a.c.c.StandardEngine --- Starting Servlet engine: [Apache Tomcat/11.0.24]
2026-09-19 22:54:01 INFO  o.s.b.w.c.s.WebApplicationContextInitializer --- Root WebApplicationContext: initialization completed in 1291 ms
2026-09-19 22:54:01 INFO  o.h.o.jpa --- HHH008540: Processing PersistenceUnitInfo [name: default]
2026-09-19 22:54:01 INFO  o.h.o.core --- HHH000001: Hibernate ORM core version 7.4.5.Final
2026-09-19 22:54:01 INFO  o.s.o.j.p.SpringPersistenceUnitInfo --- No LoadTimeWeaver setup: ignoring JPA class transformer
2026-09-19 22:54:01 INFO  c.z.h.HikariDataSource --- HikariPool-1 - Starting...
2026-09-19 22:54:02 INFO  c.z.h.p.HikariPool --- HikariPool-1 - Added connection org.postgresql.jdbc.PgConnection@432a3b0
2026-09-19 22:54:02 INFO  c.z.h.HikariDataSource --- HikariPool-1 - Start completed.
2026-09-19 22:54:02 INFO  o.h.o.c.pooling --- HHH10001005: Database info:
	Database JDBC URL [jdbc:postgresql://localhost:5432/finsight]
	Database driver: PostgreSQL JDBC Driver
	Database dialect: PostgreSQLDialect
	Database version: 18.6
	Default catalog/schema: finsight/public
	Autocommit mode: undefined/unknown
	Isolation level: READ_COMMITTED [default READ_COMMITTED]
	JDBC fetch size: none
	Pool: DataSourceConnectionProvider
	Minimum pool size: undefined/unknown
	Maximum pool size: undefined/unknown
2026-09-19 22:54:03 INFO  o.h.o.core --- HHH000489: No JTA platform available (set 'hibernate.transaction.jta.platform' to enable JTA platform integration)
2026-09-19 22:54:03 INFO  o.s.o.j.LocalContainerEntityManagerFactoryBean --- Initialized JPA EntityManagerFactory for persistence unit 'default'
2026-09-19 22:54:03 INFO  o.s.d.j.r.q.QueryEnhancerFactories --- Hibernate is in classpath; If applicable, HQL parser will be used.
2026-09-19 22:54:03 WARN  o.s.b.j.a.JpaBaseConfiguration$JpaWebConfiguration --- spring.jpa.open-in-view is enabled by default. Therefore, database queries may be performed during view rendering. Explicitly configure spring.jpa.open-in-view to disable this warning
2026-09-19 22:54:03 DEBUG c.t.f.s.f.JwtAuthFilter --- Filter 'jwtAuthFilter' configured for use
2026-09-19 22:54:03 INFO  o.s.s.c.a.a.c.InitializeUserDetailsBeanManagerConfigurer$InitializeUserDetailsManagerConfigurer --- Global AuthenticationManager configured with UserDetailsService bean with name userService
2026-09-19 22:54:04 INFO  o.a.c.h.Http11NioProtocol --- Starting ProtocolHandler ["http-nio-8080"]
2026-09-19 22:54:04 INFO  o.s.b.t.TomcatWebServer --- Tomcat started on port 8080 (http) with context path '/'
2026-09-19 22:54:04 INFO  c.t.f.FinsightApplication --- Started FinsightApplication in 5.075 seconds (process running for 5.995)
2026-09-19 22:54:10 INFO  o.a.c.c.C.[.[.[/] --- Initializing Spring DispatcherServlet 'dispatcherServlet'
2026-09-19 22:54:10 INFO  o.s.w.s.DispatcherServlet --- Initializing Servlet 'dispatcherServlet'
2026-09-19 22:54:10 INFO  o.s.w.s.DispatcherServlet --- Completed initialization in 1 ms
2026-09-19 22:54:12 INFO  c.t.f.s.s.AuthService --- Login Success
2026-09-19 22:54:45 INFO  o.s.b.t.GracefulShutdown --- Commencing graceful shutdown. Waiting for active requests to complete
2026-09-19 22:54:45 INFO  o.s.b.t.GracefulShutdown --- Graceful shutdown complete
2026-09-19 22:54:45 INFO  o.s.o.j.LocalContainerEntityManagerFactoryBean --- Closing JPA EntityManagerFactory for persistence unit 'default'
2026-09-19 22:54:45 INFO  c.z.h.HikariDataSource --- HikariPool-1 - Shutdown initiated...
2026-09-19 22:54:45 INFO  c.z.h.HikariDataSource --- HikariPool-1 - Shutdown completed.
2026-09-19 22:54:47 INFO  o.h.v.i.u.Version --- HV000001: Hibernate Validator 9.1.3.Final
2026-09-19 22:54:48 INFO  c.t.f.FinsightApplication --- Starting FinsightApplication using Java 21.0.12.1 with PID 22219 (/home/abdul-rahman/Project/finsight/target/classes started by abdul-rahman in /home/abdul-rahman/Project/finsight)
2026-09-19 22:54:48 DEBUG c.t.f.FinsightApplication --- Running with Spring Boot v4.1.1, Spring v7.0.9
2026-09-19 22:54:48 INFO  c.t.f.FinsightApplication --- No active profile set, falling back to 1 default profile: "default"
2026-09-19 22:54:48 INFO  o.s.b.d.e.DevToolsPropertyDefaultsPostProcessor --- Devtools property defaults active! Set 'spring.devtools.add-properties' to 'false' to disable
2026-09-19 22:54:48 INFO  o.s.b.d.e.DevToolsPropertyDefaultsPostProcessor --- For additional web related logging consider setting the 'logging.level.web' property to 'DEBUG'
2026-09-19 22:54:48 INFO  o.s.d.r.c.RepositoryConfigurationDelegate --- Bootstrapping Spring Data JPA repositories in DEFAULT mode.
2026-09-19 22:54:48 INFO  o.s.d.r.c.RepositoryConfigurationDelegate --- Finished Spring Data repository scanning in 47 ms. Found 5 JPA repository interfaces.
2026-09-19 22:54:49 INFO  o.s.b.t.TomcatWebServer --- Tomcat initialized with port 8080 (http)
2026-09-19 22:54:49 INFO  o.a.c.h.Http11NioProtocol --- Initializing ProtocolHandler ["http-nio-8080"]
2026-09-19 22:54:49 INFO  o.a.c.c.StandardService --- Starting service [Tomcat]
2026-09-19 22:54:49 INFO  o.a.c.c.StandardEngine --- Starting Servlet engine: [Apache Tomcat/11.0.24]
2026-09-19 22:54:49 INFO  o.s.b.w.c.s.WebApplicationContextInitializer --- Root WebApplicationContext: initialization completed in 1223 ms
2026-09-19 22:54:49 INFO  o.h.o.jpa --- HHH008540: Processing PersistenceUnitInfo [name: default]
2026-09-19 22:54:49 INFO  o.h.o.core --- HHH000001: Hibernate ORM core version 7.4.5.Final
2026-09-19 22:54:49 INFO  o.s.o.j.p.SpringPersistenceUnitInfo --- No LoadTimeWeaver setup: ignoring JPA class transformer
2026-09-19 22:54:49 INFO  c.z.h.HikariDataSource --- HikariPool-1 - Starting...
2026-09-19 22:54:50 INFO  c.z.h.p.HikariPool --- HikariPool-1 - Added connection org.postgresql.jdbc.PgConnection@4322208b
2026-09-19 22:54:50 INFO  c.z.h.HikariDataSource --- HikariPool-1 - Start completed.
2026-09-19 22:54:50 INFO  o.h.o.c.pooling --- HHH10001005: Database info:
	Database JDBC URL [jdbc:postgresql://localhost:5432/finsight]
	Database driver: PostgreSQL JDBC Driver
	Database dialect: PostgreSQLDialect
	Database version: 18.6
	Default catalog/schema: finsight/public
	Autocommit mode: undefined/unknown
	Isolation level: READ_COMMITTED [default READ_COMMITTED]
	JDBC fetch size: none
	Pool: DataSourceConnectionProvider
	Minimum pool size: undefined/unknown
	Maximum pool size: undefined/unknown
2026-09-19 22:54:51 INFO  o.h.o.core --- HHH000489: No JTA platform available (set 'hibernate.transaction.jta.platform' to enable JTA platform integration)
2026-09-19 22:54:51 INFO  o.s.o.j.LocalContainerEntityManagerFactoryBean --- Initialized JPA EntityManagerFactory for persistence unit 'default'
2026-09-19 22:54:51 INFO  o.s.d.j.r.q.QueryEnhancerFactories --- Hibernate is in classpath; If applicable, HQL parser will be used.
2026-09-19 22:54:51 WARN  o.s.b.j.a.JpaBaseConfiguration$JpaWebConfiguration --- spring.jpa.open-in-view is enabled by default. Therefore, database queries may be performed during view rendering. Explicitly configure spring.jpa.open-in-view to disable this warning
2026-09-19 22:54:51 DEBUG c.t.f.s.f.JwtAuthFilter --- Filter 'jwtAuthFilter' configured for use
2026-09-19 22:54:51 INFO  o.s.s.c.a.a.c.InitializeUserDetailsBeanManagerConfigurer$InitializeUserDetailsManagerConfigurer --- Global AuthenticationManager configured with UserDetailsService bean with name userService
2026-09-19 22:54:52 INFO  o.a.c.h.Http11NioProtocol --- Starting ProtocolHandler ["http-nio-8080"]
2026-09-19 22:54:52 INFO  o.s.b.t.TomcatWebServer --- Tomcat started on port 8080 (http) with context path '/'
2026-09-19 22:54:52 INFO  c.t.f.FinsightApplication --- Started FinsightApplication in 4.903 seconds (process running for 5.571)
2026-09-19 22:54:54 INFO  o.a.c.c.C.[.[.[/] --- Initializing Spring DispatcherServlet 'dispatcherServlet'
2026-09-19 22:54:54 INFO  o.s.w.s.DispatcherServlet --- Initializing Servlet 'dispatcherServlet'
2026-09-19 22:54:54 INFO  o.s.w.s.DispatcherServlet --- Completed initialization in 1 ms
2026-09-19 22:59:30 INFO  o.h.v.i.u.Version --- HV000001: Hibernate Validator 9.1.3.Final
2026-09-19 22:59:30 INFO  c.t.f.c.QueryTest --- Starting QueryTest using Java 21.0.12.1 with PID 24958 (started by abdul-rahman in /home/abdul-rahman/Project/finsight)
2026-09-19 22:59:30 DEBUG c.t.f.c.QueryTest --- Running with Spring Boot v4.1.1, Spring v7.0.9
2026-09-19 22:59:30 INFO  c.t.f.c.QueryTest --- No active profile set, falling back to 1 default profile: "default"
2026-09-19 22:59:31 INFO  o.s.d.r.c.RepositoryConfigurationDelegate --- Bootstrapping Spring Data JPA repositories in DEFAULT mode.
2026-09-19 22:59:31 INFO  o.s.d.r.c.RepositoryConfigurationDelegate --- Finished Spring Data repository scanning in 43 ms. Found 5 JPA repository interfaces.
2026-09-19 22:59:31 INFO  o.h.o.jpa --- HHH008540: Processing PersistenceUnitInfo [name: default]
2026-09-19 22:59:31 INFO  o.h.o.core --- HHH000001: Hibernate ORM core version 7.4.5.Final
2026-09-19 22:59:32 INFO  o.s.o.j.p.SpringPersistenceUnitInfo --- No LoadTimeWeaver setup: ignoring JPA class transformer
2026-09-19 22:59:32 INFO  c.z.h.HikariDataSource --- HikariPool-1 - Starting...
2026-09-19 22:59:32 INFO  c.z.h.p.HikariPool --- HikariPool-1 - Added connection org.postgresql.jdbc.PgConnection@4af44f2a
2026-09-19 22:59:32 INFO  c.z.h.HikariDataSource --- HikariPool-1 - Start completed.
2026-09-19 22:59:32 INFO  o.h.o.c.pooling --- HHH10001005: Database info:
	Database JDBC URL [jdbc:postgresql://localhost:5432/finsight]
	Database driver: PostgreSQL JDBC Driver
	Database dialect: PostgreSQLDialect
	Database version: 18.6
	Default catalog/schema: finsight/public
	Autocommit mode: undefined/unknown
	Isolation level: READ_COMMITTED [default READ_COMMITTED]
	JDBC fetch size: none
	Pool: DataSourceConnectionProvider
	Minimum pool size: undefined/unknown
	Maximum pool size: undefined/unknown
2026-09-19 22:59:33 INFO  o.h.o.core --- HHH000489: No JTA platform available (set 'hibernate.transaction.jta.platform' to enable JTA platform integration)
2026-09-19 22:59:33 INFO  o.s.o.j.LocalContainerEntityManagerFactoryBean --- Initialized JPA EntityManagerFactory for persistence unit 'default'
2026-09-19 22:59:33 INFO  o.s.d.j.r.q.QueryEnhancerFactories --- Hibernate is in classpath; If applicable, HQL parser will be used.
2026-09-19 22:59:34 WARN  o.s.b.j.a.JpaBaseConfiguration$JpaWebConfiguration --- spring.jpa.open-in-view is enabled by default. Therefore, database queries may be performed during view rendering. Explicitly configure spring.jpa.open-in-view to disable this warning
2026-09-19 22:59:34 INFO  o.s.s.c.a.a.c.InitializeUserDetailsBeanManagerConfigurer$InitializeUserDetailsManagerConfigurer --- Global AuthenticationManager configured with UserDetailsService bean with name userService
2026-09-19 22:59:34 INFO  c.t.f.c.QueryTest --- Started QueryTest in 4.546 seconds (process running for 5.588)
2026-09-19 22:59:35 INFO  o.s.o.j.LocalContainerEntityManagerFactoryBean --- Closing JPA EntityManagerFactory for persistence unit 'default'
2026-09-19 22:59:35 INFO  c.z.h.HikariDataSource --- HikariPool-1 - Shutdown initiated...
2026-09-19 22:59:35 INFO  c.z.h.HikariDataSource --- HikariPool-1 - Shutdown completed.
2026-09-19 23:00:04 INFO  o.h.v.i.u.Version --- HV000001: Hibernate Validator 9.1.3.Final
2026-09-19 23:00:04 INFO  c.t.f.c.QueryTest --- Starting QueryTest using Java 21.0.12.1 with PID 25259 (started by abdul-rahman in /home/abdul-rahman/Project/finsight)
2026-09-19 23:00:04 DEBUG c.t.f.c.QueryTest --- Running with Spring Boot v4.1.1, Spring v7.0.9
2026-09-19 23:00:04 INFO  c.t.f.c.QueryTest --- No active profile set, falling back to 1 default profile: "default"
2026-09-19 23:00:04 INFO  o.s.d.r.c.RepositoryConfigurationDelegate --- Bootstrapping Spring Data JPA repositories in DEFAULT mode.
2026-09-19 23:00:05 INFO  o.s.d.r.c.RepositoryConfigurationDelegate --- Finished Spring Data repository scanning in 41 ms. Found 5 JPA repository interfaces.
2026-09-19 23:00:05 INFO  o.h.o.jpa --- HHH008540: Processing PersistenceUnitInfo [name: default]
2026-09-19 23:00:05 INFO  o.h.o.core --- HHH000001: Hibernate ORM core version 7.4.5.Final
2026-09-19 23:00:05 INFO  o.s.o.j.p.SpringPersistenceUnitInfo --- No LoadTimeWeaver setup: ignoring JPA class transformer
2026-09-19 23:00:05 INFO  c.z.h.HikariDataSource --- HikariPool-1 - Starting...
2026-09-19 23:00:06 INFO  c.z.h.p.HikariPool --- HikariPool-1 - Added connection org.postgresql.jdbc.PgConnection@65a66a75
2026-09-19 23:00:06 INFO  c.z.h.HikariDataSource --- HikariPool-1 - Start completed.
2026-09-19 23:00:06 INFO  o.h.o.c.pooling --- HHH10001005: Database info:
	Database JDBC URL [jdbc:postgresql://localhost:5432/finsight]
	Database driver: PostgreSQL JDBC Driver
	Database dialect: PostgreSQLDialect
	Database version: 18.6
	Default catalog/schema: finsight/public
	Autocommit mode: undefined/unknown
	Isolation level: READ_COMMITTED [default READ_COMMITTED]
	JDBC fetch size: none
	Pool: DataSourceConnectionProvider
	Minimum pool size: undefined/unknown
	Maximum pool size: undefined/unknown
2026-09-19 23:00:07 INFO  o.h.o.core --- HHH000489: No JTA platform available (set 'hibernate.transaction.jta.platform' to enable JTA platform integration)
2026-09-19 23:00:07 INFO  o.s.o.j.LocalContainerEntityManagerFactoryBean --- Initialized JPA EntityManagerFactory for persistence unit 'default'
2026-09-19 23:00:07 INFO  o.s.d.j.r.q.QueryEnhancerFactories --- Hibernate is in classpath; If applicable, HQL parser will be used.
2026-09-19 23:00:07 WARN  o.s.b.j.a.JpaBaseConfiguration$JpaWebConfiguration --- spring.jpa.open-in-view is enabled by default. Therefore, database queries may be performed during view rendering. Explicitly configure spring.jpa.open-in-view to disable this warning
2026-09-19 23:00:07 INFO  o.s.s.c.a.a.c.InitializeUserDetailsBeanManagerConfigurer$InitializeUserDetailsManagerConfigurer --- Global AuthenticationManager configured with UserDetailsService bean with name userService
2026-09-19 23:00:08 INFO  c.t.f.c.QueryTest --- Started QueryTest in 4.214 seconds (process running for 5.125)
2026-09-19 23:00:08 INFO  o.s.o.j.LocalContainerEntityManagerFactoryBean --- Closing JPA EntityManagerFactory for persistence unit 'default'
2026-09-19 23:00:08 INFO  c.z.h.HikariDataSource --- HikariPool-1 - Shutdown initiated...
2026-09-19 23:00:08 INFO  c.z.h.HikariDataSource --- HikariPool-1 - Shutdown completed.
2026-09-19 23:24:22 INFO  o.s.b.t.GracefulShutdown --- Commencing graceful shutdown. Waiting for active requests to complete
2026-09-19 23:24:22 INFO  o.s.b.t.GracefulShutdown --- Graceful shutdown complete
2026-09-19 23:24:22 INFO  o.s.o.j.LocalContainerEntityManagerFactoryBean --- Closing JPA EntityManagerFactory for persistence unit 'default'
2026-09-19 23:24:22 INFO  c.z.h.HikariDataSource --- HikariPool-1 - Shutdown initiated...
2026-09-19 23:24:22 INFO  c.z.h.HikariDataSource --- HikariPool-1 - Shutdown completed.
2026-09-19 23:24:34 INFO  o.h.v.i.u.Version --- HV000001: Hibernate Validator 9.1.3.Final
2026-09-19 23:24:34 INFO  c.t.f.FinsightApplication --- Starting FinsightApplication using Java 21.0.12.1 with PID 28469 (/home/abdul-rahman/Project/finsight/target/classes started by abdul-rahman in /home/abdul-rahman/Project/finsight)
2026-09-19 23:24:34 DEBUG c.t.f.FinsightApplication --- Running with Spring Boot v4.1.1, Spring v7.0.9
2026-09-19 23:24:34 INFO  c.t.f.FinsightApplication --- No active profile set, falling back to 1 default profile: "default"
2026-09-19 23:24:34 INFO  o.s.b.d.e.DevToolsPropertyDefaultsPostProcessor --- Devtools property defaults active! Set 'spring.devtools.add-properties' to 'false' to disable
2026-09-19 23:24:34 INFO  o.s.b.d.e.DevToolsPropertyDefaultsPostProcessor --- For additional web related logging consider setting the 'logging.level.web' property to 'DEBUG'
2026-09-19 23:24:35 INFO  o.s.d.r.c.RepositoryConfigurationDelegate --- Bootstrapping Spring Data JPA repositories in DEFAULT mode.
2026-09-19 23:24:35 INFO  o.s.d.r.c.RepositoryConfigurationDelegate --- Finished Spring Data repository scanning in 40 ms. Found 5 JPA repository interfaces.
2026-09-19 23:24:35 INFO  o.s.b.t.TomcatWebServer --- Tomcat initialized with port 8080 (http)
2026-09-19 23:24:36 INFO  o.a.c.h.Http11NioProtocol --- Initializing ProtocolHandler ["http-nio-8080"]
2026-09-19 23:24:36 INFO  o.a.c.c.StandardService --- Starting service [Tomcat]
2026-09-19 23:24:36 INFO  o.a.c.c.StandardEngine --- Starting Servlet engine: [Apache Tomcat/11.0.24]
2026-09-19 23:24:36 INFO  o.s.b.w.c.s.WebApplicationContextInitializer --- Root WebApplicationContext: initialization completed in 1045 ms
2026-09-19 23:24:36 INFO  o.h.o.jpa --- HHH008540: Processing PersistenceUnitInfo [name: default]
2026-09-19 23:24:36 INFO  o.h.o.core --- HHH000001: Hibernate ORM core version 7.4.5.Final
2026-09-19 23:24:36 INFO  o.s.o.j.p.SpringPersistenceUnitInfo --- No LoadTimeWeaver setup: ignoring JPA class transformer
2026-09-19 23:24:36 INFO  c.z.h.HikariDataSource --- HikariPool-1 - Starting...
2026-09-19 23:24:36 INFO  c.z.h.p.HikariPool --- HikariPool-1 - Added connection org.postgresql.jdbc.PgConnection@66cacd1e
2026-09-19 23:24:36 INFO  c.z.h.HikariDataSource --- HikariPool-1 - Start completed.
2026-09-19 23:24:36 INFO  o.h.o.c.pooling --- HHH10001005: Database info:
	Database JDBC URL [jdbc:postgresql://localhost:5432/finsight]
	Database driver: PostgreSQL JDBC Driver
	Database dialect: PostgreSQLDialect
	Database version: 18.6
	Default catalog/schema: finsight/public
	Autocommit mode: undefined/unknown
	Isolation level: READ_COMMITTED [default READ_COMMITTED]
	JDBC fetch size: none
	Pool: DataSourceConnectionProvider
	Minimum pool size: undefined/unknown
	Maximum pool size: undefined/unknown
2026-09-19 23:24:37 INFO  o.h.o.core --- HHH000489: No JTA platform available (set 'hibernate.transaction.jta.platform' to enable JTA platform integration)
2026-09-19 23:24:37 INFO  o.s.o.j.LocalContainerEntityManagerFactoryBean --- Initialized JPA EntityManagerFactory for persistence unit 'default'
2026-09-19 23:24:37 INFO  o.s.d.j.r.q.QueryEnhancerFactories --- Hibernate is in classpath; If applicable, HQL parser will be used.
2026-09-19 23:24:37 WARN  o.s.b.j.a.JpaBaseConfiguration$JpaWebConfiguration --- spring.jpa.open-in-view is enabled by default. Therefore, database queries may be performed during view rendering. Explicitly configure spring.jpa.open-in-view to disable this warning
2026-09-19 23:24:37 DEBUG c.t.f.s.f.JwtAuthFilter --- Filter 'jwtAuthFilter' configured for use
2026-09-19 23:24:38 INFO  o.s.s.c.a.a.c.InitializeUserDetailsBeanManagerConfigurer$InitializeUserDetailsManagerConfigurer --- Global AuthenticationManager configured with UserDetailsService bean with name userService
2026-09-19 23:24:38 INFO  o.a.c.h.Http11NioProtocol --- Starting ProtocolHandler ["http-nio-8080"]
2026-09-19 23:24:38 INFO  o.s.b.t.TomcatWebServer --- Tomcat started on port 8080 (http) with context path '/'
2026-09-19 23:24:38 INFO  c.t.f.FinsightApplication --- Started FinsightApplication in 4.027 seconds (process running for 4.445)
2026-09-19 23:24:51 INFO  o.a.c.c.C.[.[.[/] --- Initializing Spring DispatcherServlet 'dispatcherServlet'
2026-09-19 23:24:51 INFO  o.s.w.s.DispatcherServlet --- Initializing Servlet 'dispatcherServlet'
2026-09-19 23:24:51 INFO  o.s.w.s.DispatcherServlet --- Completed initialization in 2 ms
2026-09-19 23:24:51 INFO  c.t.f.s.s.AuthService --- Login Success
2026-09-19 23:25:26 WARN  o.s.w.s.m.m.a.ExceptionHandlerExceptionResolver --- Resolved [io.jsonwebtoken.ExpiredJwtException: JWT expired 6350678 milliseconds ago at 2026-09-19T16:09:36.000Z. Current time: 2026-09-19T17:55:26.678Z. Allowed clock skew: 0 milliseconds.]
2026-09-19 23:27:46 INFO  o.s.b.t.GracefulShutdown --- Commencing graceful shutdown. Waiting for active requests to complete
2026-09-19 23:27:46 INFO  o.s.b.t.GracefulShutdown --- Graceful shutdown complete
2026-09-19 23:27:46 INFO  o.s.o.j.LocalContainerEntityManagerFactoryBean --- Closing JPA EntityManagerFactory for persistence unit 'default'
2026-09-19 23:27:46 INFO  c.z.h.HikariDataSource --- HikariPool-1 - Shutdown initiated...
2026-09-19 23:27:46 INFO  c.z.h.HikariDataSource --- HikariPool-1 - Shutdown completed.
2026-09-19 23:27:49 INFO  o.h.v.i.u.Version --- HV000001: Hibernate Validator 9.1.3.Final
2026-09-19 23:27:49 INFO  c.t.f.FinsightApplication --- Starting FinsightApplication using Java 21.0.12.1 with PID 29030 (/home/abdul-rahman/Project/finsight/target/classes started by abdul-rahman in /home/abdul-rahman/Project/finsight)
2026-09-19 23:27:49 DEBUG c.t.f.FinsightApplication --- Running with Spring Boot v4.1.1, Spring v7.0.9
2026-09-19 23:27:49 INFO  c.t.f.FinsightApplication --- No active profile set, falling back to 1 default profile: "default"
2026-09-19 23:27:49 INFO  o.s.b.d.e.DevToolsPropertyDefaultsPostProcessor --- Devtools property defaults active! Set 'spring.devtools.add-properties' to 'false' to disable
2026-09-19 23:27:49 INFO  o.s.b.d.e.DevToolsPropertyDefaultsPostProcessor --- For additional web related logging consider setting the 'logging.level.web' property to 'DEBUG'
2026-09-19 23:27:50 INFO  o.s.d.r.c.RepositoryConfigurationDelegate --- Bootstrapping Spring Data JPA repositories in DEFAULT mode.
2026-09-19 23:27:50 INFO  o.s.d.r.c.RepositoryConfigurationDelegate --- Finished Spring Data repository scanning in 51 ms. Found 5 JPA repository interfaces.
2026-09-19 23:27:50 INFO  o.s.b.t.TomcatWebServer --- Tomcat initialized with port 8080 (http)
2026-09-19 23:27:50 INFO  o.a.c.h.Http11NioProtocol --- Initializing ProtocolHandler ["http-nio-8080"]
2026-09-19 23:27:50 INFO  o.a.c.c.StandardService --- Starting service [Tomcat]
2026-09-19 23:27:50 INFO  o.a.c.c.StandardEngine --- Starting Servlet engine: [Apache Tomcat/11.0.24]
2026-09-19 23:27:50 INFO  o.s.b.w.c.s.WebApplicationContextInitializer --- Root WebApplicationContext: initialization completed in 1444 ms
2026-09-19 23:27:50 INFO  o.h.o.jpa --- HHH008540: Processing PersistenceUnitInfo [name: default]
2026-09-19 23:27:51 INFO  o.h.o.core --- HHH000001: Hibernate ORM core version 7.4.5.Final
2026-09-19 23:27:51 INFO  o.s.o.j.p.SpringPersistenceUnitInfo --- No LoadTimeWeaver setup: ignoring JPA class transformer
2026-09-19 23:27:51 INFO  c.z.h.HikariDataSource --- HikariPool-1 - Starting...
2026-09-19 23:27:51 INFO  c.z.h.p.HikariPool --- HikariPool-1 - Added connection org.postgresql.jdbc.PgConnection@124163e
2026-09-19 23:27:51 INFO  c.z.h.HikariDataSource --- HikariPool-1 - Start completed.
2026-09-19 23:27:51 INFO  o.h.o.c.pooling --- HHH10001005: Database info:
	Database JDBC URL [jdbc:postgresql://localhost:5432/finsight]
	Database driver: PostgreSQL JDBC Driver
	Database dialect: PostgreSQLDialect
	Database version: 18.6
	Default catalog/schema: finsight/public
	Autocommit mode: undefined/unknown
	Isolation level: READ_COMMITTED [default READ_COMMITTED]
	JDBC fetch size: none
	Pool: DataSourceConnectionProvider
	Minimum pool size: undefined/unknown
	Maximum pool size: undefined/unknown
2026-09-19 23:27:52 INFO  o.h.o.core --- HHH000489: No JTA platform available (set 'hibernate.transaction.jta.platform' to enable JTA platform integration)
2026-09-19 23:27:52 INFO  o.s.o.j.LocalContainerEntityManagerFactoryBean --- Initialized JPA EntityManagerFactory for persistence unit 'default'
2026-09-19 23:27:52 INFO  o.s.d.j.r.q.QueryEnhancerFactories --- Hibernate is in classpath; If applicable, HQL parser will be used.
2026-09-19 23:27:53 WARN  o.s.b.j.a.JpaBaseConfiguration$JpaWebConfiguration --- spring.jpa.open-in-view is enabled by default. Therefore, database queries may be performed during view rendering. Explicitly configure spring.jpa.open-in-view to disable this warning
2026-09-19 23:27:53 DEBUG c.t.f.s.f.JwtAuthFilter --- Filter 'jwtAuthFilter' configured for use
2026-09-19 23:27:53 INFO  o.s.s.c.a.a.c.InitializeUserDetailsBeanManagerConfigurer$InitializeUserDetailsManagerConfigurer --- Global AuthenticationManager configured with UserDetailsService bean with name userService
2026-09-19 23:27:54 INFO  o.a.c.h.Http11NioProtocol --- Starting ProtocolHandler ["http-nio-8080"]
2026-09-19 23:27:54 INFO  o.s.b.t.TomcatWebServer --- Tomcat started on port 8080 (http) with context path '/'
2026-09-19 23:27:54 INFO  c.t.f.FinsightApplication --- Started FinsightApplication in 5.587 seconds (process running for 6.184)
2026-09-19 23:27:57 INFO  o.a.c.c.C.[.[.[/] --- Initializing Spring DispatcherServlet 'dispatcherServlet'
2026-09-19 23:27:57 INFO  o.s.w.s.DispatcherServlet --- Initializing Servlet 'dispatcherServlet'
2026-09-19 23:27:57 INFO  o.s.w.s.DispatcherServlet --- Completed initialization in 0 ms
2026-09-19 23:28:57 INFO  c.t.f.c.CategoryService --- Creating new category with name: Test Category
2026-09-19 23:28:57 INFO  c.t.f.c.CategoryService --- New Category created. CategoryId: 3
2026-09-19 23:47:41 INFO  o.s.b.t.GracefulShutdown --- Commencing graceful shutdown. Waiting for active requests to complete
2026-09-19 23:47:41 INFO  o.s.b.t.GracefulShutdown --- Graceful shutdown complete
2026-09-19 23:47:41 INFO  o.s.o.j.LocalContainerEntityManagerFactoryBean --- Closing JPA EntityManagerFactory for persistence unit 'default'
2026-09-19 23:47:41 INFO  c.z.h.HikariDataSource --- HikariPool-1 - Shutdown initiated...
2026-09-19 23:47:41 INFO  c.z.h.HikariDataSource --- HikariPool-1 - Shutdown completed.
2026-09-19 23:54:05 INFO  o.h.v.i.u.Version --- HV000001: Hibernate Validator 9.1.3.Final
2026-09-19 23:54:05 INFO  c.t.f.FinsightApplication --- Starting FinsightApplication using Java 21.0.12.1 with PID 32791 (/home/abdul-rahman/Project/finsight/target/classes started by abdul-rahman in /home/abdul-rahman/Project/finsight)
2026-09-19 23:54:05 DEBUG c.t.f.FinsightApplication --- Running with Spring Boot v4.1.1, Spring v7.0.9
2026-09-19 23:54:05 INFO  c.t.f.FinsightApplication --- No active profile set, falling back to 1 default profile: "default"
2026-09-19 23:54:05 INFO  o.s.b.d.e.DevToolsPropertyDefaultsPostProcessor --- Devtools property defaults active! Set 'spring.devtools.add-properties' to 'false' to disable
2026-09-19 23:54:05 INFO  o.s.b.d.e.DevToolsPropertyDefaultsPostProcessor --- For additional web related logging consider setting the 'logging.level.web' property to 'DEBUG'
2026-09-19 23:54:06 INFO  o.s.d.r.c.RepositoryConfigurationDelegate --- Bootstrapping Spring Data JPA repositories in DEFAULT mode.
2026-09-19 23:54:06 INFO  o.s.d.r.c.RepositoryConfigurationDelegate --- Finished Spring Data repository scanning in 34 ms. Found 5 JPA repository interfaces.
2026-09-19 23:54:06 INFO  o.s.b.t.TomcatWebServer --- Tomcat initialized with port 8080 (http)
2026-09-19 23:54:06 INFO  o.a.c.h.Http11NioProtocol --- Initializing ProtocolHandler ["http-nio-8080"]
2026-09-19 23:54:06 INFO  o.a.c.c.StandardService --- Starting service [Tomcat]
2026-09-19 23:54:06 INFO  o.a.c.c.StandardEngine --- Starting Servlet engine: [Apache Tomcat/11.0.24]
2026-09-19 23:54:06 INFO  o.s.b.w.c.s.WebApplicationContextInitializer --- Root WebApplicationContext: initialization completed in 1112 ms
2026-09-19 23:54:06 INFO  o.h.o.jpa --- HHH008540: Processing PersistenceUnitInfo [name: default]
2026-09-19 23:54:06 INFO  o.h.o.core --- HHH000001: Hibernate ORM core version 7.4.5.Final
2026-09-19 23:54:07 INFO  o.s.o.j.p.SpringPersistenceUnitInfo --- No LoadTimeWeaver setup: ignoring JPA class transformer
2026-09-19 23:54:07 INFO  c.z.h.HikariDataSource --- HikariPool-1 - Starting...
2026-09-19 23:54:07 INFO  c.z.h.p.HikariPool --- HikariPool-1 - Added connection org.postgresql.jdbc.PgConnection@48647966
2026-09-19 23:54:07 INFO  c.z.h.HikariDataSource --- HikariPool-1 - Start completed.
2026-09-19 23:54:07 INFO  o.h.o.c.pooling --- HHH10001005: Database info:
	Database JDBC URL [jdbc:postgresql://localhost:5432/finsight]
	Database driver: PostgreSQL JDBC Driver
	Database dialect: PostgreSQLDialect
	Database version: 18.6
	Default catalog/schema: finsight/public
	Autocommit mode: undefined/unknown
	Isolation level: READ_COMMITTED [default READ_COMMITTED]
	JDBC fetch size: none
	Pool: DataSourceConnectionProvider
	Minimum pool size: undefined/unknown
	Maximum pool size: undefined/unknown
2026-09-19 23:54:08 INFO  o.h.o.core --- HHH000489: No JTA platform available (set 'hibernate.transaction.jta.platform' to enable JTA platform integration)
2026-09-19 23:54:08 INFO  o.s.o.j.LocalContainerEntityManagerFactoryBean --- Initialized JPA EntityManagerFactory for persistence unit 'default'
2026-09-19 23:54:08 INFO  o.s.d.j.r.q.QueryEnhancerFactories --- Hibernate is in classpath; If applicable, HQL parser will be used.
2026-09-19 23:54:08 WARN  o.s.b.j.a.JpaBaseConfiguration$JpaWebConfiguration --- spring.jpa.open-in-view is enabled by default. Therefore, database queries may be performed during view rendering. Explicitly configure spring.jpa.open-in-view to disable this warning
2026-09-19 23:54:08 DEBUG c.t.f.s.f.JwtAuthFilter --- Filter 'jwtAuthFilter' configured for use
2026-09-19 23:54:08 INFO  o.s.s.c.a.a.c.InitializeUserDetailsBeanManagerConfigurer$InitializeUserDetailsManagerConfigurer --- Global AuthenticationManager configured with UserDetailsService bean with name userService
2026-09-19 23:54:09 INFO  o.a.c.h.Http11NioProtocol --- Starting ProtocolHandler ["http-nio-8080"]
2026-09-19 23:54:09 INFO  o.s.b.t.TomcatWebServer --- Tomcat started on port 8080 (http) with context path '/'
2026-09-19 23:54:09 INFO  c.t.f.FinsightApplication --- Started FinsightApplication in 3.99 seconds (process running for 4.36)
2026-09-19 23:54:17 INFO  o.a.c.c.C.[.[.[/] --- Initializing Spring DispatcherServlet 'dispatcherServlet'
2026-09-19 23:54:17 INFO  o.s.w.s.DispatcherServlet --- Initializing Servlet 'dispatcherServlet'
2026-09-19 23:54:17 INFO  o.s.w.s.DispatcherServlet --- Completed initialization in 1 ms
2026-09-19 23:54:17 WARN  o.s.w.s.m.m.a.ExceptionHandlerExceptionResolver --- Resolved [io.jsonwebtoken.ExpiredJwtException: JWT expired 1166209 milliseconds ago at 2026-09-19T18:04:51.000Z. Current time: 2026-09-19T18:24:17.209Z. Allowed clock skew: 0 milliseconds.]
2026-09-19 23:54:22 INFO  c.t.f.s.s.AuthService --- Login Success
