2026-09-18 02:05:48 INFO  o.h.v.i.u.Version --- HV000001: Hibernate Validator 9.1.3.Final
2026-09-18 02:05:48 INFO  c.t.f.FinsightApplication --- Starting FinsightApplication using Java 21.0.12.1 with PID 13880 (/home/abdul-rahman/Project/finsight/target/classes started by abdul-rahman in /home/abdul-rahman/Project/finsight)
2026-09-18 02:05:48 DEBUG c.t.f.FinsightApplication --- Running with Spring Boot v4.1.1, Spring v7.0.9
2026-09-18 02:05:48 INFO  c.t.f.FinsightApplication --- No active profile set, falling back to 1 default profile: "default"
2026-09-18 02:05:48 INFO  o.s.b.d.e.DevToolsPropertyDefaultsPostProcessor --- Devtools property defaults active! Set 'spring.devtools.add-properties' to 'false' to disable
2026-09-18 02:05:48 INFO  o.s.b.d.e.DevToolsPropertyDefaultsPostProcessor --- For additional web related logging consider setting the 'logging.level.web' property to 'DEBUG'
2026-09-18 02:05:49 INFO  o.s.d.r.c.RepositoryConfigurationDelegate --- Bootstrapping Spring Data JPA repositories in DEFAULT mode.
2026-09-18 02:05:49 INFO  o.s.d.r.c.RepositoryConfigurationDelegate --- Finished Spring Data repository scanning in 37 ms. Found 5 JPA repository interfaces.
2026-09-18 02:05:49 INFO  o.s.b.t.TomcatWebServer --- Tomcat initialized with port 8080 (http)
2026-09-18 02:05:49 INFO  o.a.c.h.Http11NioProtocol --- Initializing ProtocolHandler ["http-nio-8080"]
2026-09-18 02:05:49 INFO  o.a.c.c.StandardService --- Starting service [Tomcat]
2026-09-18 02:05:49 INFO  o.a.c.c.StandardEngine --- Starting Servlet engine: [Apache Tomcat/11.0.24]
2026-09-18 02:05:49 INFO  o.s.b.w.c.s.WebApplicationContextInitializer --- Root WebApplicationContext: initialization completed in 1009 ms
2026-09-18 02:05:50 INFO  o.h.o.jpa --- HHH008540: Processing PersistenceUnitInfo [name: default]
2026-09-18 02:05:50 INFO  o.h.o.core --- HHH000001: Hibernate ORM core version 7.4.5.Final
2026-09-18 02:05:50 INFO  o.s.o.j.p.SpringPersistenceUnitInfo --- No LoadTimeWeaver setup: ignoring JPA class transformer
2026-09-18 02:05:50 INFO  c.z.h.HikariDataSource --- HikariPool-1 - Starting...
2026-09-18 02:05:50 INFO  c.z.h.p.HikariPool --- HikariPool-1 - Added connection org.postgresql.jdbc.PgConnection@72f3ddf0
2026-09-18 02:05:50 INFO  c.z.h.HikariDataSource --- HikariPool-1 - Start completed.
2026-09-18 02:05:50 INFO  o.h.o.c.pooling --- HHH10001005: Database info:
	Database JDBC URL [jdbc:postgresql://localhost:5432/finsight]
	Database driver: PostgreSQL JDBC Driver
	Database dialect: PostgreSQLDialect
	Database version: 18.6
	Default catalog/schema: finsight/public
	Autocommit mode: undefined/unknown
	Isolation level: READ_COMMITTED [default READ_COMMITTED]
	JDBC fetch size: none
	Pool: DataSourceConnectionProvider
	Minimum pool size: undefined/unknown
	Maximum pool size: undefined/unknown
2026-09-18 02:05:51 INFO  o.h.o.core --- HHH000489: No JTA platform available (set 'hibernate.transaction.jta.platform' to enable JTA platform integration)
2026-09-18 02:05:51 WARN  o.h.o.j.warn --- HHH000247: ErrorCode: 0, SQLState: 00000
2026-09-18 02:05:51 WARN  o.h.o.j.warn --- constraint "ukld1x5igidl5mh713mj8bdwce1" of relation "budget" does not exist, skipping
2026-09-18 02:05:51 WARN  o.h.o.j.warn --- HHH000247: ErrorCode: 0, SQLState: 00000
2026-09-18 02:05:51 WARN  o.h.o.j.warn --- constraint "uk6dotkott2kjsp8vw4d0m25fb7" of relation "users" does not exist, skipping
2026-09-18 02:05:51 INFO  o.s.o.j.LocalContainerEntityManagerFactoryBean --- Initialized JPA EntityManagerFactory for persistence unit 'default'
2026-09-18 02:05:51 INFO  o.s.d.j.r.q.QueryEnhancerFactories --- Hibernate is in classpath; If applicable, HQL parser will be used.
2026-09-18 02:05:52 WARN  o.s.b.j.a.JpaBaseConfiguration$JpaWebConfiguration --- spring.jpa.open-in-view is enabled by default. Therefore, database queries may be performed during view rendering. Explicitly configure spring.jpa.open-in-view to disable this warning
2026-09-18 02:05:52 DEBUG c.t.f.s.f.JwtAuthFilter --- Filter 'jwtAuthFilter' configured for use
2026-09-18 02:05:52 INFO  o.s.s.c.a.a.c.InitializeUserDetailsBeanManagerConfigurer$InitializeUserDetailsManagerConfigurer --- Global AuthenticationManager configured with UserDetailsService bean with name userService
2026-09-18 02:05:52 INFO  o.a.c.h.Http11NioProtocol --- Starting ProtocolHandler ["http-nio-8080"]
2026-09-18 02:05:52 INFO  o.s.b.t.TomcatWebServer --- Tomcat started on port 8080 (http) with context path '/'
2026-09-18 02:05:52 INFO  c.t.f.FinsightApplication --- Started FinsightApplication in 4.24 seconds (process running for 4.706)
2026-09-18 02:06:15 INFO  o.a.c.c.C.[.[.[/] --- Initializing Spring DispatcherServlet 'dispatcherServlet'
2026-09-18 02:06:15 INFO  o.s.w.s.DispatcherServlet --- Initializing Servlet 'dispatcherServlet'
2026-09-18 02:06:15 INFO  o.s.w.s.DispatcherServlet --- Completed initialization in 2 ms
2026-09-18 02:06:16 WARN  o.s.w.s.m.m.a.ExceptionHandlerExceptionResolver --- Resolved [org.springframework.security.authentication.BadCredentialsException: Bad credentials]
2026-09-18 02:07:03 WARN  o.s.w.s.m.m.a.ExceptionHandlerExceptionResolver --- Resolved [org.springframework.security.authentication.AuthenticationServiceException: Invalid cookies]
2026-09-18 02:07:26 WARN  o.s.w.s.m.m.a.ExceptionHandlerExceptionResolver --- Resolved [org.springframework.security.authentication.AuthenticationServiceException: Invalid cookies]
2026-09-18 02:07:42 WARN  o.s.w.s.m.m.a.ExceptionHandlerExceptionResolver --- Resolved [org.springframework.security.authentication.AuthenticationServiceException: Invalid cookies]
2026-09-18 02:08:55 INFO  c.t.f.c.CategoryService --- Creating new category with name: House Expenses
2026-09-18 02:08:55 INFO  c.t.f.c.CategoryService --- New Category created. CategoryId: 1
2026-09-18 02:10:21 INFO  c.t.f.c.CategoryService --- Creating new category with name: House Expenses
2026-09-18 02:10:21 INFO  c.t.f.c.CategoryService --- New Category created. CategoryId: 2
2026-09-18 02:11:50 INFO  c.t.f.t.TransactionService --- Trying to create a new transaction with categoryId 2
2026-09-18 02:11:50 INFO  c.t.f.t.TransactionService --- New transaction created. TransactionId: null
2026-09-18 02:12:13 INFO  c.t.f.t.TransactionService --- Trying to create a new transaction with categoryId 1
2026-09-18 02:12:13 WARN  o.s.w.s.m.m.a.ExceptionHandlerExceptionResolver --- Resolved [java.lang.NullPointerException: Cannot invoke "com.technerd.finsight.budget.Budget.getSpentAmount()" because "budget" is null]
2026-09-18 02:12:40 INFO  c.t.f.t.TransactionService --- Trying to create a new transaction with categoryId 1
2026-09-18 02:12:40 INFO  c.t.f.t.TransactionService --- New transaction created. TransactionId: null
2026-09-18 02:55:09 INFO  o.s.b.t.GracefulShutdown --- Commencing graceful shutdown. Waiting for active requests to complete
2026-09-18 02:55:09 INFO  o.s.b.t.GracefulShutdown --- Graceful shutdown complete
2026-09-18 02:55:09 INFO  o.s.o.j.LocalContainerEntityManagerFactoryBean --- Closing JPA EntityManagerFactory for persistence unit 'default'
2026-09-18 02:55:09 INFO  c.z.h.HikariDataSource --- HikariPool-1 - Shutdown initiated...
2026-09-18 02:55:09 INFO  c.z.h.HikariDataSource --- HikariPool-1 - Shutdown completed.
