2026-09-21 02:10:05 INFO  o.h.v.i.u.Version --- HV000001: Hibernate Validator 9.1.3.Final
2026-09-21 02:10:06 INFO  c.t.f.FinsightApplication --- Starting FinsightApplication using Java 21.0.12.1 with PID 19716 (/home/abdul-rahman/Project/finsight/target/classes started by abdul-rahman in /home/abdul-rahman/Project/finsight)
2026-09-21 02:10:06 DEBUG c.t.f.FinsightApplication --- Running with Spring Boot v4.1.1, Spring v7.0.9
2026-09-21 02:10:06 INFO  c.t.f.FinsightApplication --- No active profile set, falling back to 1 default profile: "default"
2026-09-21 02:10:06 INFO  o.s.b.d.e.DevToolsPropertyDefaultsPostProcessor --- Devtools property defaults active! Set 'spring.devtools.add-properties' to 'false' to disable
2026-09-21 02:10:06 INFO  o.s.b.d.e.DevToolsPropertyDefaultsPostProcessor --- For additional web related logging consider setting the 'logging.level.web' property to 'DEBUG'
2026-09-21 02:10:06 INFO  o.s.d.r.c.RepositoryConfigurationDelegate --- Bootstrapping Spring Data JPA repositories in DEFAULT mode.
2026-09-21 02:10:06 INFO  o.s.d.r.c.RepositoryConfigurationDelegate --- Finished Spring Data repository scanning in 39 ms. Found 5 JPA repository interfaces.
2026-09-21 02:10:07 INFO  o.s.b.t.TomcatWebServer --- Tomcat initialized with port 8080 (http)
2026-09-21 02:10:07 INFO  o.a.c.h.Http11NioProtocol --- Initializing ProtocolHandler ["http-nio-8080"]
2026-09-21 02:10:07 INFO  o.a.c.c.StandardService --- Starting service [Tomcat]
2026-09-21 02:10:07 INFO  o.a.c.c.StandardEngine --- Starting Servlet engine: [Apache Tomcat/11.0.24]
2026-09-21 02:10:07 INFO  o.s.b.w.c.s.WebApplicationContextInitializer --- Root WebApplicationContext: initialization completed in 1074 ms
2026-09-21 02:10:07 INFO  o.h.o.jpa --- HHH008540: Processing PersistenceUnitInfo [name: default]
2026-09-21 02:10:07 INFO  o.h.o.core --- HHH000001: Hibernate ORM core version 7.4.5.Final
2026-09-21 02:10:07 INFO  o.s.o.j.p.SpringPersistenceUnitInfo --- No LoadTimeWeaver setup: ignoring JPA class transformer
2026-09-21 02:10:07 INFO  c.z.h.HikariDataSource --- HikariPool-1 - Starting...
2026-09-21 02:10:07 INFO  c.z.h.p.HikariPool --- HikariPool-1 - Added connection org.postgresql.jdbc.PgConnection@3b003671
2026-09-21 02:10:07 INFO  c.z.h.HikariDataSource --- HikariPool-1 - Start completed.
2026-09-21 02:10:07 INFO  o.h.o.c.pooling --- HHH10001005: Database info:
	Database JDBC URL [jdbc:postgresql://localhost:5432/finsight]
	Database driver: PostgreSQL JDBC Driver
	Database dialect: PostgreSQLDialect
	Database version: 18.6
	Default catalog/schema: finsight/public
	Autocommit mode: undefined/unknown
	Isolation level: READ_COMMITTED [default READ_COMMITTED]
	JDBC fetch size: none
	Pool: DataSourceConnectionProvider
	Minimum pool size: undefined/unknown
	Maximum pool size: undefined/unknown
2026-09-21 02:10:08 INFO  o.h.o.core --- HHH000489: No JTA platform available (set 'hibernate.transaction.jta.platform' to enable JTA platform integration)
2026-09-21 02:10:08 INFO  o.s.o.j.LocalContainerEntityManagerFactoryBean --- Initialized JPA EntityManagerFactory for persistence unit 'default'
2026-09-21 02:10:09 INFO  o.s.d.j.r.q.QueryEnhancerFactories --- Hibernate is in classpath; If applicable, HQL parser will be used.
2026-09-21 02:10:09 WARN  o.s.b.j.a.JpaBaseConfiguration$JpaWebConfiguration --- spring.jpa.open-in-view is enabled by default. Therefore, database queries may be performed during view rendering. Explicitly configure spring.jpa.open-in-view to disable this warning
2026-09-21 02:10:09 DEBUG c.t.f.s.f.JwtAuthFilter --- Filter 'jwtAuthFilter' configured for use
2026-09-21 02:10:09 INFO  o.s.s.c.a.a.c.InitializeUserDetailsBeanManagerConfigurer$InitializeUserDetailsManagerConfigurer --- Global AuthenticationManager configured with UserDetailsService bean with name userService
2026-09-21 02:10:09 INFO  o.a.c.h.Http11NioProtocol --- Starting ProtocolHandler ["http-nio-8080"]
2026-09-21 02:10:09 INFO  o.s.b.t.TomcatWebServer --- Tomcat started on port 8080 (http) with context path '/'
2026-09-21 02:10:09 INFO  c.t.f.FinsightApplication --- Started FinsightApplication in 4.451 seconds (process running for 4.923)
2026-09-21 02:11:26 INFO  o.a.c.c.C.[.[.[/] --- Initializing Spring DispatcherServlet 'dispatcherServlet'
2026-09-21 02:11:26 INFO  o.s.w.s.DispatcherServlet --- Initializing Servlet 'dispatcherServlet'
2026-09-21 02:11:26 INFO  o.s.w.s.DispatcherServlet --- Completed initialization in 1 ms
2026-09-21 02:11:27 WARN  o.s.w.s.m.m.a.ExceptionHandlerExceptionResolver --- Resolved [io.jsonwebtoken.ExpiredJwtException: JWT expired 105551083 milliseconds ago at 2026-09-19T15:22:16.000Z. Current time: 2026-09-20T20:41:27.083Z. Allowed clock skew: 0 milliseconds.]
2026-09-21 02:11:33 INFO  c.t.f.s.s.AuthService --- Login Success
2026-09-21 02:11:47 INFO  c.t.f.t.TransactionService --- Trying to create a new transaction with categoryId 1
2026-09-21 02:11:47 INFO  c.t.f.t.TransactionService --- New transaction created. TransactionId: null
2026-09-21 02:47:01 INFO  o.s.b.t.GracefulShutdown --- Commencing graceful shutdown. Waiting for active requests to complete
2026-09-21 02:47:01 INFO  o.s.b.t.GracefulShutdown --- Graceful shutdown complete
2026-09-21 02:47:01 INFO  o.s.o.j.LocalContainerEntityManagerFactoryBean --- Closing JPA EntityManagerFactory for persistence unit 'default'
2026-09-21 02:47:01 INFO  c.z.h.HikariDataSource --- HikariPool-1 - Shutdown initiated...
2026-09-21 02:47:01 INFO  c.z.h.HikariDataSource --- HikariPool-1 - Shutdown completed.
2026-09-21 02:47:06 INFO  o.h.v.i.u.Version --- HV000001: Hibernate Validator 9.1.3.Final
2026-09-21 02:47:06 INFO  c.t.f.FinsightApplication --- Starting FinsightApplication using Java 21.0.12.1 with PID 27111 (/home/abdul-rahman/Project/finsight/target/classes started by abdul-rahman in /home/abdul-rahman/Project/finsight)
2026-09-21 02:47:06 DEBUG c.t.f.FinsightApplication --- Running with Spring Boot v4.1.1, Spring v7.0.9
2026-09-21 02:47:06 INFO  c.t.f.FinsightApplication --- No active profile set, falling back to 1 default profile: "default"
2026-09-21 02:47:06 INFO  o.s.b.d.e.DevToolsPropertyDefaultsPostProcessor --- Devtools property defaults active! Set 'spring.devtools.add-properties' to 'false' to disable
2026-09-21 02:47:06 INFO  o.s.b.d.e.DevToolsPropertyDefaultsPostProcessor --- For additional web related logging consider setting the 'logging.level.web' property to 'DEBUG'
2026-09-21 02:47:06 INFO  o.s.d.r.c.RepositoryConfigurationDelegate --- Bootstrapping Spring Data JPA repositories in DEFAULT mode.
2026-09-21 02:47:06 INFO  o.s.d.r.c.RepositoryConfigurationDelegate --- Finished Spring Data repository scanning in 34 ms. Found 5 JPA repository interfaces.
2026-09-21 02:47:07 INFO  o.s.b.t.TomcatWebServer --- Tomcat initialized with port 8080 (http)
2026-09-21 02:47:07 INFO  o.a.c.h.Http11NioProtocol --- Initializing ProtocolHandler ["http-nio-8080"]
2026-09-21 02:47:07 INFO  o.a.c.c.StandardService --- Starting service [Tomcat]
2026-09-21 02:47:07 INFO  o.a.c.c.StandardEngine --- Starting Servlet engine: [Apache Tomcat/11.0.24]
2026-09-21 02:47:07 INFO  o.s.b.w.c.s.WebApplicationContextInitializer --- Root WebApplicationContext: initialization completed in 1081 ms
2026-09-21 02:47:07 INFO  o.h.o.jpa --- HHH008540: Processing PersistenceUnitInfo [name: default]
2026-09-21 02:47:07 INFO  o.h.o.core --- HHH000001: Hibernate ORM core version 7.4.5.Final
2026-09-21 02:47:07 INFO  o.s.o.j.p.SpringPersistenceUnitInfo --- No LoadTimeWeaver setup: ignoring JPA class transformer
2026-09-21 02:47:07 INFO  c.z.h.HikariDataSource --- HikariPool-1 - Starting...
2026-09-21 02:47:08 INFO  c.z.h.p.HikariPool --- HikariPool-1 - Added connection org.postgresql.jdbc.PgConnection@22e5fad2
2026-09-21 02:47:08 INFO  c.z.h.HikariDataSource --- HikariPool-1 - Start completed.
2026-09-21 02:47:08 INFO  o.h.o.c.pooling --- HHH10001005: Database info:
	Database JDBC URL [jdbc:postgresql://localhost:5432/finsight]
	Database driver: PostgreSQL JDBC Driver
	Database dialect: PostgreSQLDialect
	Database version: 18.6
	Default catalog/schema: finsight/public
	Autocommit mode: undefined/unknown
	Isolation level: READ_COMMITTED [default READ_COMMITTED]
	JDBC fetch size: none
	Pool: DataSourceConnectionProvider
	Minimum pool size: undefined/unknown
	Maximum pool size: undefined/unknown
2026-09-21 02:47:08 INFO  o.h.o.core --- HHH000489: No JTA platform available (set 'hibernate.transaction.jta.platform' to enable JTA platform integration)
2026-09-21 02:47:08 INFO  o.s.o.j.LocalContainerEntityManagerFactoryBean --- Initialized JPA EntityManagerFactory for persistence unit 'default'
2026-09-21 02:47:08 INFO  o.s.d.j.r.q.QueryEnhancerFactories --- Hibernate is in classpath; If applicable, HQL parser will be used.
2026-09-21 02:47:09 WARN  o.s.b.j.a.JpaBaseConfiguration$JpaWebConfiguration --- spring.jpa.open-in-view is enabled by default. Therefore, database queries may be performed during view rendering. Explicitly configure spring.jpa.open-in-view to disable this warning
2026-09-21 02:47:09 DEBUG c.t.f.s.f.JwtAuthFilter --- Filter 'jwtAuthFilter' configured for use
2026-09-21 02:47:09 INFO  o.s.s.c.a.a.c.InitializeUserDetailsBeanManagerConfigurer$InitializeUserDetailsManagerConfigurer --- Global AuthenticationManager configured with UserDetailsService bean with name userService
2026-09-21 02:47:09 INFO  o.a.c.h.Http11NioProtocol --- Starting ProtocolHandler ["http-nio-8080"]
2026-09-21 02:47:09 INFO  o.s.b.t.TomcatWebServer --- Tomcat started on port 8080 (http) with context path '/'
2026-09-21 02:47:09 INFO  c.t.f.FinsightApplication --- Started FinsightApplication in 4.024 seconds (process running for 4.433)
2026-09-21 02:48:36 INFO  o.a.c.c.C.[.[.[/] --- Initializing Spring DispatcherServlet 'dispatcherServlet'
2026-09-21 02:48:36 INFO  o.s.w.s.DispatcherServlet --- Initializing Servlet 'dispatcherServlet'
2026-09-21 02:48:36 INFO  o.s.w.s.DispatcherServlet --- Completed initialization in 2 ms
2026-09-21 02:48:36 INFO  c.t.f.s.s.AuthService --- Login Success
2026-09-21 02:48:55 INFO  c.t.f.c.CategoryService --- Trying to delete category with id: 1
2026-09-21 02:48:55 WARN  o.s.w.s.m.m.a.ExceptionHandlerExceptionResolver --- Resolved [org.springframework.dao.InvalidDataAccessApiUsageException: No EntityManager with actual transaction available for current thread - cannot reliably process 'remove' call]
2026-09-21 02:49:13 INFO  c.t.f.c.CategoryService --- Trying to delete category with id: 3
2026-09-21 02:49:13 WARN  o.s.w.s.m.m.a.ExceptionHandlerExceptionResolver --- Resolved [org.springframework.dao.InvalidDataAccessApiUsageException: No EntityManager with actual transaction available for current thread - cannot reliably process 'remove' call]
2026-09-21 02:51:47 INFO  o.s.b.t.GracefulShutdown --- Commencing graceful shutdown. Waiting for active requests to complete
2026-09-21 02:51:47 INFO  o.s.b.t.GracefulShutdown --- Graceful shutdown complete
2026-09-21 02:51:47 INFO  o.s.o.j.LocalContainerEntityManagerFactoryBean --- Closing JPA EntityManagerFactory for persistence unit 'default'
2026-09-21 02:51:47 INFO  c.z.h.HikariDataSource --- HikariPool-1 - Shutdown initiated...
2026-09-21 02:51:47 INFO  c.z.h.HikariDataSource --- HikariPool-1 - Shutdown completed.
2026-09-21 02:51:50 INFO  o.h.v.i.u.Version --- HV000001: Hibernate Validator 9.1.3.Final
2026-09-21 02:51:50 INFO  c.t.f.FinsightApplication --- Starting FinsightApplication using Java 21.0.12.1 with PID 27831 (/home/abdul-rahman/Project/finsight/target/classes started by abdul-rahman in /home/abdul-rahman/Project/finsight)
2026-09-21 02:51:50 DEBUG c.t.f.FinsightApplication --- Running with Spring Boot v4.1.1, Spring v7.0.9
2026-09-21 02:51:50 INFO  c.t.f.FinsightApplication --- No active profile set, falling back to 1 default profile: "default"
2026-09-21 02:51:50 INFO  o.s.b.d.e.DevToolsPropertyDefaultsPostProcessor --- Devtools property defaults active! Set 'spring.devtools.add-properties' to 'false' to disable
2026-09-21 02:51:50 INFO  o.s.b.d.e.DevToolsPropertyDefaultsPostProcessor --- For additional web related logging consider setting the 'logging.level.web' property to 'DEBUG'
2026-09-21 02:51:51 INFO  o.s.d.r.c.RepositoryConfigurationDelegate --- Bootstrapping Spring Data JPA repositories in DEFAULT mode.
2026-09-21 02:51:51 INFO  o.s.d.r.c.RepositoryConfigurationDelegate --- Finished Spring Data repository scanning in 36 ms. Found 5 JPA repository interfaces.
2026-09-21 02:51:51 INFO  o.s.b.t.TomcatWebServer --- Tomcat initialized with port 8080 (http)
2026-09-21 02:51:51 INFO  o.a.c.h.Http11NioProtocol --- Initializing ProtocolHandler ["http-nio-8080"]
2026-09-21 02:51:51 INFO  o.a.c.c.StandardService --- Starting service [Tomcat]
2026-09-21 02:51:51 INFO  o.a.c.c.StandardEngine --- Starting Servlet engine: [Apache Tomcat/11.0.24]
2026-09-21 02:51:51 INFO  o.s.b.w.c.s.WebApplicationContextInitializer --- Root WebApplicationContext: initialization completed in 946 ms
2026-09-21 02:51:51 INFO  o.h.o.jpa --- HHH008540: Processing PersistenceUnitInfo [name: default]
2026-09-21 02:51:51 INFO  o.h.o.core --- HHH000001: Hibernate ORM core version 7.4.5.Final
2026-09-21 02:51:51 INFO  o.s.o.j.p.SpringPersistenceUnitInfo --- No LoadTimeWeaver setup: ignoring JPA class transformer
2026-09-21 02:51:52 INFO  c.z.h.HikariDataSource --- HikariPool-1 - Starting...
2026-09-21 02:51:52 INFO  c.z.h.p.HikariPool --- HikariPool-1 - Added connection org.postgresql.jdbc.PgConnection@64bfce6d
2026-09-21 02:51:52 INFO  c.z.h.HikariDataSource --- HikariPool-1 - Start completed.
2026-09-21 02:51:52 INFO  o.h.o.c.pooling --- HHH10001005: Database info:
	Database JDBC URL [jdbc:postgresql://localhost:5432/finsight]
	Database driver: PostgreSQL JDBC Driver
	Database dialect: PostgreSQLDialect
	Database version: 18.6
	Default catalog/schema: finsight/public
	Autocommit mode: undefined/unknown
	Isolation level: READ_COMMITTED [default READ_COMMITTED]
	JDBC fetch size: none
	Pool: DataSourceConnectionProvider
	Minimum pool size: undefined/unknown
	Maximum pool size: undefined/unknown
2026-09-21 02:51:53 INFO  o.h.o.core --- HHH000489: No JTA platform available (set 'hibernate.transaction.jta.platform' to enable JTA platform integration)
2026-09-21 02:51:53 INFO  o.s.o.j.LocalContainerEntityManagerFactoryBean --- Initialized JPA EntityManagerFactory for persistence unit 'default'
2026-09-21 02:51:53 INFO  o.s.d.j.r.q.QueryEnhancerFactories --- Hibernate is in classpath; If applicable, HQL parser will be used.
2026-09-21 02:51:53 WARN  o.s.b.j.a.JpaBaseConfiguration$JpaWebConfiguration --- spring.jpa.open-in-view is enabled by default. Therefore, database queries may be performed during view rendering. Explicitly configure spring.jpa.open-in-view to disable this warning
2026-09-21 02:51:53 DEBUG c.t.f.s.f.JwtAuthFilter --- Filter 'jwtAuthFilter' configured for use
2026-09-21 02:51:53 INFO  o.s.s.c.a.a.c.InitializeUserDetailsBeanManagerConfigurer$InitializeUserDetailsManagerConfigurer --- Global AuthenticationManager configured with UserDetailsService bean with name userService
2026-09-21 02:51:53 INFO  o.a.c.h.Http11NioProtocol --- Starting ProtocolHandler ["http-nio-8080"]
2026-09-21 02:51:53 INFO  o.s.b.t.TomcatWebServer --- Tomcat started on port 8080 (http) with context path '/'
2026-09-21 02:51:53 INFO  c.t.f.FinsightApplication --- Started FinsightApplication in 3.654 seconds (process running for 4.024)
2026-09-21 02:51:59 INFO  o.a.c.c.C.[.[.[/] --- Initializing Spring DispatcherServlet 'dispatcherServlet'
2026-09-21 02:51:59 INFO  o.s.w.s.DispatcherServlet --- Initializing Servlet 'dispatcherServlet'
2026-09-21 02:51:59 INFO  o.s.w.s.DispatcherServlet --- Completed initialization in 2 ms
2026-09-21 02:51:59 INFO  c.t.f.c.CategoryService --- Trying to delete category with id: 3
2026-09-21 02:59:29 INFO  o.s.b.t.GracefulShutdown --- Commencing graceful shutdown. Waiting for active requests to complete
2026-09-21 02:59:29 INFO  o.s.b.t.GracefulShutdown --- Graceful shutdown complete
2026-09-21 02:59:29 INFO  o.s.o.j.LocalContainerEntityManagerFactoryBean --- Closing JPA EntityManagerFactory for persistence unit 'default'
2026-09-21 02:59:29 INFO  c.z.h.HikariDataSource --- HikariPool-1 - Shutdown initiated...
2026-09-21 02:59:29 INFO  c.z.h.HikariDataSource --- HikariPool-1 - Shutdown completed.
